Component: ARM Compiler 5.06 update 6 (build 750) Tool: armlink [4d35ed]

==============================================================================

Section Cross References

    startup_stm32f091xc.o(RESET) refers to startup_stm32f091xc.o(STACK) for __initial_sp
    startup_stm32f091xc.o(RESET) refers to startup_stm32f091xc.o(.text) for Reset_Handler
    startup_stm32f091xc.o(RESET) refers to stm32f0xx_it.o(i.NMI_Handler) for NMI_Handler
    startup_stm32f091xc.o(RESET) refers to stm32f0xx_it.o(i.HardFault_Handler) for HardFault_Handler
    startup_stm32f091xc.o(RESET) refers to port.o(i.SVC_Handler) for SVC_Handler
    startup_stm32f091xc.o(RESET) refers to port.o(.emb_text) for PendSV_Handler
    startup_stm32f091xc.o(RESET) refers to port.o(i.SysTick_Handler) for SysTick_Handler
    startup_stm32f091xc.o(RESET) refers to stm32f0xx_it.o(i.EXTI4_15_IRQHandler) for EXTI4_15_IRQHandler
    startup_stm32f091xc.o(RESET) refers to stm32f0xx_it.o(i.DMA1_Ch2_3_DMA2_Ch1_2_IRQHandler) for DMA1_Ch2_3_DMA2_Ch1_2_IRQHandler
    startup_stm32f091xc.o(RESET) refers to stm32f0xx_it.o(i.TIM1_BRK_UP_TRG_COM_IRQHandler) for TIM1_BRK_UP_TRG_COM_IRQHandler
    startup_stm32f091xc.o(RESET) refers to stm32f0xx_it.o(i.USART2_IRQHandler) for USART2_IRQHandler
    startup_stm32f091xc.o(RESET) refers to stm32f0xx_it.o(i.USART3_8_IRQHandler) for USART3_8_IRQHandler
    startup_stm32f091xc.o(.text) refers to system_stm32f0xx.o(i.SystemInit) for SystemInit
    startup_stm32f091xc.o(.text) refers to entry.o(.ARM.Collect$$$$00000000) for __main
    port.o(.emb_text) refers to tasks.o(.data) for pxCurrentTCB
    port.o(.emb_text) refers to tasks.o(i.vTaskSwitchContext) for vTaskSwitchContext
    port.o(i.SysTick_Handler) refers to port.o(.emb_text) for ulSetInterruptMaskFromISR
    port.o(i.SysTick_Handler) refers to tasks.o(i.xTaskIncrementTick) for xTaskIncrementTick
    port.o(i.prvTaskExitError) refers to port.o(.data) for .data
    port.o(i.pxPortInitialiseStack) refers to port.o(i.prvTaskExitError) for prvTaskExitError
    port.o(i.vPortEndScheduler) refers to port.o(.data) for .data
    port.o(i.vPortEnterCritical) refers to port.o(.data) for .data
    port.o(i.vPortExitCritical) refers to port.o(.data) for .data
    port.o(i.vPortSetupTimerInterrupt) refers to uidiv.o(.text) for __aeabi_uidivmod
    port.o(i.vPortSetupTimerInterrupt) refers to system_stm32f0xx.o(.data) for SystemCoreClock
    port.o(i.xPortStartScheduler) refers to port.o(i.vPortSetupTimerInterrupt) for vPortSetupTimerInterrupt
    port.o(i.xPortStartScheduler) refers to port.o(.emb_text) for __asm___6_port_c_39a90d8d__prvPortStartFirstTask
    port.o(i.xPortStartScheduler) refers to port.o(.data) for .data
    tasks.o(i.pcTaskGetName) refers to tasks.o(.data) for .data
    tasks.o(i.prvAddCurrentTaskToDelayedList) refers to list.o(i.uxListRemove) for uxListRemove
    tasks.o(i.prvAddCurrentTaskToDelayedList) refers to list.o(i.vListInsertEnd) for vListInsertEnd
    tasks.o(i.prvAddCurrentTaskToDelayedList) refers to list.o(i.vListInsert) for vListInsert
    tasks.o(i.prvAddCurrentTaskToDelayedList) refers to tasks.o(.data) for .data
    tasks.o(i.prvAddCurrentTaskToDelayedList) refers to tasks.o(.bss) for .bss
    tasks.o(i.prvAddNewTaskToReadyList) refers to port.o(i.vPortEnterCritical) for vPortEnterCritical
    tasks.o(i.prvAddNewTaskToReadyList) refers to list.o(i.vListInitialise) for vListInitialise
    tasks.o(i.prvAddNewTaskToReadyList) refers to list.o(i.vListInsertEnd) for vListInsertEnd
    tasks.o(i.prvAddNewTaskToReadyList) refers to port.o(i.vPortExitCritical) for vPortExitCritical
    tasks.o(i.prvAddNewTaskToReadyList) refers to port.o(i.vPortYield) for vPortYield
    tasks.o(i.prvAddNewTaskToReadyList) refers to tasks.o(.data) for .data
    tasks.o(i.prvAddNewTaskToReadyList) refers to tasks.o(.bss) for .bss
    tasks.o(i.prvCheckTasksWaitingTermination) refers to tasks.o(i.vTaskSuspendAll) for vTaskSuspendAll
    tasks.o(i.prvCheckTasksWaitingTermination) refers to tasks.o(i.xTaskResumeAll) for xTaskResumeAll
    tasks.o(i.prvCheckTasksWaitingTermination) refers to port.o(i.vPortEnterCritical) for vPortEnterCritical
    tasks.o(i.prvCheckTasksWaitingTermination) refers to list.o(i.uxListRemove) for uxListRemove
    tasks.o(i.prvCheckTasksWaitingTermination) refers to port.o(i.vPortExitCritical) for vPortExitCritical
    tasks.o(i.prvCheckTasksWaitingTermination) refers to tasks.o(i.prvDeleteTCB) for prvDeleteTCB
    tasks.o(i.prvCheckTasksWaitingTermination) refers to tasks.o(.bss) for .bss
    tasks.o(i.prvCheckTasksWaitingTermination) refers to tasks.o(.data) for .data
    tasks.o(i.prvDeleteTCB) refers to heap_4.o(i.vPortFree) for vPortFree
    tasks.o(i.prvIdleTask) refers to tasks.o(i.prvCheckTasksWaitingTermination) for prvCheckTasksWaitingTermination
    tasks.o(i.prvIdleTask) refers to port.o(i.vPortYield) for vPortYield
    tasks.o(i.prvIdleTask) refers to tasks.o(.bss) for .bss
[...]
    .text                                    0x080001d6   Section        0  memseta.o(.text)
    .text                                    0x080001fa   Section        0  strstr.o(.text)
    .text                                    0x08000224   Section        0  strtol.o(.text)
    .text                                    0x08000294   Section        0  atoi.o(.text)
    .text                                    0x080002ae   Section        0  atol.o(.text)
    .text                                    0x080002c8   Section        0  f2d.o(.text)
    .text                                    0x080002f0   Section        0  d2f.o(.text)
    .text                                    0x08000328   Section       20  cfcmple.o(.text)
    .text                                    0x0800033c   Section       20  cfrcmple.o(.text)
    .text                                    0x08000350   Section        0  uldiv.o(.text)
    .text                                    0x080003b0   Section        0  ctype_o.o(.text)
    .text                                    0x080003b8   Section        0  isspace_o.o(.text)
    .text                                    0x080003ca   Section        0  _strtoul.o(.text)
    .text                                    0x08000470   Section        0  strtod.o(.text)
    _local_sscanf                            0x08000471   Thumb Code    54  strtod.o(.text)
    .text                                    0x08000514   Section        0  fepilogue.o(.text)
    .text                                    0x08000514   Section        0  iusefp.o(.text)
    .text                                    0x08000598   Section        0  dadd.o(.text)
    .text                                    0x080006fc   Section        0  dmul.o(.text)
    .text                                    0x080007cc   Section        0  ddiv.o(.text)
    .text                                    0x080008bc   Section        0  dfixul.o(.text)
    .text                                    0x080008fc   Section       40  cdrcmple.o(.text)
    .text                                    0x08000924   Section       36  init.o(.text)
    .text                                    0x08000948   Section        0  llshl.o(.text)
    .text                                    0x08000968   Section        0  llsshr.o(.text)
    .text                                    0x0800098e   Section        0  _chval.o(.text)
    .text                                    0x080009ac   Section        0  scanf_fp.o(.text)
    _fp_value                                0x080009ad   Thumb Code   286  scanf_fp.o(.text)
    .text                                    0x08000d20   Section        0  _sgetc.o(.text)
    .text                                    0x08000d64   Section        0  depilogue.o(.text)
    .text                                    0x08000e22   Section        0  llmul.o(.text)
    .text                                    0x08000e9c   Section        0  dfltul.o(.text)
    i.BlueLedTaskFun                         0x08000eb8   Section        0  main.o(i.BlueLedTaskFun)
    i.CliTaskFun                             0x08000ed4   Section        0  main.o(i.CliTaskFun)
    i.DMA1_Ch2_3_DMA2_Ch1_2_IRQHandler       0x08000edc   Section        0  stm32f0xx_it.o(i.DMA1_Ch2_3_DMA2_Ch1_2_IRQHandler)
    i.DMA_CalcBaseAndBitshift                0x08000eec   Section        0  stm32f0xx_hal_dma.o(i.DMA_CalcBaseAndBitshift)
    DMA_CalcBaseAndBitshift                  0x08000eed   Thumb Code    54  stm32f0xx_hal_dma.o(i.DMA_CalcBaseAndBitshift)
    i.EXTI4_15_IRQHandler                    0x08000f30   Section        0  stm32f0xx_it.o(i.EXTI4_15_IRQHandler)
    i.Error_Handler                          0x08000f4c   Section        0  main.o(i.Error_Handler)
    i.GPSTaskFun                             0x08000f50   Section        0  main.o(i.GPSTaskFun)
    i.GPS_CalculateNMEAExpected              0x08001038   Section        0  gps.o(i.GPS_CalculateNMEAExpected)
    i.GPS_GetDesiredFields                   0x08001068   Section        0  gps.o(i.GPS_GetDesiredFields)
    i.GPS_Init                               0x08001260   Section        0  gps.o(i.GPS_Init)
    i.GPS_InitializeParametersValidation     0x08001274   Section        0  gps.o(i.GPS_InitializeParametersValidation)
    i.GPS_NmeaChecksumVerify                 0x080012f4   Section        0  gps.o(i.GPS_NmeaChecksumVerify)
    i.GPS_PrintGpsData                       0x08001334   Section        0  gps.o(i.GPS_PrintGpsData)
    i.GPS_ProcessNMEA                        0x080013f8   Section        0  gps.o(i.GPS_ProcessNMEA)
    i.GPS_StoreNMEAData                      0x080014b0   Section        0  gps.o(i.GPS_StoreNMEAData)
    i.GPS_StoreNMEADate                      0x08001598   Section        0  gps.o(i.GPS_StoreNMEADate)
    i.GPS_StoreNMEAFixQualityStatus          0x080015dc   Section        0  gps.o(i.GPS_StoreNMEAFixQualityStatus)
    i.GPS_StoreNMEAHDop                      0x08001640   Section        0  gps.o(i.GPS_StoreNMEAHDop)
    i.GPS_StoreNMEAHeight                    0x080016a8   Section        0  gps.o(i.GPS_StoreNMEAHeight)
    i.GPS_StoreNMEALatitude                  0x08001710   Section        0  gps.o(i.GPS_StoreNMEALatitude)
    i.GPS_StoreNMEALatitudeSign              0x08001778   Section        0  gps.o(i.GPS_StoreNMEALatitudeSign)
    i.GPS_StoreNMEALongitude                 0x080017b0   Section        0  gps.o(i.GPS_StoreNMEALongitude)
    i.GPS_StoreNMEALongitudeSign             0x08001818   Section        0  gps.o(i.GPS_StoreNMEALongitudeSign)
    i.GPS_StoreNMEAMagCourse                 0x08001850   Section        0  gps.o(i.GPS_StoreNMEAMagCourse)
    i.GPS_StoreNMEASatelitesNumber           0x080018b8   Section        0  gps.o(i.GPS_StoreNMEASatelitesNumber)
    i.GPS_StoreNMEASpeedKmh                  0x0800191c   Section        0  gps.o(i.GPS_StoreNMEASpeedKmh)
    i.GPS_StoreNMEASpeedKnot                 0x08001984   Section        0  gps.o(i.GPS_StoreNMEASpeedKnot)
    i.GPS_StoreNMEAStatus                    0x080019ec   Section        0  gps.o(i.GPS_StoreNMEAStatus)
    i.GPS_StoreNMEATime                      0x08001a24   Section        0  gps.o(i.GPS_StoreNMEATime)
    i.GPS_StoreNMEATrueCourse                0x08001b04   Section        0  gps.o(i.GPS_StoreNMEATrueCourse)
    i.GPS_TotalSecondsFromDateTimeGPS        0x08001b6c   Section        0  gps.o(i.GPS_TotalSecondsFromDateTimeGPS)
    i.GPS_ValidationNMEAData                 0x08001be8   Section        0  gps.o(i.GPS_ValidationNMEAData)
    i.GreenLedTaskFun                        0x08001cc8   Section        0  main.o(i.GreenLedTaskFun)
    i.HAL_DMA_Abort_IT                       0x08001ce4   Section        0  stm32f0xx_hal_dma.o(i.HAL_DMA_Abort_IT)
    i.HAL_DMA_IRQHandler                     0x08001d2c   Section        0  stm32f0xx_hal_dma.o(i.HAL_DMA_IRQHandler)
    i.HAL_DMA_Init                           0x08001dc8   Section        0  stm32f0xx_hal_dma.o(i.HAL_DMA_Init)
    i.HAL_GPIO_EXTI_Callback                 0x08001e20   Section        0  stm32f0xx_hal_gpio.o(i.HAL_GPIO_EXTI_Callback)
    i.HAL_GPIO_EXTI_IRQHandler               0x08001e24   Section        0  stm32f0xx_hal_gpio.o(i.HAL_GPIO_EXTI_IRQHandler)
    i.HAL_GPIO_Init                          0x08001e3c   Section        0  stm32f0xx_hal_gpio.o(i.HAL_GPIO_Init)
    i.HAL_GPIO_TogglePin                     0x08001f94   Section        0  stm32f0xx_hal_gpio.o(i.HAL_GPIO_TogglePin)
    i.HAL_GPIO_WritePin                      0x08001f9c   Section        0  stm32f0xx_hal_gpio.o(i.HAL_GPIO_WritePin)
    i.HAL_GetTick                            0x08001fa8   Section        0  stm32f0xx_hal.o(i.HAL_GetTick)
    i.HAL_IncTick                            0x08001fb4   Section        0  stm32f0xx_hal.o(i.HAL_IncTick)
    i.HAL_Init                               0x08001fc4   Section        0  stm32f0xx_hal.o(i.HAL_Init)
    i.HAL_InitTick                           0x08001fe4   Section        0  stm32f0xx_hal_timebase_tim.o(i.HAL_InitTick)
    i.HAL_MspInit                            0x0800205c   Section        0  stm32f0xx_hal_msp.o(i.HAL_MspInit)
    i.HAL_NVIC_EnableIRQ                     0x0800208c   Section        0  stm32f0xx_hal_cortex.o(i.HAL_NVIC_EnableIRQ)
    i.HAL_NVIC_SetPriority                   0x080020a0   Section        0  stm32f0xx_hal_cortex.o(i.HAL_NVIC_SetPriority)
    i.HAL_RCCEx_PeriphCLKConfig              0x080020a8   Section        0  stm32f0xx_hal_rcc_ex.o(i.HAL_RCCEx_PeriphCLKConfig)
    i.HAL_RCC_ClockConfig                    0x080021c8   Section        0  stm32f0xx_hal_rcc.o(i.HAL_RCC_ClockConfig)
    i.HAL_RCC_GetClockConfig                 0x0800231c   Section        0  stm32f0xx_hal_rcc.o(i.HAL_RCC_GetClockConfig)
    i.HAL_RCC_GetPCLK1Freq                   0x08002354   Section        0  stm32f0xx_hal_rcc.o(i.HAL_RCC_GetPCLK1Freq)
    i.HAL_RCC_GetSysClockFreq                0x08002374   Section        0  stm32f0xx_hal_rcc.o(i.HAL_RCC_GetSysClockFreq)
    i.HAL_RCC_OscConfig                      0x080023fc   Section        0  stm32f0xx_hal_rcc.o(i.HAL_RCC_OscConfig)
    i.HAL_TIMEx_BreakCallback                0x080027d4   Section        0  stm32f0xx_hal_tim_ex.o(i.HAL_TIMEx_BreakCallback)
    i.HAL_TIMEx_CommutationCallback          0x080027d6   Section        0  stm32f0xx_hal_tim_ex.o(i.HAL_TIMEx_CommutationCallback)
    i.HAL_TIM_Base_Init                      0x080027d8   Section        0  stm32f0xx_hal_tim.o(i.HAL_TIM_Base_Init)
    i.HAL_TIM_Base_MspInit                   0x0800280c   Section        0  stm32f0xx_hal_tim.o(i.HAL_TIM_Base_MspInit)
    i.HAL_TIM_Base_Start_IT                  0x0800280e   Section        0  stm32f0xx_hal_tim.o(i.HAL_TIM_Base_Start_IT)
    i.HAL_TIM_IC_CaptureCallback             0x08002824   Section        0  stm32f0xx_hal_tim.o(i.HAL_TIM_IC_CaptureCallback)
    i.HAL_TIM_IRQHandler                     0x08002826   Section        0  stm32f0xx_hal_tim.o(i.HAL_TIM_IRQHandler)
    i.HAL_TIM_OC_DelayElapsedCallback        0x08002988   Section        0  stm32f0xx_hal_tim.o(i.HAL_TIM_OC_DelayElapsedCallback)
    i.HAL_TIM_PWM_PulseFinishedCallback      0x0800298a   Section        0  stm32f0xx_hal_tim.o(i.HAL_TIM_PWM_PulseFinishedCallback)
    i.HAL_TIM_PeriodElapsedCallback          0x0800298c   Section        0  main.o(i.HAL_TIM_PeriodElapsedCallback)
    i.HAL_TIM_TriggerCallback                0x080029a0   Section        0  stm32f0xx_hal_tim.o(i.HAL_TIM_TriggerCallback)
    i.HAL_UARTEx_WakeupCallback              0x080029a2   Section        0  stm32f0xx_hal_uart_ex.o(i.HAL_UARTEx_WakeupCallback)
    i.HAL_UART_ErrorCallback                 0x080029a4   Section        0  stm32f0xx_hal_uart.o(i.HAL_UART_ErrorCallback)
    i.HAL_UART_IRQHandler                    0x080029a8   Section        0  stm32f0xx_hal_uart.o(i.HAL_UART_IRQHandler)
    i.HAL_UART_Init                          0x08002adc   Section        0  stm32f0xx_hal_uart.o(i.HAL_UART_Init)
    i.HAL_UART_MspInit                       0x08002b48   Section        0  stm32f0xx_hal_msp.o(i.HAL_UART_MspInit)
    i.HAL_UART_Receive_IT                    0x08002c80   Section        0  stm32f0xx_hal_uart.o(i.HAL_UART_Receive_IT)
    i.HAL_UART_RxCpltCallback                0x08002d20   Section        0  interfaces.o(i.HAL_UART_RxCpltCallback)
    i.HAL_UART_Transmit_IT                   0x08002ebc   Section        0  stm32f0xx_hal_uart.o(i.HAL_UART_Transmit_IT)
    i.HAL_UART_TxCpltCallback                0x08002f14   Section        0  stm32f0xx_hal_uart.o(i.HAL_UART_TxCpltCallback)
    i.HardFault_Handler                      0x08002f16   Section        0  stm32f0xx_it.o(i.HardFault_Handler)
    i.InterfacesSendDataGPS                  0x08002f18   Section        0  interfaces.o(i.InterfacesSendDataGPS)
    i.Interfaces_SelectUartUARTGPSData       0x08002f34   Section        0  interfaces.o(i.Interfaces_SelectUartUARTGPSData)
    i.MX_GPIO_Init                           0x08002f78   Section        0  main.o(i.MX_GPIO_Init)
    MX_GPIO_Init                             0x08002f79   Thumb Code   162  main.o(i.MX_GPIO_Init)
    i.MX_USART2_UART_Init                    0x08003030   Section        0  main.o(i.MX_USART2_UART_Init)
    MX_USART2_UART_Init                      0x08003031   Thumb Code    46  main.o(i.MX_USART2_UART_Init)
    i.MX_USART4_UART_Init                    0x08003068   Section        0  main.o(i.MX_USART4_UART_Init)
    MX_USART4_UART_Init                      0x08003069   Thumb Code    46  main.o(i.MX_USART4_UART_Init)
    i.MX_USART6_UART_Init                    0x080030a0   Section        0  main.o(i.MX_USART6_UART_Init)
    MX_USART6_UART_Init                      0x080030a1   Thumb Code    46  main.o(i.MX_USART6_UART_Init)
    i.MiscFunctions_DecodASCIIDecimalToHexa  0x080030d8   Section        0  miscfunctions.o(i.MiscFunctions_DecodASCIIDecimalToHexa)
    i.NMI_Handler                            0x080030e6   Section        0  stm32f0xx_it.o(i.NMI_Handler)
    i.NVIC_SetPriority                       0x080030e8   Section        0  stm32f0xx_hal_cortex.o(i.NVIC_SetPriority)
    NVIC_SetPriority                         0x080030e9   Thumb Code    60  stm32f0xx_hal_cortex.o(i.NVIC_SetPriority)
    i.RedLedTaskFun                          0x0800312c   Section        0  main.o(i.RedLedTaskFun)
    i.SVC_Handler                            0x08003144   Section        0  port.o(i.SVC_Handler)
    i.SysTick_Handler                        0x08003148   Section        0  port.o(i.SysTick_Handler)
    i.SystemClock_Config                     0x0800316c   Section        0  main.o(i.SystemClock_Config)
    i.SystemInit                             0x080031d0   Section        0  system_stm32f0xx.o(i.SystemInit)
    i.TIM1_BRK_UP_TRG_COM_IRQHandler         0x0800322c   Section        0  stm32f0xx_it.o(i.TIM1_BRK_UP_TRG_COM_IRQHandler)
    i.TIM_Base_SetConfig                     0x0800323c   Section        0  stm32f0xx_hal_tim.o(i.TIM_Base_SetConfig)
    i.TargetLedTaskFun                       0x080032d0   Section        0  main.o(i.TargetLedTaskFun)
    i.UART_AdvFeatureConfig                  0x080032e8   Section        0  stm32f0xx_hal_uart.o(i.UART_AdvFeatureConfig)
    i.UART_CheckIdleState                    0x080033b4   Section        0  stm32f0xx_hal_uart.o(i.UART_CheckIdleState)
    i.UART_DMAAbortOnError                   0x08003430   Section        0  stm32f0xx_hal_uart.o(i.UART_DMAAbortOnError)
    UART_DMAAbortOnError                     0x08003431   Thumb Code    20  stm32f0xx_hal_uart.o(i.UART_DMAAbortOnError)
    i.UART_EndRxTransfer                     0x08003444   Section        0  stm32f0xx_hal_uart.o(i.UART_EndRxTransfer)
    UART_EndRxTransfer                       0x08003445   Thumb Code    30  stm32f0xx_hal_uart.o(i.UART_EndRxTransfer)
    i.UART_EndTransmit_IT                    0x08003462   Section        0  stm32f0xx_hal_uart.o(i.UART_EndTransmit_IT)
    i.UART_Receive_IT                        0x0800347c   Section        0  stm32f0xx_hal_uart.o(i.UART_Receive_IT)
    i.UART_SetConfig                         0x080034f8   Section        0  stm32f0xx_hal_uart.o(i.UART_SetConfig)
    i.UART_Transmit_IT                       0x08003698   Section        0  stm32f0xx_hal_uart.o(i.UART_Transmit_IT)
    i.UART_WaitOnFlagUntilTimeout            0x080036fe   Section        0  stm32f0xx_hal_uart.o(i.UART_WaitOnFlagUntilTimeout)
    i.USART2_IRQHandler                      0x08003760   Section        0  stm32f0xx_it.o(i.USART2_IRQHandler)
    i.USART3_8_IRQHandler                    0x08003770   Section        0  stm32f0xx_it.o(i.USART3_8_IRQHandler)
    i.YellowLedTaskFun                       0x08003788   Section        0  main.o(i.YellowLedTaskFun)
    i.__0sprintf                             0x08003790   Section        0  printfa.o(i.__0sprintf)
    i.__ARM_clz                              0x080037b8   Section        0  depilogue.o(i.__ARM_clz)
    i.__ARM_common_switch8                   0x080037e6   Section        0  tasks.o(i.__ARM_common_switch8)
    i.__aeabi_errno_addr                     0x08003800   Section        0  errno.o(i.__aeabi_errno_addr)
    i.__read_errno                           0x08003808   Section        0  errno.o(i.__read_errno)
    i.__scatterload_copy                     0x08003814   Section       14  handlers.o(i.__scatterload_copy)
    i.__scatterload_null                     0x08003822   Section        2  handlers.o(i.__scatterload_null)
    i.__scatterload_zeroinit                 0x08003824   Section       14  handlers.o(i.__scatterload_zeroinit)
    i.__set_errno                            0x08003834   Section        0  errno.o(i.__set_errno)
    i._fp_digits                             0x08003840   Section        0  printfa.o(i._fp_digits)
    _fp_digits                               0x08003841   Thumb Code   344  printfa.o(i._fp_digits)
    i._is_digit                              0x080039b4   Section        0  scanf_fp.o(i._is_digit)
    i._printf_core                           0x080039c4   Section        0  printfa.o(i._printf_core)
    _printf_core                             0x080039c5   Thumb Code  1754  printfa.o(i._printf_core)
    i._printf_post_padding                   0x080040b0   Section        0  printfa.o(i._printf_post_padding)
    _printf_post_padding                     0x080040b1   Thumb Code    32  printfa.o(i._printf_post_padding)
    i._printf_pre_padding                    0x080040d0   Section        0  printfa.o(i._printf_pre_padding)
    _printf_pre_padding                      0x080040d1   Thumb Code    44  printfa.o(i._printf_pre_padding)
    i._sputc                                 0x080040fc   Section        0  printfa.o(i._sputc)
    _sputc                                   0x080040fd   Thumb Code    10  printfa.o(i._sputc)
    i.atof                                   0x08004106   Section        0  atof.o(i.atof)
    i.main                                   0x08004130   Section        0  main.o(i.main)
    i.makeFreeRtosPriority                   0x08004228   Section        0  cmsis_os.o(i.makeFreeRtosPriority)
    makeFreeRtosPriority                     0x08004229   Thumb Code    12  cmsis_os.o(i.makeFreeRtosPriority)
    i.osDelay                                0x08004234   Section        0  cmsis_os.o(i.osDelay)
    i.osKernelStart                          0x08004244   Section        0  cmsis_os.o(i.osKernelStart)
    i.osThreadCreate                         0x0800424e   Section        0  cmsis_os.o(i.osThreadCreate)
    i.prvAddCurrentTaskToDelayedList         0x0800427c   Section        0  tasks.o(i.prvAddCurrentTaskToDelayedList)
    prvAddCurrentTaskToDelayedList           0x0800427d   Thumb Code    78  tasks.o(i.prvAddCurrentTaskToDelayedList)
    i.prvAddNewTaskToReadyList               0x080042d4   Section        0  tasks.o(i.prvAddNewTaskToReadyList)
    prvAddNewTaskToReadyList                 0x080042d5   Thumb Code   176  tasks.o(i.prvAddNewTaskToReadyList)
    i.prvCheckTasksWaitingTermination        0x0800438c   Section        0  tasks.o(i.prvCheckTasksWaitingTermination)
    prvCheckTasksWaitingTermination          0x0800438d   Thumb Code    72  tasks.o(i.prvCheckTasksWaitingTermination)
    i.prvDeleteTCB                           0x080043dc   Section        0  tasks.o(i.prvDeleteTCB)
    prvDeleteTCB                             0x080043dd   Thumb Code    18  tasks.o(i.prvDeleteTCB)
    i.prvHeapInit                            0x080043f0   Section        0  heap_4.o(i.prvHeapInit)
    prvHeapInit                              0x080043f1   Thumb Code    60  heap_4.o(i.prvHeapInit)
    i.prvIdleTask                            0x08004434   Section        0  tasks.o(i.prvIdleTask)
    prvIdleTask                              0x08004435   Thumb Code    18  tasks.o(i.prvIdleTask)
    i.prvInitialiseNewTask                   0x0800444c   Section        0  tasks.o(i.prvInitialiseNewTask)
    prvInitialiseNewTask                     0x0800444d   Thumb Code   124  tasks.o(i.prvInitialiseNewTask)
    i.prvInsertBlockIntoFreeList             0x080044c8   Section        0  heap_4.o(i.prvInsertBlockIntoFreeList)
    prvInsertBlockIntoFreeList               0x080044c9   Thumb Code    72  heap_4.o(i.prvInsertBlockIntoFreeList)
    i.prvResetNextTaskUnblockTime            0x08004514   Section        0  tasks.o(i.prvResetNextTaskUnblockTime)
    prvResetNextTaskUnblockTime              0x08004515   Thumb Code    28  tasks.o(i.prvResetNextTaskUnblockTime)
    i.prvTaskExitError                       0x08004534   Section        0  port.o(i.prvTaskExitError)
    prvTaskExitError                         0x08004535   Thumb Code    14  port.o(i.prvTaskExitError)
    i.prvTaskIsTaskSuspended                 0x08004548   Section        0  tasks.o(i.prvTaskIsTaskSuspended)
    prvTaskIsTaskSuspended                   0x08004549   Thumb Code    40  tasks.o(i.prvTaskIsTaskSuspended)
    i.pvPortMalloc                           0x08004574   Section        0  heap_4.o(i.pvPortMalloc)
    i.pxPortInitialiseStack                  0x08004624   Section        0  port.o(i.pxPortInitialiseStack)
    i.uartGPS_ResetUARTGPSData               0x08004644   Section        0  uartgps.o(i.uartGPS_ResetUARTGPSData)
    i.uartGPS_SelectUartUARTGPSData          0x080046b8   Section        0  uartgps.o(i.uartGPS_SelectUartUARTGPSData)
    i.uartGPS_SendDataGPS                    0x080046cc   Section        0  uartgps.o(i.uartGPS_SendDataGPS)
    i.uartGPS_init                           0x080046d4   Section        0  uartgps.o(i.uartGPS_init)
    i.uxListRemove                           0x080046e8   Section        0  list.o(i.uxListRemove)
    i.vListInitialise                        0x0800470c   Section        0  list.o(i.vListInitialise)
    i.vListInitialiseItem                    0x08004722   Section        0  list.o(i.vListInitialiseItem)
    i.vListInsert                            0x08004728   Section        0  list.o(i.vListInsert)
    i.vListInsertEnd                         0x08004758   Section        0  list.o(i.vListInsertEnd)
    i.vPortEnterCritical                     0x08004770   Section        0  port.o(i.vPortEnterCritical)
    i.vPortExitCritical                      0x08004788   Section        0  port.o(i.vPortExitCritical)
    i.vPortFree                              0x080047a4   Section        0  heap_4.o(i.vPortFree)
    i.vPortSetupTimerInterrupt               0x080047e8   Section        0  port.o(i.vPortSetupTimerInterrupt)
    i.vPortYield                             0x0800480c   Section        0  port.o(i.vPortYield)
    i.vTaskDelay                             0x08004824   Section        0  tasks.o(i.vTaskDelay)
    i.vTaskResume                            0x08004854   Section        0  tasks.o(i.vTaskResume)
    i.vTaskStartScheduler                    0x080048b0   Section        0  tasks.o(i.vTaskStartScheduler)
    i.vTaskSuspendAll                        0x080048fc   Section        0  tasks.o(i.vTaskSuspendAll)
    i.vTaskSwitchContext                     0x0800490c   Section        0  tasks.o(i.vTaskSwitchContext)
    i.xPortStartScheduler                    0x08004964   Section        0  port.o(i.xPortStartScheduler)
    i.xTaskCreate                            0x08004994   Section        0  tasks.o(i.xTaskCreate)
    i.xTaskIncrementTick                     0x080049e4   Section        0  tasks.o(i.xTaskIncrementTick)
    i.xTaskResumeAll                         0x08004aa0   Section        0  tasks.o(i.xTaskResumeAll)
    .constdata                               0x08004b4c   Section      140  main.o(.constdata)
    .constdata                               0x08004bd8   Section       16  system_stm32f0xx.o(.constdata)
    .constdata                               0x08004be8   Section        8  system_stm32f0xx.o(.constdata)
    .constdata                               0x08004bf0   Section      129  ctype_o.o(.constdata)
    .constdata                               0x08004c74   Section        4  ctype_o.o(.constdata)
    table                                    0x08004c74   Data           4  ctype_o.o(.constdata)
    .conststring                             0x08004c78   Section       88  main.o(.conststring)
    .conststring                             0x08004cd0   Section      324  gps.o(.conststring)
    .data                                    0x20000000   Section        4  port.o(.data)
    uxCriticalNesting                        0x20000000   Data           4  port.o(.data)
    .data                                    0x20000004   Section       60  tasks.o(.data)
    uxDeletedTasksWaitingCleanUp             0x20000008   Data           4  tasks.o(.data)
    uxCurrentNumberOfTasks                   0x2000000c   Data           4  tasks.o(.data)
    xTickCount                               0x20000010   Data           4  tasks.o(.data)
    uxTopReadyPriority                       0x20000014   Data           4  tasks.o(.data)
    xSchedulerRunning                        0x20000018   Data           4  tasks.o(.data)
    uxPendedTicks                            0x2000001c   Data           4  tasks.o(.data)
    xYieldPending                            0x20000020   Data           4  tasks.o(.data)
    xNumOfOverflows                          0x20000024   Data           4  tasks.o(.data)
    uxTaskNumber                             0x20000028   Data           4  tasks.o(.data)
    xNextTaskUnblockTime                     0x2000002c   Data           4  tasks.o(.data)
    xIdleTaskHandle                          0x20000030   Data           4  tasks.o(.data)
    uxSchedulerSuspended                     0x20000034   Data           4  tasks.o(.data)
    pxDelayedTaskList                        0x20000038   Data           4  tasks.o(.data)
    pxOverflowDelayedTaskList                0x2000003c   Data           4  tasks.o(.data)
    .data                                    0x20000040   Section       24  heap_4.o(.data)
    pxEnd                                    0x20000040   Data           4  heap_4.o(.data)
    xFreeBytesRemaining                      0x20000044   Data           4  heap_4.o(.data)
    xMinimumEverFreeBytesRemaining           0x20000048   Data           4  heap_4.o(.data)
    xBlockAllocatedBit                       0x2000004c   Data           4  heap_4.o(.data)
    xStart                                   0x20000050   Data           8  heap_4.o(.data)
    .data                                    0x20000058   Section       32  main.o(.data)
    .data                                    0x20000078   Section        4  stm32f0xx_hal.o(.data)
    .data                                    0x2000007c   Section        4  system_stm32f0xx.o(.data)
    .data                                    0x20000080   Section        2  uartgps.o(.data)
    .data                                    0x20000084   Section       70  gps.o(.data)
    cComandToGPS                             0x200000ac   Data          30  gps.o(.data)
    .data                                    0x200000cc   Section        4  errno.o(.data)
    _errno                                   0x200000cc   Data           4  errno.o(.data)
    .bss                                     0x200000d0   Section      240  tasks.o(.bss)
    pxReadyTasksLists                        0x200000d0   Data         140  tasks.o(.bss)
    xDelayedTaskList1                        0x2000015c   Data          20  tasks.o(.bss)
    xDelayedTaskList2                        0x20000170   Data          20  tasks.o(.bss)
    xPendingReadyList                        0x20000184   Data          20  tasks.o(.bss)
    xTasksWaitingTermination                 0x20000198   Data          20  tasks.o(.bss)
    xSuspendedTaskList                       0x200001ac   Data          20  tasks.o(.bss)
    .bss                                     0x200001c0   Section     6880  heap_4.o(.bss)
    ucHeap                                   0x200001c0   Data        6880  heap_4.o(.bss)
    .bss                                     0x20001ca0   Section      336  main.o(.bss)
    .bss                                     0x20001df0   Section       68  main.o(.bss)
    .bss                                     0x20001e34   Section       64  stm32f0xx_hal_timebase_tim.o(.bss)
    .bss                                     0x20001e74   Section      960  uartgps.o(.bss)
    .bss                                     0x20002234   Section      248  gps.o(.bss)
    STACK                                    0x20002330   Section     1024  startup_stm32f091xc.o(STACK)

    Global Symbols

    Symbol Name                              Value     Ov Type        Size  Object(Section)

    BuildAttributes$$THM_ISAv3M$S$PE$A:L22$X:L11$S22$IEEE1$IW$USESV6$~STKCKD$USESV7$~SHL$OTIME$ROPI$IEEEJ$EBA8$MICROLIB$REQ8$PRES8$EABIv2 0x00000000   Number         0  anon$$obj.o ABSOLUTE
    __ARM_use_no_argv                        0x00000000   Number         0  main.o ABSOLUTE
    _printf_a                                0x00000000   Number         0  stubs.o ABSOLUTE
    _printf_c                                0x00000000   Number         0  stubs.o ABSOLUTE
    _printf_charcount                        0x00000000   Number         0  stubs.o ABSOLUTE
    _printf_d                                0x00000000   Number         0  stubs.o ABSOLUTE
    _printf_e                                0x00000000   Number         0  stubs.o ABSOLUTE
    _printf_f                                0x00000000   Number         0  stubs.o ABSOLUTE
    _printf_flags                            0x00000000   Number         0  stubs.o ABSOLUTE
    _printf_fp_dec                           0x00000000   Number         0  stubs.o ABSOLUTE
    _printf_fp_hex                           0x00000000   Number         0  stubs.o ABSOLUTE
    _printf_g                                0x00000000   Number         0  stubs.o ABSOLUTE
    _printf_i                                0x00000000   Number         0  stubs.o ABSOLUTE
    _printf_int_dec                          0x00000000   Number         0  stubs.o ABSOLUTE
    _printf_l                                0x00000000   Number         0  stubs.o ABSOLUTE
    _printf_lc                               0x00000000   Number         0  stubs.o ABSOLUTE
    _printf_ll                               0x00000000   Number         0  stubs.o ABSOLUTE
    _printf_lld                              0x00000000   Number         0  stubs.o ABSOLUTE
    _printf_lli                              0x00000000   Number         0  stubs.o ABSOLUTE
    _printf_llo                              0x00000000   Number         0  stubs.o ABSOLUTE
    _printf_llu                              0x00000000   Number         0  stubs.o ABSOLUTE
    _printf_llx                              0x00000000   Number         0  stubs.o ABSOLUTE
    _printf_longlong_dec                     0x00000000   Number         0  stubs.o ABSOLUTE
    _printf_longlong_hex                     0x00000000   Number         0  stubs.o ABSOLUTE
    _printf_longlong_oct                     0x00000000   Number         0  stubs.o ABSOLUTE
    _printf_ls                               0x00000000   Number         0  stubs.o ABSOLUTE
    _printf_mbtowc                           0x00000000   Number         0  stubs.o ABSOLUTE
    _printf_n                                0x00000000   Number         0  stubs.o ABSOLUTE
    _printf_o                                0x00000000   Number         0  stubs.o ABSOLUTE
    _printf_p                                0x00000000   Number         0  stubs.o ABSOLUTE
    _printf_percent                          0x00000000   Number         0  stubs.o ABSOLUTE
    _printf_pre_padding                      0x00000000   Number         0  stubs.o ABSOLUTE
    _printf_return_value                     0x00000000   Number         0  stubs.o ABSOLUTE
    _printf_s                                0x00000000   Number         0  stubs.o ABSOLUTE
    _printf_sizespec                         0x00000000   Number         0  stubs.o ABSOLUTE
    _printf_str                              0x00000000   Number         0  stubs.o ABSOLUTE
    _printf_truncate_signed                  0x00000000   Number         0  stubs.o ABSOLUTE
    _printf_truncate_unsigned                0x00000000   Number         0  stubs.o ABSOLUTE
    _printf_u                                0x00000000   Number         0  stubs.o ABSOLUTE
    _printf_wc                               0x00000000   Number         0  stubs.o ABSOLUTE
    _printf_wctomb                           0x00000000   Number         0  stubs.o ABSOLUTE
    _printf_widthprec                        0x00000000   Number         0  stubs.o ABSOLUTE
    _printf_x                                0x00000000   Number         0  stubs.o ABSOLUTE
    __cpp_initialize__aeabi_                  - Undefined Weak Reference
    __cxa_finalize                            - Undefined Weak Reference
    __decompress                              - Undefined Weak Reference
    _clock_init                               - Undefined Weak Reference
    _microlib_exit                            - Undefined Weak Reference
    __Vectors_Size                           0x000000bc   Number         0  startup_stm32f091xc.o ABSOLUTE
    __Vectors                                0x08000000   Data           4  startup_stm32f091xc.o(RESET)
    __Vectors_End                            0x080000bc   Data           0  startup_stm32f091xc.o(RESET)
    __main                                   0x080000bd   Thumb Code     0  entry.o(.ARM.Collect$$$$00000000)
    _main_stk                                0x080000bd   Thumb Code     0  entry2.o(.ARM.Collect$$$$00000001)
    _main_scatterload                        0x080000c1   Thumb Code     0  entry5.o(.ARM.Collect$$$$00000004)
    __main_after_scatterload                 0x080000c5   Thumb Code     0  entry5.o(.ARM.Collect$$$$00000004)
    _main_clock                              0x080000c5   Thumb Code     0  entry7b.o(.ARM.Collect$$$$00000008)
    _main_cpp_init                           0x080000c5   Thumb Code     0  entry8b.o(.ARM.Collect$$$$0000000A)
    _main_init                               0x080000c5   Thumb Code     0  entry9a.o(.ARM.Collect$$$$0000000B)
    __rt_final_cpp                           0x080000cd   Thumb Code     0  entry10a.o(.ARM.Collect$$$$0000000D)
    __rt_final_exit                          0x080000cd   Thumb Code     0  entry11a.o(.ARM.Collect$$$$0000000F)
    __asm___6_port_c_39a90d8d__prvPortStartFirstTask 0x080000d1   Thumb Code    36  port.o(.emb_text)
    ulSetInterruptMaskFromISR                0x080000f9   Thumb Code     8  port.o(.emb_text)
    vClearInterruptMaskFromISR               0x08000101   Thumb Code     6  port.o(.emb_text)
    PendSV_Handler                           0x08000107   Thumb Code    62  port.o(.emb_text)
    Reset_Handler                            0x08000149   Thumb Code     8  startup_stm32f091xc.o(.text)
    ADC1_COMP_IRQHandler                     0x0800015b   Thumb Code     0  startup_stm32f091xc.o(.text)
    CEC_CAN_IRQHandler                       0x0800015b   Thumb Code     0  startup_stm32f091xc.o(.text)
    DMA1_Ch1_IRQHandler                      0x0800015b   Thumb Code     0  startup_stm32f091xc.o(.text)
    DMA1_Ch4_7_DMA2_Ch3_5_IRQHandler         0x0800015b   Thumb Code     0  startup_stm32f091xc.o(.text)
    EXTI0_1_IRQHandler                       0x0800015b   Thumb Code     0  startup_stm32f091xc.o(.text)
    EXTI2_3_IRQHandler                       0x0800015b   Thumb Code     0  startup_stm32f091xc.o(.text)
    FLASH_IRQHandler                         0x0800015b   Thumb Code     0  startup_stm32f091xc.o(.text)
    I2C1_IRQHandler                          0x0800015b   Thumb Code     0  startup_stm32f091xc.o(.text)
    I2C2_IRQHandler                          0x0800015b   Thumb Code     0  startup_stm32f091xc.o(.text)
    PVD_VDDIO2_IRQHandler                    0x0800015b   Thumb Code     0  startup_stm32f091xc.o(.text)
    RCC_CRS_IRQHandler                       0x0800015b   Thumb Code     0  startup_stm32f091xc.o(.text)
    RTC_IRQHandler                           0x0800015b   Thumb Code     0  startup_stm32f091xc.o(.text)
    SPI1_IRQHandler                          0x0800015b   Thumb Code     0  startup_stm32f091xc.o(.text)
    SPI2_IRQHandler                          0x0800015b   Thumb Code     0  startup_stm32f091xc.o(.text)
    TIM14_IRQHandler                         0x0800015b   Thumb Code     0  startup_stm32f091xc.o(.text)
    TIM15_IRQHandler                         0x0800015b   Thumb Code     0  startup_stm32f091xc.o(.text)
    TIM16_IRQHandler                         0x0800015b   Thumb Code     0  startup_stm32f091xc.o(.text)
    TIM17_IRQHandler                         0x0800015b   Thumb Code     0  startup_stm32f091xc.o(.text)
    TIM1_CC_IRQHandler                       0x0800015b   Thumb Code     0  startup_stm32f091xc.o(.text)
    TIM2_IRQHandler                          0x0800015b   Thumb Code     0  startup_stm32f091xc.o(.text)
    TIM3_IRQHandler                          0x0800015b   Thumb Code     0  startup_stm32f091xc.o(.text)
    TIM6_DAC_IRQHandler                      0x0800015b   Thumb Code     0  startup_stm32f091xc.o(.text)
    TIM7_IRQHandler                          0x0800015b   Thumb Code     0  startup_stm32f091xc.o(.text)
    TSC_IRQHandler                           0x0800015b   Thumb Code     0  startup_stm32f091xc.o(.text)
    USART1_IRQHandler                        0x0800015b   Thumb Code     0  startup_stm32f091xc.o(.text)
    WWDG_IRQHandler                          0x0800015b   Thumb Code     0  startup_stm32f091xc.o(.text)
    __aeabi_uidiv                            0x08000165   Thumb Code     0  uidiv.o(.text)
    __aeabi_uidivmod                         0x08000165   Thumb Code    44  uidiv.o(.text)
    __aeabi_llsr                             0x08000191   Thumb Code    34  llushr.o(.text)
    _ll_ushift_r                             0x08000191   Thumb Code     0  llushr.o(.text)
    __aeabi_memcpy                           0x080001b3   Thumb Code    36  memcpya.o(.text)
    __aeabi_memcpy4                          0x080001b3   Thumb Code     0  memcpya.o(.text)
    __aeabi_memcpy8                          0x080001b3   Thumb Code     0  memcpya.o(.text)
    __aeabi_memset                           0x080001d7   Thumb Code    14  memseta.o(.text)
    __aeabi_memset4                          0x080001d7   Thumb Code     0  memseta.o(.text)
    __aeabi_memset8                          0x080001d7   Thumb Code     0  memseta.o(.text)
    __aeabi_memclr                           0x080001e5   Thumb Code     4  memseta.o(.text)
    __aeabi_memclr4                          0x080001e5   Thumb Code     0  memseta.o(.text)
    __aeabi_memclr8                          0x080001e5   Thumb Code     0  memseta.o(.text)
    _memset$wrapper                          0x080001e9   Thumb Code    18  memseta.o(.text)
    strstr                                   0x080001fb   Thumb Code    40  strstr.o(.text)
    strtol                                   0x08000225   Thumb Code   108  strtol.o(.text)
    atoi                                     0x08000295   Thumb Code    26  atoi.o(.text)
    atol                                     0x080002af   Thumb Code    26  atol.o(.text)
    __aeabi_f2d                              0x080002c9   Thumb Code    40  f2d.o(.text)
    __aeabi_d2f                              0x080002f1   Thumb Code    56  d2f.o(.text)
    __aeabi_cfcmpeq                          0x08000329   Thumb Code     0  cfcmple.o(.text)
    __aeabi_cfcmple                          0x08000329   Thumb Code    20  cfcmple.o(.text)
    __aeabi_cfrcmple                         0x0800033d   Thumb Code    20  cfrcmple.o(.text)
    __aeabi_uldivmod                         0x08000351   Thumb Code    96  uldiv.o(.text)
    __rt_ctype_table                         0x080003b1   Thumb Code     4  ctype_o.o(.text)
    isspace                                  0x080003b9   Thumb Code    18  isspace_o.o(.text)
    _strtoul                                 0x080003cb   Thumb Code   166  _strtoul.o(.text)
    __strtod_int                             0x080004a7   Thumb Code    94  strtod.o(.text)
    __I$use$fp                               0x08000515   Thumb Code     0  iusefp.o(.text)
    _float_round                             0x08000515   Thumb Code    16  fepilogue.o(.text)
    _float_epilogue                          0x08000525   Thumb Code   114  fepilogue.o(.text)
    __aeabi_dadd                             0x08000599   Thumb Code   328  dadd.o(.text)
    __aeabi_dsub                             0x080006e1   Thumb Code    12  dadd.o(.text)
    __aeabi_drsub                            0x080006ed   Thumb Code    12  dadd.o(.text)
    __aeabi_dmul                             0x080006fd   Thumb Code   202  dmul.o(.text)
    __aeabi_ddiv                             0x080007cd   Thumb Code   234  ddiv.o(.text)
    __aeabi_d2ulz                            0x080008bd   Thumb Code    54  dfixul.o(.text)
    __aeabi_cdrcmple                         0x080008fd   Thumb Code    38  cdrcmple.o(.text)
    __scatterload                            0x08000925   Thumb Code    28  init.o(.text)
    __scatterload_rt2                        0x08000925   Thumb Code     0  init.o(.text)
    __aeabi_llsl                             0x08000949   Thumb Code    32  llshl.o(.text)
    _ll_shift_l                              0x08000949   Thumb Code     0  llshl.o(.text)
    __aeabi_lasr                             0x08000969   Thumb Code    38  llsshr.o(.text)
    _ll_sshift_r                             0x08000969   Thumb Code     0  llsshr.o(.text)
    _chval                                   0x0800098f   Thumb Code    30  _chval.o(.text)
    _scanf_real                              0x08000acb   Thumb Code     0  scanf_fp.o(.text)
    _scanf_really_real                       0x08000acb   Thumb Code   586  scanf_fp.o(.text)
    _sgetc                                   0x08000d21   Thumb Code    32  _sgetc.o(.text)
    _sbackspace                              0x08000d41   Thumb Code    36  _sgetc.o(.text)
    _double_round                            0x08000d65   Thumb Code    26  depilogue.o(.text)
    _double_epilogue                         0x08000d7f   Thumb Code   164  depilogue.o(.text)
    __aeabi_lmul                             0x08000e23   Thumb Code   122  llmul.o(.text)
    _ll_mul                                  0x08000e23   Thumb Code     0  llmul.o(.text)
    __aeabi_ul2d                             0x08000e9d   Thumb Code    22  dfltul.o(.text)
    BlueLedTaskFun                           0x08000eb9   Thumb Code    22  main.o(i.BlueLedTaskFun)
    CliTaskFun                               0x08000ed5   Thumb Code     8  main.o(i.CliTaskFun)
    DMA1_Ch2_3_DMA2_Ch1_2_IRQHandler         0x08000edd   Thumb Code    10  stm32f0xx_it.o(i.DMA1_Ch2_3_DMA2_Ch1_2_IRQHandler)
    EXTI4_15_IRQHandler                      0x08000f31   Thumb Code    28  stm32f0xx_it.o(i.EXTI4_15_IRQHandler)
    Error_Handler                            0x08000f4d   Thumb Code     2  main.o(i.Error_Handler)
    GPSTaskFun                               0x08000f51   Thumb Code   136  main.o(i.GPSTaskFun)
    GPS_CalculateNMEAExpected                0x08001039   Thumb Code    40  gps.o(i.GPS_CalculateNMEAExpected)
    GPS_GetDesiredFields                     0x08001069   Thumb Code   464  gps.o(i.GPS_GetDesiredFields)
    GPS_Init                                 0x08001261   Thumb Code    20  gps.o(i.GPS_Init)
    GPS_InitializeParametersValidation       0x08001275   Thumb Code   104  gps.o(i.GPS_InitializeParametersValidation)
    GPS_NmeaChecksumVerify                   0x080012f5   Thumb Code    60  gps.o(i.GPS_NmeaChecksumVerify)
    GPS_PrintGpsData                         0x08001335   Thumb Code   186  gps.o(i.GPS_PrintGpsData)
    GPS_ProcessNMEA                          0x080013f9   Thumb Code   176  gps.o(i.GPS_ProcessNMEA)
    GPS_StoreNMEAData                        0x080014b1   Thumb Code   232  gps.o(i.GPS_StoreNMEAData)
    GPS_StoreNMEADate                        0x08001599   Thumb Code    58  gps.o(i.GPS_StoreNMEADate)
    GPS_StoreNMEAFixQualityStatus            0x080015dd   Thumb Code    90  gps.o(i.GPS_StoreNMEAFixQualityStatus)
    GPS_StoreNMEAHDop                        0x08001641   Thumb Code    94  gps.o(i.GPS_StoreNMEAHDop)
    GPS_StoreNMEAHeight                      0x080016a9   Thumb Code    94  gps.o(i.GPS_StoreNMEAHeight)
    GPS_StoreNMEALatitude                    0x08001711   Thumb Code    94  gps.o(i.GPS_StoreNMEALatitude)
    GPS_StoreNMEALatitudeSign                0x08001779   Thumb Code    48  gps.o(i.GPS_StoreNMEALatitudeSign)
    GPS_StoreNMEALongitude                   0x080017b1   Thumb Code    94  gps.o(i.GPS_StoreNMEALongitude)
    GPS_StoreNMEALongitudeSign               0x08001819   Thumb Code    48  gps.o(i.GPS_StoreNMEALongitudeSign)
    GPS_StoreNMEAMagCourse                   0x08001851   Thumb Code    94  gps.o(i.GPS_StoreNMEAMagCourse)
    GPS_StoreNMEASatelitesNumber             0x080018b9   Thumb Code    90  gps.o(i.GPS_StoreNMEASatelitesNumber)
    GPS_StoreNMEASpeedKmh                    0x0800191d   Thumb Code    94  gps.o(i.GPS_StoreNMEASpeedKmh)
    GPS_StoreNMEASpeedKnot                   0x08001985   Thumb Code    94  gps.o(i.GPS_StoreNMEASpeedKnot)
    GPS_StoreNMEAStatus                      0x080019ed   Thumb Code    46  gps.o(i.GPS_StoreNMEAStatus)
    GPS_StoreNMEATime                        0x08001a25   Thumb Code   216  gps.o(i.GPS_StoreNMEATime)
    GPS_StoreNMEATrueCourse                  0x08001b05   Thumb Code    94  gps.o(i.GPS_StoreNMEATrueCourse)
    GPS_TotalSecondsFromDateTimeGPS          0x08001b6d   Thumb Code   114  gps.o(i.GPS_TotalSecondsFromDateTimeGPS)
    GPS_ValidationNMEAData                   0x08001be9   Thumb Code   216  gps.o(i.GPS_ValidationNMEAData)
    GreenLedTaskFun                          0x08001cc9   Thumb Code    28  main.o(i.GreenLedTaskFun)
    HAL_DMA_Abort_IT                         0x08001ce5   Thumb Code    72  stm32f0xx_hal_dma.o(i.HAL_DMA_Abort_IT)
    HAL_DMA_IRQHandler                       0x08001d2d   Thumb Code   156  stm32f0xx_hal_dma.o(i.HAL_DMA_IRQHandler)
    HAL_DMA_Init                             0x08001dc9   Thumb Code    84  stm32f0xx_hal_dma.o(i.HAL_DMA_Init)
    HAL_GPIO_EXTI_Callback                   0x08001e21   Thumb Code     2  stm32f0xx_hal_gpio.o(i.HAL_GPIO_EXTI_Callback)
    HAL_GPIO_EXTI_IRQHandler                 0x08001e25   Thumb Code    18  stm32f0xx_hal_gpio.o(i.HAL_GPIO_EXTI_IRQHandler)
    HAL_GPIO_Init                            0x08001e3d   Thumb Code   314  stm32f0xx_hal_gpio.o(i.HAL_GPIO_Init)
    HAL_GPIO_TogglePin                       0x08001f95   Thumb Code     8  stm32f0xx_hal_gpio.o(i.HAL_GPIO_TogglePin)
    HAL_GPIO_WritePin                        0x08001f9d   Thumb Code    12  stm32f0xx_hal_gpio.o(i.HAL_GPIO_WritePin)
    HAL_GetTick                              0x08001fa9   Thumb Code     6  stm32f0xx_hal.o(i.HAL_GetTick)
    HAL_IncTick                              0x08001fb5   Thumb Code    10  stm32f0xx_hal.o(i.HAL_IncTick)
    HAL_Init                                 0x08001fc5   Thumb Code    26  stm32f0xx_hal.o(i.HAL_Init)
    HAL_InitTick                             0x08001fe5   Thumb Code    98  stm32f0xx_hal_timebase_tim.o(i.HAL_InitTick)
    HAL_MspInit                              0x0800205d   Thumb Code    44  stm32f0xx_hal_msp.o(i.HAL_MspInit)
    HAL_NVIC_EnableIRQ                       0x0800208d   Thumb Code    14  stm32f0xx_hal_cortex.o(i.HAL_NVIC_EnableIRQ)
    HAL_NVIC_SetPriority                     0x080020a1   Thumb Code     8  stm32f0xx_hal_cortex.o(i.HAL_NVIC_SetPriority)
    HAL_RCCEx_PeriphCLKConfig                0x080020a9   Thumb Code   276  stm32f0xx_hal_rcc_ex.o(i.HAL_RCCEx_PeriphCLKConfig)
    HAL_RCC_ClockConfig                      0x080021c9   Thumb Code   320  stm32f0xx_hal_rcc.o(i.HAL_RCC_ClockConfig)
    HAL_RCC_GetClockConfig                   0x0800231d   Thumb Code    46  stm32f0xx_hal_rcc.o(i.HAL_RCC_GetClockConfig)
    HAL_RCC_GetPCLK1Freq                     0x08002355   Thumb Code    20  stm32f0xx_hal_rcc.o(i.HAL_RCC_GetPCLK1Freq)
    HAL_RCC_GetSysClockFreq                  0x08002375   Thumb Code    90  stm32f0xx_hal_rcc.o(i.HAL_RCC_GetSysClockFreq)
    HAL_RCC_OscConfig                        0x080023fd   Thumb Code   966  stm32f0xx_hal_rcc.o(i.HAL_RCC_OscConfig)
    HAL_TIMEx_BreakCallback                  0x080027d5   Thumb Code     2  stm32f0xx_hal_tim_ex.o(i.HAL_TIMEx_BreakCallback)
    HAL_TIMEx_CommutationCallback            0x080027d7   Thumb Code     2  stm32f0xx_hal_tim_ex.o(i.HAL_TIMEx_CommutationCallback)
    HAL_TIM_Base_Init                        0x080027d9   Thumb Code    52  stm32f0xx_hal_tim.o(i.HAL_TIM_Base_Init)
    HAL_TIM_Base_MspInit                     0x0800280d   Thumb Code     2  stm32f0xx_hal_tim.o(i.HAL_TIM_Base_MspInit)
    HAL_TIM_Base_Start_IT                    0x0800280f   Thumb Code    22  stm32f0xx_hal_tim.o(i.HAL_TIM_Base_Start_IT)
    HAL_TIM_IC_CaptureCallback               0x08002825   Thumb Code     2  stm32f0xx_hal_tim.o(i.HAL_TIM_IC_CaptureCallback)
    HAL_TIM_IRQHandler                       0x08002827   Thumb Code   354  stm32f0xx_hal_tim.o(i.HAL_TIM_IRQHandler)
    HAL_TIM_OC_DelayElapsedCallback          0x08002989   Thumb Code     2  stm32f0xx_hal_tim.o(i.HAL_TIM_OC_DelayElapsedCallback)
    HAL_TIM_PWM_PulseFinishedCallback        0x0800298b   Thumb Code     2  stm32f0xx_hal_tim.o(i.HAL_TIM_PWM_PulseFinishedCallback)
    HAL_TIM_PeriodElapsedCallback            0x0800298d   Thumb Code    16  main.o(i.HAL_TIM_PeriodElapsedCallback)
    HAL_TIM_TriggerCallback                  0x080029a1   Thumb Code     2  stm32f0xx_hal_tim.o(i.HAL_TIM_TriggerCallback)
    HAL_UARTEx_WakeupCallback                0x080029a3   Thumb Code     2  stm32f0xx_hal_uart_ex.o(i.HAL_UARTEx_WakeupCallback)
    HAL_UART_ErrorCallback                   0x080029a5   Thumb Code     2  stm32f0xx_hal_uart.o(i.HAL_UART_ErrorCallback)
    HAL_UART_IRQHandler                      0x080029a9   Thumb Code   304  stm32f0xx_hal_uart.o(i.HAL_UART_IRQHandler)
    HAL_UART_Init                            0x08002add   Thumb Code   108  stm32f0xx_hal_uart.o(i.HAL_UART_Init)
    HAL_UART_MspInit                         0x08002b49   Thumb Code   284  stm32f0xx_hal_msp.o(i.HAL_UART_MspInit)
    HAL_UART_Receive_IT                      0x08002c81   Thumb Code   154  stm32f0xx_hal_uart.o(i.HAL_UART_Receive_IT)
    HAL_UART_RxCpltCallback                  0x08002d21   Thumb Code   378  interfaces.o(i.HAL_UART_RxCpltCallback)
    HAL_UART_Transmit_IT                     0x08002ebd   Thumb Code    88  stm32f0xx_hal_uart.o(i.HAL_UART_Transmit_IT)
    HAL_UART_TxCpltCallback                  0x08002f15   Thumb Code     2  stm32f0xx_hal_uart.o(i.HAL_UART_TxCpltCallback)
    HardFault_Handler                        0x08002f17   Thumb Code     2  stm32f0xx_it.o(i.HardFault_Handler)
    InterfacesSendDataGPS                    0x08002f19   Thumb Code    24  interfaces.o(i.InterfacesSendDataGPS)
    Interfaces_SelectUartUARTGPSData         0x08002f35   Thumb Code    50  interfaces.o(i.Interfaces_SelectUartUARTGPSData)
    MiscFunctions_DecodASCIIDecimalToHexa    0x080030d9   Thumb Code    14  miscfunctions.o(i.MiscFunctions_DecodASCIIDecimalToHexa)
    NMI_Handler                              0x080030e7   Thumb Code     2  stm32f0xx_it.o(i.NMI_Handler)
    RedLedTaskFun                            0x0800312d   Thumb Code    24  main.o(i.RedLedTaskFun)
    SVC_Handler                              0x08003145   Thumb Code     2  port.o(i.SVC_Handler)
    SysTick_Handler                          0x08003149   Thumb Code    32  port.o(i.SysTick_Handler)
    SystemClock_Config                       0x0800316d   Thumb Code   100  main.o(i.SystemClock_Config)
    SystemInit                               0x080031d1   Thumb Code    76  system_stm32f0xx.o(i.SystemInit)
    TIM1_BRK_UP_TRG_COM_IRQHandler           0x0800322d   Thumb Code    10  stm32f0xx_it.o(i.TIM1_BRK_UP_TRG_COM_IRQHandler)
    TIM_Base_SetConfig                       0x0800323d   Thumb Code   124  stm32f0xx_hal_tim.o(i.TIM_Base_SetConfig)
    TargetLedTaskFun                         0x080032d1   Thumb Code    24  main.o(i.TargetLedTaskFun)
    UART_AdvFeatureConfig                    0x080032e9   Thumb Code   202  stm32f0xx_hal_uart.o(i.UART_AdvFeatureConfig)
    UART_CheckIdleState                      0x080033b5   Thumb Code   108  stm32f0xx_hal_uart.o(i.UART_CheckIdleState)
    UART_EndTransmit_IT                      0x08003463   Thumb Code    26  stm32f0xx_hal_uart.o(i.UART_EndTransmit_IT)
    UART_Receive_IT                          0x0800347d   Thumb Code   122  stm32f0xx_hal_uart.o(i.UART_Receive_IT)
    UART_SetConfig                           0x080034f9   Thumb Code   368  stm32f0xx_hal_uart.o(i.UART_SetConfig)
    UART_Transmit_IT                         0x08003699   Thumb Code   102  stm32f0xx_hal_uart.o(i.UART_Transmit_IT)
    UART_WaitOnFlagUntilTimeout              0x080036ff   Thumb Code    98  stm32f0xx_hal_uart.o(i.UART_WaitOnFlagUntilTimeout)
    USART2_IRQHandler                        0x08003761   Thumb Code    10  stm32f0xx_it.o(i.USART2_IRQHandler)
    USART3_8_IRQHandler                      0x08003771   Thumb Code    16  stm32f0xx_it.o(i.USART3_8_IRQHandler)
    YellowLedTaskFun                         0x08003789   Thumb Code     8  main.o(i.YellowLedTaskFun)
    __0sprintf                               0x08003791   Thumb Code    36  printfa.o(i.__0sprintf)
    __1sprintf                               0x08003791   Thumb Code     0  printfa.o(i.__0sprintf)
    __2sprintf                               0x08003791   Thumb Code     0  printfa.o(i.__0sprintf)
    __c89sprintf                             0x08003791   Thumb Code     0  printfa.o(i.__0sprintf)
    sprintf                                  0x08003791   Thumb Code     0  printfa.o(i.__0sprintf)
    __ARM_clz                                0x080037b9   Thumb Code    46  depilogue.o(i.__ARM_clz)
    __ARM_common_switch8                     0x080037e7   Thumb Code    26  tasks.o(i.__ARM_common_switch8)
    __aeabi_errno_addr                       0x08003801   Thumb Code     4  errno.o(i.__aeabi_errno_addr)
    __rt_errno_addr                          0x08003801   Thumb Code     0  errno.o(i.__aeabi_errno_addr)
    __read_errno                             0x08003809   Thumb Code     6  errno.o(i.__read_errno)
    __scatterload_copy                       0x08003815   Thumb Code    14  handlers.o(i.__scatterload_copy)
    __scatterload_null                       0x08003823   Thumb Code     2  handlers.o(i.__scatterload_null)
    __scatterload_zeroinit                   0x08003825   Thumb Code    14  handlers.o(i.__scatterload_zeroinit)
    __set_errno                              0x08003835   Thumb Code     6  errno.o(i.__set_errno)
    _is_digit                                0x080039b5   Thumb Code    14  scanf_fp.o(i._is_digit)
    atof                                     0x08004107   Thumb Code    42  atof.o(i.atof)
    main                                     0x08004131   Thumb Code   234  main.o(i.main)
    osDelay                                  0x08004235   Thumb Code    16  cmsis_os.o(i.osDelay)
    osKernelStart                            0x08004245   Thumb Code    10  cmsis_os.o(i.osKernelStart)
    osThreadCreate                           0x0800424f   Thumb Code    46  cmsis_os.o(i.osThreadCreate)
    pvPortMalloc                             0x08004575   Thumb Code   172  heap_4.o(i.pvPortMalloc)
    pxPortInitialiseStack                    0x08004625   Thumb Code    28  port.o(i.pxPortInitialiseStack)
    uartGPS_ResetUARTGPSData                 0x08004645   Thumb Code    98  uartgps.o(i.uartGPS_ResetUARTGPSData)
    uartGPS_SelectUartUARTGPSData            0x080046b9   Thumb Code    14  uartgps.o(i.uartGPS_SelectUartUARTGPSData)
    uartGPS_SendDataGPS                      0x080046cd   Thumb Code     8  uartgps.o(i.uartGPS_SendDataGPS)
    uartGPS_init                             0x080046d5   Thumb Code    14  uartgps.o(i.uartGPS_init)
    uxListRemove                             0x080046e9   Thumb Code    36  list.o(i.uxListRemove)
    vListInitialise                          0x0800470d   Thumb Code    22  list.o(i.vListInitialise)
    vListInitialiseItem                      0x08004723   Thumb Code     6  list.o(i.vListInitialiseItem)
    vListInsert                              0x08004729   Thumb Code    48  list.o(i.vListInsert)
    vListInsertEnd                           0x08004759   Thumb Code    24  list.o(i.vListInsertEnd)
    vPortEnterCritical                       0x08004771   Thumb Code    20  port.o(i.vPortEnterCritical)
    vPortExitCritical                        0x08004789   Thumb Code    22  port.o(i.vPortExitCritical)
    vPortFree                                0x080047a5   Thumb Code    62  heap_4.o(i.vPortFree)
    vPortSetupTimerInterrupt                 0x080047e9   Thumb Code    26  port.o(i.vPortSetupTimerInterrupt)
    vPortYield                               0x0800480d   Thumb Code    18  port.o(i.vPortYield)
    vTaskDelay                               0x08004825   Thumb Code    44  tasks.o(i.vTaskDelay)
    vTaskResume                              0x08004855   Thumb Code    82  tasks.o(i.vTaskResume)
    vTaskStartScheduler                      0x080048b1   Thumb Code    58  tasks.o(i.vTaskStartScheduler)
    vTaskSuspendAll                          0x080048fd   Thumb Code    10  tasks.o(i.vTaskSuspendAll)
    vTaskSwitchContext                       0x0800490d   Thumb Code    78  tasks.o(i.vTaskSwitchContext)
    xPortStartScheduler                      0x08004965   Thumb Code    40  port.o(i.xPortStartScheduler)
    xTaskCreate                              0x08004995   Thumb Code    78  tasks.o(i.xTaskCreate)
    xTaskIncrementTick                       0x080049e5   Thumb Code   180  tasks.o(i.xTaskIncrementTick)
    xTaskResumeAll                           0x08004aa1   Thumb Code   164  tasks.o(i.xTaskResumeAll)
    AHBPrescTable                            0x08004bd8   Data          16  system_stm32f0xx.o(.constdata)
    APBPrescTable                            0x08004be8   Data           8  system_stm32f0xx.o(.constdata)
    __ctype_table                            0x08004bf0   Data         129  ctype_o.o(.constdata)
    Region$$Table$$Base                      0x08004e14   Number         0  anon$$obj.o(Region$$Table)
    Region$$Table$$Limit                     0x08004e34   Number         0  anon$$obj.o(Region$$Table)
    pxCurrentTCB                             0x20000004   Data           4  tasks.o(.data)
    tempData                                 0x20000058   Data           1  main.o(.data)
    TargetLedTaskHandle                      0x2000005c   Data           4  main.o(.data)
    YellowLedTaskHandle                      0x20000060   Data           4  main.o(.data)
    BlueLedTaskHandle                        0x20000064   Data           4  main.o(.data)
    RedLedTaskHandle                         0x20000068   Data           4  main.o(.data)
    GreenLedTaskHandle                       0x2000006c   Data           4  main.o(.data)
    CliTaskHandle                            0x20000070   Data           4  main.o(.data)
    GPSTaskHandle                            0x20000074   Data           4  main.o(.data)
    uwTick                                   0x20000078   Data           4  stm32f0xx_hal.o(.data)
    SystemCoreClock                          0x2000007c   Data           4  system_stm32f0xx.o(.data)
    RxUARTGPSStates                          0x20000080   Data           1  uartgps.o(.data)
    UARTGPSPacketFlags                       0x20000081   Data           1  uartgps.o(.data)
    ui32MaskValidation                       0x20000084   Data           4  gps.o(.data)
    sConfigNMEA                              0x20000088   Data          36  gps.o(.data)
    huart2                                   0x20001ca0   Data         112  main.o(.bss)
    huart4                                   0x20001d10   Data         112  main.o(.bss)
    huart6                                   0x20001d80   Data         112  main.o(.bss)
    hdma_usart4_tx                           0x20001df0   Data          68  main.o(.bss)
    htim1                                    0x20001e34   Data          64  stm32f0xx_hal_timebase_tim.o(.bss)
    UARTGPSData                              0x20001e74   Data         960  uartgps.o(.bss)
    GPSTempData                              0x20002234   Data          64  gps.o(.bss)
    GPSData                                  0x20002274   Data          64  gps.o(.bss)
    GPSDataProcess                           0x200022b4   Data          12  gps.o(.bss)
    GPSValidationParameters                  0x200022c0   Data         108  gps.o(.bss)
    __initial_sp                             0x20002730   Data           0  startup_stm32f091xc.o(STACK)



==============================================================================

Memory Map of the image

  Image Entry point : 0x080000bd

  Load Region LR_IROM1 (Base: 0x08000000, Size: 0x00004f04, Max: 0x00020000, ABSOLUTE)

    Execution Region ER_IROM1 (Exec base: 0x08000000, Load base: 0x08000000, Size: 0x00004e34, Max: 0x00020000, ABSOLUTE)

    Exec Addr    Load Addr    Size         Type   Attr      Idx    E Section Name        Object

    0x08000000   0x08000000   0x000000bc   Data   RO            3    RESET               startup_stm32f091xc.o
    0x080000bc   0x080000bc   0x00000000   Code   RO         4556  * .ARM.Collect$$$$00000000  mc_p.l(entry.o)
    0x080000bc   0x080000bc   0x00000004   Code   RO         4846    .ARM.Collect$$$$00000001  mc_p.l(entry2.o)
    0x080000c0   0x080000c0   0x00000004   Code   RO         4849    .ARM.Collect$$$$00000004  mc_p.l(entry5.o)
    0x080000c4   0x080000c4   0x00000000   Code   RO         4851    .ARM.Collect$$$$00000008  mc_p.l(entry7b.o)
    0x080000c4   0x080000c4   0x00000000   Code   RO         4853    .ARM.Collect$$$$0000000A  mc_p.l(entry8b.o)
    0x080000c4   0x080000c4   0x00000008   Code   RO         4854    .ARM.Collect$$$$0000000B  mc_p.l(entry9a.o)
    0x080000cc   0x080000cc   0x00000000   Code   RO         4856    .ARM.Collect$$$$0000000D  mc_p.l(entry10a.o)
    0x080000cc   0x080000cc   0x00000000   Code   RO         4858    .ARM.Collect$$$$0000000F  mc_p.l(entry11a.o)
    0x080000cc   0x080000cc   0x00000004   Code   RO         4847    .ARM.Collect$$$$00002712  mc_p.l(entry2.o)
    0x080000d0   0x080000d0   0x00000078   Code   RO           12    .emb_text           port.o
    0x08000148   0x08000148   0x0000001c   Code   RO            4    .text               startup_stm32f091xc.o
    0x08000164   0x08000164   0x0000002c   Code   RO         4559    .text               mc_p.l(uidiv.o)
    0x08000190   0x08000190   0x00000022   Code   RO         4561    .text               mc_p.l(llushr.o)
    0x080001b2   0x080001b2   0x00000024   Code   RO         4563    .text               mc_p.l(memcpya.o)
    0x080001d6   0x080001d6   0x00000024   Code   RO         4565    .text               mc_p.l(memseta.o)
    0x080001fa   0x080001fa   0x00000028   Code   RO         4567    .text               mc_p.l(strstr.o)
    0x08000222   0x08000222   0x00000002   PAD
    0x08000224   0x08000224   0x00000070   Code   RO         4832    .text               mc_p.l(strtol.o)
    0x08000294   0x08000294   0x0000001a   Code   RO         4834    .text               mc_p.l(atoi.o)
    0x080002ae   0x080002ae   0x0000001a   Code   RO         4836    .text               mc_p.l(atol.o)
    0x080002c8   0x080002c8   0x00000028   Code   RO         4838    .text               mf_p.l(f2d.o)
    0x080002f0   0x080002f0   0x00000038   Code   RO         4840    .text               mf_p.l(d2f.o)
    0x08000328   0x08000328   0x00000014   Code   RO         4842    .text               mf_p.l(cfcmple.o)
    0x0800033c   0x0800033c   0x00000014   Code   RO         4844    .text               mf_p.l(cfrcmple.o)
    0x08000350   0x08000350   0x00000060   Code   RO         4861    .text               mc_p.l(uldiv.o)
    0x080003b0   0x080003b0   0x00000008   Code   RO         4863    .text               mc_p.l(ctype_o.o)
    0x080003b8   0x080003b8   0x00000012   Code   RO         4885    .text               mc_p.l(isspace_o.o)
    0x080003ca   0x080003ca   0x000000a6   Code   RO         4898    .text               mc_p.l(_strtoul.o)
    0x08000470   0x08000470   0x000000a4   Code   RO         4900    .text               mc_p.l(strtod.o)
    0x08000514   0x08000514   0x00000000   Code   RO         4902    .text               mc_p.l(iusefp.o)
    0x08000514   0x08000514   0x00000082   Code   RO         4903    .text               mf_p.l(fepilogue.o)
    0x08000596   0x08000596   0x00000002   PAD
    0x08000598   0x08000598   0x00000164   Code   RO         4905    .text               mf_p.l(dadd.o)
    0x080006fc   0x080006fc   0x000000d0   Code   RO         4907    .text               mf_p.l(dmul.o)
    0x080007cc   0x080007cc   0x000000f0   Code   RO         4909    .text               mf_p.l(ddiv.o)
    0x080008bc   0x080008bc   0x00000040   Code   RO         4911    .text               mf_p.l(dfixul.o)
    0x080008fc   0x080008fc   0x00000028   Code   RO         4913    .text               mf_p.l(cdrcmple.o)
    0x08000924   0x08000924   0x00000024   Code   RO         4915    .text               mc_p.l(init.o)
    0x08000948   0x08000948   0x00000020   Code   RO         4917    .text               mc_p.l(llshl.o)
    0x08000968   0x08000968   0x00000026   Code   RO         4919    .text               mc_p.l(llsshr.o)
    0x0800098e   0x0800098e   0x0000001e   Code   RO         4923    .text               mc_p.l(_chval.o)
    0x080009ac   0x080009ac   0x00000374   Code   RO         4925    .text               mc_p.l(scanf_fp.o)
    0x08000d20   0x08000d20   0x00000044   Code   RO         4929    .text               mc_p.l(_sgetc.o)
    0x08000d64   0x08000d64   0x000000be   Code   RO         4931    .text               mf_p.l(depilogue.o)
    0x08000e22   0x08000e22   0x0000007a   Code   RO         4935    .text               mc_p.l(llmul.o)
    0x08000e9c   0x08000e9c   0x0000001c   Code   RO         4940    .text               mf_p.l(dfltul.o)
    0x08000eb8   0x08000eb8   0x0000001c   Code   RO         1368    i.BlueLedTaskFun    main.o
    0x08000ed4   0x08000ed4   0x00000008   Code   RO         1369    i.CliTaskFun        main.o
    0x08000edc   0x08000edc   0x00000010   Code   RO         1262    i.DMA1_Ch2_3_DMA2_Ch1_2_IRQHandler  stm32f0xx_it.o
    0x08000eec   0x08000eec   0x00000044   Code   RO         3139    i.DMA_CalcBaseAndBitshift  stm32f0xx_hal_dma.o
    0x08000f30   0x08000f30   0x0000001c   Code   RO         1263    i.EXTI4_15_IRQHandler  stm32f0xx_it.o
    0x08000f4c   0x08000f4c   0x00000002   Code   RO         1370    i.Error_Handler     main.o
    0x08000f4e   0x08000f4e   0x00000002   PAD
    0x08000f50   0x08000f50   0x000000e8   Code   RO         1371    i.GPSTaskFun        main.o
    0x08001038   0x08001038   0x00000030   Code   RO         4341    i.GPS_CalculateNMEAExpected  gps.o
    0x08001068   0x08001068   0x000001f8   Code   RO         4342    i.GPS_GetDesiredFields  gps.o
    0x08001260   0x08001260   0x00000014   Code   RO         4343    i.GPS_Init          gps.o
    0x08001274   0x08001274   0x00000080   Code   RO         4344    i.GPS_InitializeParametersValidation  gps.o
    0x080012f4   0x080012f4   0x00000040   Code   RO         4345    i.GPS_NmeaChecksumVerify  gps.o
    0x08001334   0x08001334   0x000000c4   Code   RO         4346    i.GPS_PrintGpsData  gps.o
    0x080013f8   0x080013f8   0x000000b8   Code   RO         4347    i.GPS_ProcessNMEA   gps.o
    0x080014b0   0x080014b0   0x000000e8   Code   RO         4348    i.GPS_StoreNMEAData  gps.o
    0x08001598   0x08001598   0x00000044   Code   RO         4349    i.GPS_StoreNMEADate  gps.o
    0x080015dc   0x080015dc   0x00000064   Code   RO         4350    i.GPS_StoreNMEAFixQualityStatus  gps.o
    0x08001640   0x08001640   0x00000068   Code   RO         4351    i.GPS_StoreNMEAHDop  gps.o
    0x080016a8   0x080016a8   0x00000068   Code   RO         4352    i.GPS_StoreNMEAHeight  gps.o
    0x08001710   0x08001710   0x00000068   Code   RO         4353    i.GPS_StoreNMEALatitude  gps.o
    0x08001778   0x08001778   0x00000038   Code   RO         4354    i.GPS_StoreNMEALatitudeSign  gps.o
    0x080017b0   0x080017b0   0x00000068   Code   RO         4355    i.GPS_StoreNMEALongitude  gps.o
    0x08001818   0x08001818   0x00000038   Code   RO         4356    i.GPS_StoreNMEALongitudeSign  gps.o
    0x08001850   0x08001850   0x00000068   Code   RO         4357    i.GPS_StoreNMEAMagCourse  gps.o
    0x080018b8   0x080018b8   0x00000064   Code   RO         4358    i.GPS_StoreNMEASatelitesNumber  gps.o
    0x0800191c   0x0800191c   0x00000068   Code   RO         4359    i.GPS_StoreNMEASpeedKmh  gps.o
    0x08001984   0x08001984   0x00000068   Code   RO         4360    i.GPS_StoreNMEASpeedKnot  gps.o
    0x080019ec   0x080019ec   0x00000038   Code   RO         4361    i.GPS_StoreNMEAStatus  gps.o
    0x08001a24   0x08001a24   0x000000e0   Code   RO         4362    i.GPS_StoreNMEATime  gps.o
    0x08001b04   0x08001b04   0x00000068   Code   RO         4363    i.GPS_StoreNMEATrueCourse  gps.o
    0x08001b6c   0x08001b6c   0x0000007c   Code   RO         4364    i.GPS_TotalSecondsFromDateTimeGPS  gps.o
    0x08001be8   0x08001be8   0x000000e0   Code   RO         4365    i.GPS_ValidationNMEAData  gps.o
    0x08001cc8   0x08001cc8   0x0000001c   Code   RO         1372    i.GreenLedTaskFun   main.o
    0x08001ce4   0x08001ce4   0x00000048   Code   RO         3142    i.HAL_DMA_Abort_IT  stm32f0xx_hal_dma.o
    0x08001d2c   0x08001d2c   0x0000009c   Code   RO         3146    i.HAL_DMA_IRQHandler  stm32f0xx_hal_dma.o
    0x08001dc8   0x08001dc8   0x00000058   Code   RO         3147    i.HAL_DMA_Init      stm32f0xx_hal_dma.o
    0x08001e20   0x08001e20   0x00000002   Code   RO         2041    i.HAL_GPIO_EXTI_Callback  stm32f0xx_hal_gpio.o
    0x08001e22   0x08001e22   0x00000002   PAD
    0x08001e24   0x08001e24   0x00000018   Code   RO         2042    i.HAL_GPIO_EXTI_IRQHandler  stm32f0xx_hal_gpio.o
    0x08001e3c   0x08001e3c   0x00000158   Code   RO         2043    i.HAL_GPIO_Init     stm32f0xx_hal_gpio.o
    0x08001f94   0x08001f94   0x00000008   Code   RO         2046    i.HAL_GPIO_TogglePin  stm32f0xx_hal_gpio.o
    0x08001f9c   0x08001f9c   0x0000000c   Code   RO         2047    i.HAL_GPIO_WritePin  stm32f0xx_hal_gpio.o
    0x08001fa8   0x08001fa8   0x0000000c   Code   RO         2750    i.HAL_GetTick       stm32f0xx_hal.o
    0x08001fb4   0x08001fb4   0x00000010   Code   RO         2754    i.HAL_IncTick       stm32f0xx_hal.o
    0x08001fc4   0x08001fc4   0x00000020   Code   RO         2755    i.HAL_Init          stm32f0xx_hal.o
    0x08001fe4   0x08001fe4   0x00000078   Code   RO         1513    i.HAL_InitTick      stm32f0xx_hal_timebase_tim.o
    0x0800205c   0x0800205c   0x00000030   Code   RO         1335    i.HAL_MspInit       stm32f0xx_hal_msp.o
    0x0800208c   0x0800208c   0x00000014   Code   RO         2966    i.HAL_NVIC_EnableIRQ  stm32f0xx_hal_cortex.o
    0x080020a0   0x080020a0   0x00000008   Code   RO         2970    i.HAL_NVIC_SetPriority  stm32f0xx_hal_cortex.o
    0x080020a8   0x080020a8   0x00000120   Code   RO         1559    i.HAL_RCCEx_PeriphCLKConfig  stm32f0xx_hal_rcc_ex.o
    0x080021c8   0x080021c8   0x00000154   Code   RO         4062    i.HAL_RCC_ClockConfig  stm32f0xx_hal_rcc.o
    0x0800231c   0x0800231c   0x00000038   Code   RO         4066    i.HAL_RCC_GetClockConfig  stm32f0xx_hal_rcc.o
    0x08002354   0x08002354   0x00000020   Code   RO         4069    i.HAL_RCC_GetPCLK1Freq  stm32f0xx_hal_rcc.o
    0x08002374   0x08002374   0x00000088   Code   RO         4070    i.HAL_RCC_GetSysClockFreq  stm32f0xx_hal_rcc.o
    0x080023fc   0x080023fc   0x000003d8   Code   RO         4073    i.HAL_RCC_OscConfig  stm32f0xx_hal_rcc.o
    0x080027d4   0x080027d4   0x00000002   Code   RO         3235    i.HAL_TIMEx_BreakCallback  stm32f0xx_hal_tim_ex.o
    0x080027d6   0x080027d6   0x00000002   Code   RO         3236    i.HAL_TIMEx_CommutationCallback  stm32f0xx_hal_tim_ex.o
    0x080027d8   0x080027d8   0x00000034   Code   RO         2104    i.HAL_TIM_Base_Init  stm32f0xx_hal_tim.o
    0x0800280c   0x0800280c   0x00000002   Code   RO         2106    i.HAL_TIM_Base_MspInit  stm32f0xx_hal_tim.o
    0x0800280e   0x0800280e   0x00000016   Code   RO         2109    i.HAL_TIM_Base_Start_IT  stm32f0xx_hal_tim.o
    0x08002824   0x08002824   0x00000002   Code   RO         2135    i.HAL_TIM_IC_CaptureCallback  stm32f0xx_hal_tim.o
    0x08002826   0x08002826   0x00000162   Code   RO         2148    i.HAL_TIM_IRQHandler  stm32f0xx_hal_tim.o
    0x08002988   0x08002988   0x00000002   Code   RO         2151    i.HAL_TIM_OC_DelayElapsedCallback  stm32f0xx_hal_tim.o
    0x0800298a   0x0800298a   0x00000002   Code   RO         2178    i.HAL_TIM_PWM_PulseFinishedCallback  stm32f0xx_hal_tim.o
    0x0800298c   0x0800298c   0x00000014   Code   RO         1373    i.HAL_TIM_PeriodElapsedCallback  main.o
    0x080029a0   0x080029a0   0x00000002   Code   RO         2189    i.HAL_TIM_TriggerCallback  stm32f0xx_hal_tim.o
    0x080029a2   0x080029a2   0x00000002   Code   RO         4006    i.HAL_UARTEx_WakeupCallback  stm32f0xx_hal_uart_ex.o
    0x080029a4   0x080029a4   0x00000002   Code   RO         1722    i.HAL_UART_ErrorCallback  stm32f0xx_hal_uart.o
    0x080029a6   0x080029a6   0x00000002   PAD
    0x080029a8   0x080029a8   0x00000134   Code   RO         1725    i.HAL_UART_IRQHandler  stm32f0xx_hal_uart.o
    0x08002adc   0x08002adc   0x0000006c   Code   RO         1726    i.HAL_UART_Init     stm32f0xx_hal_uart.o
    0x08002b48   0x08002b48   0x00000138   Code   RO         1337    i.HAL_UART_MspInit  stm32f0xx_hal_msp.o
    0x08002c80   0x08002c80   0x000000a0   Code   RO         1731    i.HAL_UART_Receive_IT  stm32f0xx_hal_uart.o
    0x08002d20   0x08002d20   0x0000019c   Code   RO         4237    i.HAL_UART_RxCpltCallback  interfaces.o
    0x08002ebc   0x08002ebc   0x00000058   Code   RO         1736    i.HAL_UART_Transmit_IT  stm32f0xx_hal_uart.o
    0x08002f14   0x08002f14   0x00000002   Code   RO         1737    i.HAL_UART_TxCpltCallback  stm32f0xx_hal_uart.o
    0x08002f16   0x08002f16   0x00000002   Code   RO         1264    i.HardFault_Handler  stm32f0xx_it.o
    0x08002f18   0x08002f18   0x0000001c   Code   RO         4239    i.InterfacesSendDataGPS  interfaces.o
    0x08002f34   0x08002f34   0x00000044   Code   RO         4240    i.Interfaces_SelectUartUARTGPSData  interfaces.o
    0x08002f78   0x08002f78   0x000000b8   Code   RO         1374    i.MX_GPIO_Init      main.o
    0x08003030   0x08003030   0x00000038   Code   RO         1375    i.MX_USART2_UART_Init  main.o
    0x08003068   0x08003068   0x00000038   Code   RO         1376    i.MX_USART4_UART_Init  main.o
    0x080030a0   0x080030a0   0x00000038   Code   RO         1377    i.MX_USART6_UART_Init  main.o
    0x080030d8   0x080030d8   0x0000000e   Code   RO         4540    i.MiscFunctions_DecodASCIIDecimalToHexa  miscfunctions.o
    0x080030e6   0x080030e6   0x00000002   Code   RO         1265    i.NMI_Handler       stm32f0xx_it.o
    0x080030e8   0x080030e8   0x00000044   Code   RO         2976    i.NVIC_SetPriority  stm32f0xx_hal_cortex.o
    0x0800312c   0x0800312c   0x00000018   Code   RO         1378    i.RedLedTaskFun     main.o
    0x08003144   0x08003144   0x00000002   Code   RO           13    i.SVC_Handler       port.o
    0x08003146   0x08003146   0x00000002   PAD
    0x08003148   0x08003148   0x00000024   Code   RO           14    i.SysTick_Handler   port.o
    0x0800316c   0x0800316c   0x00000064   Code   RO         1379    i.SystemClock_Config  main.o
    0x080031d0   0x080031d0   0x0000005c   Code   RO         4204    i.SystemInit        system_stm32f0xx.o
    0x0800322c   0x0800322c   0x00000010   Code   RO         1266    i.TIM1_BRK_UP_TRG_COM_IRQHandler  stm32f0xx_it.o
    0x0800323c   0x0800323c   0x00000094   Code   RO         2190    i.TIM_Base_SetConfig  stm32f0xx_hal_tim.o
    0x080032d0   0x080032d0   0x00000018   Code   RO         1380    i.TargetLedTaskFun  main.o
    0x080032e8   0x080032e8   0x000000ca   Code   RO         1739    i.UART_AdvFeatureConfig  stm32f0xx_hal_uart.o
    0x080033b2   0x080033b2   0x00000002   PAD
    0x080033b4   0x080033b4   0x0000007c   Code   RO         1740    i.UART_CheckIdleState  stm32f0xx_hal_uart.o
    0x08003430   0x08003430   0x00000014   Code   RO         1741    i.UART_DMAAbortOnError  stm32f0xx_hal_uart.o
    0x08003444   0x08003444   0x0000001e   Code   RO         1751    i.UART_EndRxTransfer  stm32f0xx_hal_uart.o
    0x08003462   0x08003462   0x0000001a   Code   RO         1752    i.UART_EndTransmit_IT  stm32f0xx_hal_uart.o
    0x0800347c   0x0800347c   0x0000007a   Code   RO         1754    i.UART_Receive_IT   stm32f0xx_hal_uart.o
    0x080034f6   0x080034f6   0x00000002   PAD
    0x080034f8   0x080034f8   0x000001a0   Code   RO         1755    i.UART_SetConfig    stm32f0xx_hal_uart.o
    0x08003698   0x08003698   0x00000066   Code   RO         1756    i.UART_Transmit_IT  stm32f0xx_hal_uart.o
    0x080036fe   0x080036fe   0x00000062   Code   RO         1757    i.UART_WaitOnFlagUntilTimeout  stm32f0xx_hal_uart.o
    0x08003760   0x08003760   0x00000010   Code   RO         1267    i.USART2_IRQHandler  stm32f0xx_it.o
    0x08003770   0x08003770   0x00000018   Code   RO         1268    i.USART3_8_IRQHandler  stm32f0xx_it.o
    0x08003788   0x08003788   0x00000008   Code   RO         1381    i.YellowLedTaskFun  main.o
    0x08003790   0x08003790   0x00000028   Code   RO         4806    i.__0sprintf        mc_p.l(printfa.o)
    0x080037b8   0x080037b8   0x0000002e   Code   RO         4933    i.__ARM_clz         mf_p.l(depilogue.o)
    0x080037e6   0x080037e6   0x0000001a   Code   RO          510    i.__ARM_common_switch8  tasks.o
    0x08003800   0x08003800   0x00000008   Code   RO         4891    i.__aeabi_errno_addr  mc_p.l(errno.o)
    0x08003808   0x08003808   0x0000000c   Code   RO         4892    i.__read_errno      mc_p.l(errno.o)
    0x08003814   0x08003814   0x0000000e   Code   RO         4944    i.__scatterload_copy  mc_p.l(handlers.o)
    0x08003822   0x08003822   0x00000002   Code   RO         4945    i.__scatterload_null  mc_p.l(handlers.o)
    0x08003824   0x08003824   0x0000000e   Code   RO         4946    i.__scatterload_zeroinit  mc_p.l(handlers.o)
    0x08003832   0x08003832   0x00000002   PAD
    0x08003834   0x08003834   0x0000000c   Code   RO         4893    i.__set_errno       mc_p.l(errno.o)
    0x08003840   0x08003840   0x00000174   Code   RO         4811    i._fp_digits        mc_p.l(printfa.o)
    0x080039b4   0x080039b4   0x0000000e   Code   RO         4927    i._is_digit         mc_p.l(scanf_fp.o)
    0x080039c2   0x080039c2   0x00000002   PAD
    0x080039c4   0x080039c4   0x000006ec   Code   RO         4812    i._printf_core      mc_p.l(printfa.o)
    0x080040b0   0x080040b0   0x00000020   Code   RO         4813    i._printf_post_padding  mc_p.l(printfa.o)
    0x080040d0   0x080040d0   0x0000002c   Code   RO         4814    i._printf_pre_padding  mc_p.l(printfa.o)
    0x080040fc   0x080040fc   0x0000000a   Code   RO         4816    i._sputc            mc_p.l(printfa.o)
    0x08004106   0x08004106   0x0000002a   Code   RO         4553    i.atof              m_ps.l(atof.o)
    0x08004130   0x08004130   0x000000f8   Code   RO         1383    i.main              main.o
    0x08004228   0x08004228   0x0000000c   Code   RO          736    i.makeFreeRtosPriority  cmsis_os.o
    0x08004234   0x08004234   0x00000010   Code   RO          738    i.osDelay           cmsis_os.o
    0x08004244   0x08004244   0x0000000a   Code   RO          741    i.osKernelStart     cmsis_os.o
    0x0800424e   0x0800424e   0x0000002e   Code   RO          775    i.osThreadCreate    cmsis_os.o
    0x0800427c   0x0800427c   0x00000058   Code   RO          232    i.prvAddCurrentTaskToDelayedList  tasks.o
    0x080042d4   0x080042d4   0x000000b8   Code   RO          233    i.prvAddNewTaskToReadyList  tasks.o
    0x0800438c   0x0800438c   0x00000050   Code   RO          234    i.prvCheckTasksWaitingTermination  tasks.o
    0x080043dc   0x080043dc   0x00000012   Code   RO          235    i.prvDeleteTCB      tasks.o
    0x080043ee   0x080043ee   0x00000002   PAD
    0x080043f0   0x080043f0   0x00000044   Code   RO          557    i.prvHeapInit       heap_4.o
    0x08004434   0x08004434   0x00000018   Code   RO          236    i.prvIdleTask       tasks.o
    0x0800444c   0x0800444c   0x0000007c   Code   RO          237    i.prvInitialiseNewTask  tasks.o
    0x080044c8   0x080044c8   0x0000004c   Code   RO          558    i.prvInsertBlockIntoFreeList  heap_4.o
    0x08004514   0x08004514   0x00000020   Code   RO          238    i.prvResetNextTaskUnblockTime  tasks.o
    0x08004534   0x08004534   0x00000014   Code   RO           15    i.prvTaskExitError  port.o
    0x08004548   0x08004548   0x0000002c   Code   RO          239    i.prvTaskIsTaskSuspended  tasks.o
    0x08004574   0x08004574   0x000000b0   Code   RO          559    i.pvPortMalloc      heap_4.o
    0x08004624   0x08004624   0x00000020   Code   RO           16    i.pxPortInitialiseStack  port.o
    0x08004644   0x08004644   0x00000074   Code   RO         4286    i.uartGPS_ResetUARTGPSData  uartgps.o
    0x080046b8   0x080046b8   0x00000014   Code   RO         4287    i.uartGPS_SelectUartUARTGPSData  uartgps.o
    0x080046cc   0x080046cc   0x00000008   Code   RO         4288    i.uartGPS_SendDataGPS  uartgps.o
    0x080046d4   0x080046d4   0x00000014   Code   RO         4289    i.uartGPS_init      uartgps.o
    0x080046e8   0x080046e8   0x00000024   Code   RO          690    i.uxListRemove      list.o
    0x0800470c   0x0800470c   0x00000016   Code   RO          691    i.vListInitialise   list.o
    0x08004722   0x08004722   0x00000006   Code   RO          692    i.vListInitialiseItem  list.o
    0x08004728   0x08004728   0x00000030   Code   RO          693    i.vListInsert       list.o
    0x08004758   0x08004758   0x00000018   Code   RO          694    i.vListInsertEnd    list.o
    0x08004770   0x08004770   0x00000018   Code   RO           18    i.vPortEnterCritical  port.o
    0x08004788   0x08004788   0x0000001c   Code   RO           19    i.vPortExitCritical  port.o
    0x080047a4   0x080047a4   0x00000044   Code   RO          560    i.vPortFree         heap_4.o
    0x080047e8   0x080047e8   0x00000024   Code   RO           20    i.vPortSetupTimerInterrupt  port.o
    0x0800480c   0x0800480c   0x00000018   Code   RO           21    i.vPortYield        port.o
    0x08004824   0x08004824   0x00000030   Code   RO          246    i.vTaskDelay        tasks.o
    0x08004854   0x08004854   0x0000005c   Code   RO          255    i.vTaskResume       tasks.o
    0x080048b0   0x080048b0   0x0000004c   Code   RO          257    i.vTaskStartScheduler  tasks.o
    0x080048fc   0x080048fc   0x00000010   Code   RO          259    i.vTaskSuspendAll   tasks.o
    0x0800490c   0x0800490c   0x00000058   Code   RO          260    i.vTaskSwitchContext  tasks.o
    0x08004964   0x08004964   0x00000030   Code   RO           22    i.xPortStartScheduler  port.o
    0x08004994   0x08004994   0x0000004e   Code   RO          262    i.xTaskCreate       tasks.o
    0x080049e2   0x080049e2   0x00000002   PAD
    0x080049e4   0x080049e4   0x000000bc   Code   RO          269    i.xTaskIncrementTick  tasks.o
    0x08004aa0   0x08004aa0   0x000000ac   Code   RO          275    i.xTaskResumeAll    tasks.o
    0x08004b4c   0x08004b4c   0x0000008c   Data   RO         1388    .constdata          main.o
    0x08004bd8   0x08004bd8   0x00000010   Data   RO         4205    .constdata          system_stm32f0xx.o
    0x08004be8   0x08004be8   0x00000008   Data   RO         4206    .constdata          system_stm32f0xx.o
    0x08004bf0   0x08004bf0   0x00000081   Data   RO         4864    .constdata          mc_p.l(ctype_o.o)
    0x08004c71   0x08004c71   0x00000003   PAD
    0x08004c74   0x08004c74   0x00000004   Data   RO         4865    .constdata          mc_p.l(ctype_o.o)
    0x08004c78   0x08004c78   0x00000058   Data   RO         1389    .conststring        main.o
    0x08004cd0   0x08004cd0   0x00000144   Data   RO         4367    .conststring        gps.o
    0x08004e14   0x08004e14   0x00000020   Data   RO         4942    Region$$Table       anon$$obj.o


    Execution Region RW_IRAM1 (Exec base: 0x20000000, Load base: 0x08004e34, Size: 0x00002730, Max: 0x00008000, ABSOLUTE)

    Exec Addr    Load Addr    Size         Type   Attr      Idx    E Section Name        Object

    0x20000000   0x08004e34   0x00000004   Data   RW           23    .data               port.o
    0x20000004   0x08004e38   0x0000003c   Data   RW          278    .data               tasks.o
    0x20000040   0x08004e74   0x00000018   Data   RW          565    .data               heap_4.o
    0x20000058   0x08004e8c   0x00000020   Data   RW         1393    .data               main.o
    0x20000078   0x08004eac   0x00000004   Data   RW         2761    .data               stm32f0xx_hal.o
    0x2000007c   0x08004eb0   0x00000004   Data   RW         4207    .data               system_stm32f0xx.o
    0x20000080   0x08004eb4   0x00000002   Data   RW         4291    .data               uartgps.o
    0x20000082   0x08004eb6   0x00000002   PAD
    0x20000084   0x08004eb8   0x00000046   Data   RW         4368    .data               gps.o
    0x200000ca   0x08004efe   0x00000002   PAD
    0x200000cc   0x08004f00   0x00000004   Data   RW         4894    .data               mc_p.l(errno.o)
    0x200000d0        -       0x000000f0   Zero   RW          277    .bss                tasks.o
    0x200001c0        -       0x00001ae0   Zero   RW          564    .bss                heap_4.o
    0x20001ca0        -       0x00000150   Zero   RW         1384    .bss                main.o
    0x20001df0        -       0x00000044   Zero   RW         1385    .bss                main.o
    0x20001e34        -       0x00000040   Zero   RW         1516    .bss                stm32f0xx_hal_timebase_tim.o
    0x20001e74        -       0x000003c0   Zero   RW         4290    .bss                uartgps.o
    0x20002234        -       0x000000f8   Zero   RW         4366    .bss                gps.o
    0x2000232c   0x08004f04   0x00000004   PAD
    0x20002330        -       0x00000400   Zero   RW            1    STACK               startup_stm32f091xc.o


==============================================================================

Image component sizes


      Code (inc. data)   RO Data    RW Data    ZI Data      Debug   Object Name

        84          0          0          0          0       8945   cmsis_os.o
      3216        414        324         70        248      27222   gps.o
       388         22          0         24       6880       4047   heap_4.o
       508         66          0          0          0       6036   interfaces.o
       136          0          0          0          0       3234   list.o
      1074        172        228         32        404       9870   main.o
        14          0          0          0          0        596   miscfunctions.o
       370         58          0          4          0     538347   port.o
        28          8        188          0       1024        608   startup_stm32f091xc.o
        60         18          0          4          0       2364   stm32f0xx_hal.o
        96         14          0          0          0       8048   stm32f0xx_hal_cortex.o
       384         18          0          0          0       3083   stm32f0xx_hal_dma.o
       390         36          0          0          0       3789   stm32f0xx_hal_gpio.o
       360         32          0          0          0       1778   stm32f0xx_hal_msp.o
      1548        106          0          0          0       5218   stm32f0xx_hal_rcc.o
       288         12          0          0          0       1460   stm32f0xx_hal_rcc_ex.o
       586         24          0          0          0       6476   stm32f0xx_hal_tim.o
         4          0          0          0          0       1486   stm32f0xx_hal_tim_ex.o
       120         22          0          0         64       1327   stm32f0xx_hal_timebase_tim.o
      1808         74          0          0          0      11262   stm32f0xx_hal_uart.o
         2          0          0          0          0        936   stm32f0xx_hal_uart_ex.o
       104         26          0          0          0       6446   stm32f0xx_it.o
        92         16         24          4          0       1075   system_stm32f0xx.o
      1378        104          0         60        240      19016   tasks.o
         0          0          0          0          0       2492   timers.o
       164         30          0          2        960       5041   uartgps.o

    ----------------------------------------------------------------------
     13218       1272        796        204       9824     680202   Object Totals
         0          0         32          0          0          0   (incl. Generated)
        16          0          0          4          4          0   (incl. Padding)

    ----------------------------------------------------------------------

      Code (inc. data)   RO Data    RW Data    ZI Data      Debug   Library Member Name

        42          0          0          0          0         76   atof.o
        30          0          0          0          0         60   _chval.o
        68          0          0          0          0         76   _sgetc.o
       166          0          0          0          0         84   _strtoul.o
        26          0          0          0          0         72   atoi.o
        26          0          0          0          0         72   atol.o
         8          4        133          0          0         60   ctype_o.o
         0          0          0          0          0          0   entry.o
         0          0          0          0          0          0   entry10a.o
         0          0          0          0          0          0   entry11a.o
         8          4          0          0          0          0   entry2.o
         4          0          0          0          0          0   entry5.o
         0          0          0          0          0          0   entry7b.o
         0          0          0          0          0          0   entry8b.o
         8          4          0          0          0          0   entry9a.o
        32         16          0          4          0        180   errno.o
        30          0          0          0          0          0   handlers.o
        36          8          0          0          0         68   init.o
        18          0          0          0          0         68   isspace_o.o
         0          0          0          0          0          0   iusefp.o
       122          0          0          0          0         84   llmul.o
        32          0          0          0          0         68   llshl.o
        38          0          0          0          0         68   llsshr.o
        34          0          0          0          0         68   llushr.o
        36          0          0          0          0         60   memcpya.o
        36          0          0          0          0        100   memseta.o
      2270         94          0          0          0        472   printfa.o
       898         12          0          0          0        184   scanf_fp.o
        40          0          0          0          0         72   strstr.o
       164         16          0          0          0        120   strtod.o
       112          4          0          0          0         76   strtol.o
        44          0          0          0          0         72   uidiv.o
        96          0          0          0          0         84   uldiv.o
        40          2          0          0          0         68   cdrcmple.o
        20          0          0          0          0         68   cfcmple.o
        20          0          0          0          0         68   cfrcmple.o
        56          0          0          0          0         68   d2f.o
       356          4          0          0          0        140   dadd.o
       240          6          0          0          0         84   ddiv.o
       236          0          0          0          0        216   depilogue.o
        64         10          0          0          0         68   dfixul.o
        28          6          0          0          0         68   dfltul.o
       208          6          0          0          0         88   dmul.o
        40          0          0          0          0         60   f2d.o
       130          0          0          0          0        144   fepilogue.o

    ----------------------------------------------------------------------
      5870        196        136          4          0       3484   Library Totals
         8          0          3          0          0          0   (incl. Padding)

    ----------------------------------------------------------------------

      Code (inc. data)   RO Data    RW Data    ZI Data      Debug   Library Name

        42          0          0          0          0         76   m_ps.l
      4382        162        133          4          0       2268   mc_p.l
      1438         34          0          0          0       1140   mf_p.l

    ----------------------------------------------------------------------
      5870        196        136          4          0       3484   Library Totals

    ----------------------------------------------------------------------

==============================================================================


      Code (inc. data)   RO Data    RW Data    ZI Data      Debug   

     19088       1468        932        208       9824     675622   Grand Totals
     19088       1468        932        208       9824     675622   ELF Image Totals
     19088       1468        932        208          0          0   ROM Totals

==============================================================================

    Total RO  Size (Code + RO Data)                20020 (  19.55kB)
    Total RW  Size (RW Data + ZI Data)             10032 (   9.80kB)
    Total ROM Size (Code + RO Data + RW Data)      20228 (  19.75kB)

==============================================================================

