Archive member included to satisfy reference by file (symbol)

/usr/lib/gcc/arm-none-eabi/8.2018.q4/bin/../lib/gcc/arm-none-eabi/8.2.1/../../../../arm-none-eabi/lib/thumb/v6-m/nofp/libc_nano.a(lib_a-atof.o)
                              build/GPS.o (atof)
/usr/lib/gcc/arm-none-eabi/8.2018.q4/bin/../lib/gcc/arm-none-eabi/8.2.1/../../../../arm-none-eabi/lib/thumb/v6-m/nofp/libc_nano.a(lib_a-atoi.o)
                              build/GPS.o (atoi)
/usr/lib/gcc/arm-none-eabi/8.2018.q4/bin/../lib/gcc/arm-none-eabi/8.2.1/../../../../arm-none-eabi/lib/thumb/v6-m/nofp/libc_nano.a(lib_a-atol.o)
                              build/GPS.o (atol)
/usr/lib/gcc/arm-none-eabi/8.2018.q4/bin/../lib/gcc/arm-none-eabi/8.2.1/../../../../arm-none-eabi/lib/thumb/v6-m/nofp/libc_nano.a(lib_a-exit.o)
                              /usr/lib/gcc/arm-none-eabi/8.2018.q4/bin/../lib/gcc/arm-none-eabi/8.2.1/../../../../arm-none-eabi/lib/thumb/v6-m/nofp/crt0.o (exit)
/usr/lib/gcc/arm-none-eabi/8.2018.q4/bin/../lib/gcc/arm-none-eabi/8.2.1/../../../../arm-none-eabi/lib/thumb/v6-m/nofp/libc_nano.a(lib_a-impure.o)
                              /usr/lib/gcc/arm-none-eabi/8.2018.q4/bin/../lib/gcc/arm-none-eabi/8.2.1/../../../../arm-none-eabi/lib/thumb/v6-m/nofp/libc_nano.a(lib_a-exit.o) (_global_impure_ptr)
/usr/lib/gcc/arm-none-eabi/8.2018.q4/bin/../lib/gcc/arm-none-eabi/8.2.1/../../../../arm-none-eabi/lib/thumb/v6-m/nofp/libc_nano.a(lib_a-init.o)
                              /usr/lib/gcc/arm-none-eabi/8.2018.q4/bin/../lib/gcc/arm-none-eabi/8.2.1/../../../../arm-none-eabi/lib/thumb/v6-m/nofp/crt0.o (__libc_init_array)
/usr/lib/gcc/arm-none-eabi/8.2018.q4/bin/../lib/gcc/arm-none-eabi/8.2.1/../../../../arm-none-eabi/lib/thumb/v6-m/nofp/libc_nano.a(lib_a-memcpy-stub.o)
                              build/GPS.o (memcpy)
/usr/lib/gcc/arm-none-eabi/8.2018.q4/bin/../lib/gcc/arm-none-eabi/8.2.1/../../../../arm-none-eabi/lib/thumb/v6-m/nofp/libc_nano.a(lib_a-memset.o)
                              /usr/lib/gcc/arm-none-eabi/8.2018.q4/bin/../lib/gcc/arm-none-eabi/8.2.1/../../../../arm-none-eabi/lib/thumb/v6-m/nofp/crt0.o (memset)
/usr/lib/gcc/arm-none-eabi/8.2018.q4/bin/../lib/gcc/arm-none-eabi/8.2.1/../../../../arm-none-eabi/lib/thumb/v6-m/nofp/libc_nano.a(lib_a-sprintf.o)
                              build/GPS.o (sprintf)
/usr/lib/gcc/arm-none-eabi/8.2018.q4/bin/../lib/gcc/arm-none-eabi/8.2.1/../../../../arm-none-eabi/lib/thumb/v6-m/nofp/libc_nano.a(lib_a-strstr.o)
                              build/GPS.o (strstr)
/usr/lib/gcc/arm-none-eabi/8.2018.q4/bin/../lib/gcc/arm-none-eabi/8.2.1/../../../../arm-none-eabi/lib/thumb/v6-m/nofp/libc_nano.a(lib_a-strtod.o)
                              /usr/lib/gcc/arm-none-eabi/8.2018.q4/bin/../lib/gcc/arm-none-eabi/8.2.1/../../../../arm-none-eabi/lib/thumb/v6-m/nofp/libc_nano.a(lib_a-atof.o) (strtod)
/usr/lib/gcc/arm-none-eabi/8.2018.q4/bin/../lib/gcc/arm-none-eabi/8.2.1/../../../../arm-none-eabi/lib/thumb/v6-m/nofp/libc_nano.a(lib_a-strtol.o)
                              /usr/lib/gcc/arm-none-eabi/8.2018.q4/bin/../lib/gcc/arm-none-eabi/8.2.1/../../../../arm-none-eabi/lib/thumb/v6-m/nofp/libc_nano.a(lib_a-atoi.o) (_strtol_r)
/usr/lib/gcc/arm-none-eabi/8.2018.q4/bin/../lib/gcc/arm-none-eabi/8.2.1/../../../../arm-none-eabi/lib/thumb/v6-m/nofp/libc_nano.a(lib_a-ctype_.o)
                              /usr/lib/gcc/arm-none-eabi/8.2018.q4/bin/../lib/gcc/arm-none-eabi/8.2.1/../../../../arm-none-eabi/lib/thumb/v6-m/nofp/libc_nano.a(lib_a-strtol.o) (_ctype_)
/usr/lib/gcc/arm-none-eabi/8.2018.q4/bin/../lib/gcc/arm-none-eabi/8.2.1/../../../../arm-none-eabi/lib/thumb/v6-m/nofp/libc_nano.a(lib_a-gdtoa-gethex.o)
                              /usr/lib/gcc/arm-none-eabi/8.2018.q4/bin/../lib/gcc/arm-none-eabi/8.2.1/../../../../arm-none-eabi/lib/thumb/v6-m/nofp/libc_nano.a(lib_a-strtod.o) (__gethex)
/usr/lib/gcc/arm-none-eabi/8.2018.q4/bin/../lib/gcc/arm-none-eabi/8.2.1/../../../../arm-none-eabi/lib/thumb/v6-m/nofp/libc_nano.a(lib_a-gdtoa-hexnan.o)
                              /usr/lib/gcc/arm-none-eabi/8.2018.q4/bin/../lib/gcc/arm-none-eabi/8.2.1/../../../../arm-none-eabi/lib/thumb/v6-m/nofp/libc_nano.a(lib_a-strtod.o) (__match)
/usr/lib/gcc/arm-none-eabi/8.2018.q4/bin/../lib/gcc/arm-none-eabi/8.2.1/../../../../arm-none-eabi/lib/thumb/v6-m/nofp/libc_nano.a(lib_a-lnumeric.o)
                              /usr/lib/gcc/arm-none-eabi/8.2018.q4/bin/../lib/gcc/arm-none-eabi/8.2.1/../../../../arm-none-eabi/lib/thumb/v6-m/nofp/libc_nano.a(lib_a-strtod.o) (_C_numeric_locale)
/usr/lib/gcc/arm-none-eabi/8.2018.q4/bin/../lib/gcc/arm-none-eabi/8.2.1/../../../../arm-none-eabi/lib/thumb/v6-m/nofp/libc_nano.a(lib_a-locale.o)
                              /usr/lib/gcc/arm-none-eabi/8.2018.q4/bin/../lib/gcc/arm-none-eabi/8.2.1/../../../../arm-none-eabi/lib/thumb/v6-m/nofp/libc_nano.a(lib_a-strtod.o) (__global_locale)
[...]
Memory Configuration

Name             Origin             Length             Attributes
RAM              0x0000000020000000 0x0000000000008000 xrw
FLASH            0x0000000008000000 0x0000000000020000 xr
*default*        0x0000000000000000 0xffffffffffffffff

Linker script and memory map

LOAD /usr/lib/gcc/arm-none-eabi/8.2018.q4/bin/../lib/gcc/arm-none-eabi/8.2.1/thumb/v6-m/nofp/crti.o
LOAD /usr/lib/gcc/arm-none-eabi/8.2018.q4/bin/../lib/gcc/arm-none-eabi/8.2.1/thumb/v6-m/nofp/crtbegin.o
LOAD /usr/lib/gcc/arm-none-eabi/8.2018.q4/bin/../lib/gcc/arm-none-eabi/8.2.1/../../../../arm-none-eabi/lib/thumb/v6-m/nofp/crt0.o
LOAD build/main.o
LOAD build/freertos.o
LOAD build/interfaces.o
LOAD build/uartGPS.o
LOAD build/GPS.o
LOAD build/MiscFunctions.o
LOAD build/stm32f0xx_it.o
LOAD build/stm32f0xx_hal_msp.o
LOAD build/stm32f0xx_hal_timebase_tim.o
LOAD build/stm32f0xx_hal_tim.o
LOAD build/stm32f0xx_hal_tim_ex.o
LOAD build/stm32f0xx_hal_uart.o
LOAD build/stm32f0xx_hal_uart_ex.o
LOAD build/stm32f0xx_hal_rcc.o
LOAD build/stm32f0xx_hal_rcc_ex.o
LOAD build/stm32f0xx_hal.o
LOAD build/stm32f0xx_hal_i2c.o
LOAD build/stm32f0xx_hal_i2c_ex.o
LOAD build/stm32f0xx_hal_gpio.o
LOAD build/stm32f0xx_hal_dma.o
LOAD build/stm32f0xx_hal_cortex.o
LOAD build/stm32f0xx_hal_pwr.o
LOAD build/stm32f0xx_hal_pwr_ex.o
LOAD build/stm32f0xx_hal_flash.o
LOAD build/stm32f0xx_hal_flash_ex.o
LOAD build/system_stm32f0xx.o
LOAD build/croutine.o
LOAD build/event_groups.o
LOAD build/list.o
LOAD build/queue.o
LOAD build/tasks.o
LOAD build/timers.o
LOAD build/cmsis_os.o
LOAD build/heap_4.o
LOAD build/port.o
LOAD build/startup_stm32f091xc.o
LOAD /usr/lib/gcc/arm-none-eabi/8.2018.q4/bin/../lib/gcc/arm-none-eabi/8.2.1/../../../../arm-none-eabi/lib/thumb/v6-m/nofp/libc_nano.a
LOAD /usr/lib/gcc/arm-none-eabi/8.2018.q4/bin/../lib/gcc/arm-none-eabi/8.2.1/../../../../arm-none-eabi/lib/thumb/v6-m/nofp/libm.a
LOAD /usr/lib/gcc/arm-none-eabi/8.2018.q4/bin/../lib/gcc/arm-none-eabi/8.2.1/../../../../arm-none-eabi/lib/thumb/v6-m/nofp/libnosys.a
START GROUP
LOAD /usr/lib/gcc/arm-none-eabi/8.2018.q4/bin/../lib/gcc/arm-none-eabi/8.2.1/thumb/v6-m/nofp/libgcc.a
LOAD /usr/lib/gcc/arm-none-eabi/8.2018.q4/bin/../lib/gcc/arm-none-eabi/8.2.1/../../../../arm-none-eabi/lib/thumb/v6-m/nofp/libc_nano.a
END GROUP
START GROUP
LOAD /usr/lib/gcc/arm-none-eabi/8.2018.q4/bin/../lib/gcc/arm-none-eabi/8.2.1/thumb/v6-m/nofp/libgcc.a
LOAD /usr/lib/gcc/arm-none-eabi/8.2018.q4/bin/../lib/gcc/arm-none-eabi/8.2.1/../../../../arm-none-eabi/lib/thumb/v6-m/nofp/libc_nano.a
END GROUP
LOAD /usr/lib/gcc/arm-none-eabi/8.2018.q4/bin/../lib/gcc/arm-none-eabi/8.2.1/thumb/v6-m/nofp/crtend.o
LOAD /usr/lib/gcc/arm-none-eabi/8.2018.q4/bin/../lib/gcc/arm-none-eabi/8.2.1/thumb/v6-m/nofp/crtn.o
                0x0000000020008000                _estack = 0x20008000
                0x0000000000000200                _Min_Heap_Size = 0x200
                0x0000000000000400                _Min_Stack_Size = 0x400

.isr_vector     0x0000000008000000       0xbc
                0x0000000008000000                . = ALIGN (0x4)
 *(.isr_vector)
 .isr_vector    0x0000000008000000       0xbc build/startup_stm32f091xc.o
                0x0000000008000000                g_pfnVectors
                0x00000000080000bc                . = ALIGN (0x4)

.text           0x00000000080000c0     0x8864
                0x00000000080000c0                . = ALIGN (0x4)
 *(.text)
 .text          0x00000000080000c0       0x48 /usr/lib/gcc/arm-none-eabi/8.2018.q4/bin/../lib/gcc/arm-none-eabi/8.2.1/thumb/v6-m/nofp/crtbegin.o
 .text          0x0000000008000108        0xe /usr/lib/gcc/arm-none-eabi/8.2018.q4/bin/../lib/gcc/arm-none-eabi/8.2.1/../../../../arm-none-eabi/lib/thumb/v6-m/nofp/libc_nano.a(lib_a-strlen.o)
                0x0000000008000108                strlen
 *fill*         0x0000000008000116        0x2 
 .text          0x0000000008000118       0x14 /usr/lib/gcc/arm-none-eabi/8.2018.q4/bin/../lib/gcc/arm-none-eabi/8.2.1/thumb/v6-m/nofp/libgcc.a(_thumb1_case_uqi.o)
                0x0000000008000118                __gnu_thumb1_case_uqi
 .text          0x000000000800012c      0x114 /usr/lib/gcc/arm-none-eabi/8.2018.q4/bin/../lib/gcc/arm-none-eabi/8.2.1/thumb/v6-m/nofp/libgcc.a(_udivsi3.o)
                0x000000000800012c                __udivsi3
                0x000000000800012c                __aeabi_uidiv
                0x0000000008000238                __aeabi_uidivmod
 .text          0x0000000008000240      0x1d4 /usr/lib/gcc/arm-none-eabi/8.2018.q4/bin/../lib/gcc/arm-none-eabi/8.2.1/thumb/v6-m/nofp/libgcc.a(_divsi3.o)
                0x0000000008000240                __aeabi_idiv
                0x0000000008000240                __divsi3
                0x000000000800040c                __aeabi_idivmod
 .text          0x0000000008000414        0x4 /usr/lib/gcc/arm-none-eabi/8.2018.q4/bin/../lib/gcc/arm-none-eabi/8.2.1/thumb/v6-m/nofp/libgcc.a(_dvmd_tls.o)
                0x0000000008000414                __aeabi_ldiv0
                0x0000000008000414                __aeabi_idiv0
 .text          0x0000000008000418       0x7c /usr/lib/gcc/arm-none-eabi/8.2018.q4/bin/../lib/gcc/arm-none-eabi/8.2.1/thumb/v6-m/nofp/libgcc.a(_arm_cmpdf2.o)
                0x0000000008000418                __aeabi_cdrcmple
                0x0000000008000428                __aeabi_cdcmple
                0x0000000008000428                __aeabi_cdcmpeq
                0x0000000008000438                __aeabi_dcmpeq
                0x0000000008000444                __aeabi_dcmplt
                0x0000000008000458                __aeabi_dcmple
                0x000000000800046c                __aeabi_dcmpgt
                0x0000000008000480                __aeabi_dcmpge
 .text          0x0000000008000494       0x74 /usr/lib/gcc/arm-none-eabi/8.2018.q4/bin/../lib/gcc/arm-none-eabi/8.2.1/thumb/v6-m/nofp/libgcc.a(_arm_cmpsf2.o)
                0x0000000008000494                __aeabi_cfrcmple
                0x000000000800049c                __aeabi_cfcmple
                0x000000000800049c                __aeabi_cfcmpeq
                0x00000000080004ac                __aeabi_fcmpeq
                0x00000000080004b8                __aeabi_fcmplt
                0x00000000080004cc                __aeabi_fcmple
                0x00000000080004e0                __aeabi_fcmpgt
                0x00000000080004f4                __aeabi_fcmpge
 .text          0x0000000008000508       0x3c /usr/lib/gcc/arm-none-eabi/8.2018.q4/bin/../lib/gcc/arm-none-eabi/8.2.1/thumb/v6-m/nofp/libgcc.a(_fixunsdfsi.o)
                0x0000000008000508                __fixunsdfsi
                0x0000000008000508                __aeabi_d2uiz
 .text          0x0000000008000544       0x38 /usr/lib/gcc/arm-none-eabi/8.2018.q4/bin/../lib/gcc/arm-none-eabi/8.2.1/thumb/v6-m/nofp/libgcc.a(_fixdfdi.o)
                0x0000000008000544                __aeabi_d2lz
                0x0000000008000544                __fixdfdi
 .text          0x000000000800057c       0x3c /usr/lib/gcc/arm-none-eabi/8.2018.q4/bin/../lib/gcc/arm-none-eabi/8.2.1/thumb/v6-m/nofp/libgcc.a(_fixunsdfdi.o)
                0x000000000800057c                __aeabi_d2ulz
                0x000000000800057c                __fixunsdfdi
 .text          0x00000000080005b8       0x2c /usr/lib/gcc/arm-none-eabi/8.2018.q4/bin/../lib/gcc/arm-none-eabi/8.2.1/thumb/v6-m/nofp/libgcc.a(_floatdidf.o)
                0x00000000080005b8                __floatdidf
                0x00000000080005b8                __aeabi_l2d
 .text          0x00000000080005e4       0x50 /usr/lib/gcc/arm-none-eabi/8.2018.q4/bin/../lib/gcc/arm-none-eabi/8.2.1/thumb/v6-m/nofp/libgcc.a(eqsf2.o)
                0x00000000080005e4                __nesf2
                0x00000000080005e4                __eqsf2
 .text          0x0000000008000634       0x9c /usr/lib/gcc/arm-none-eabi/8.2018.q4/bin/../lib/gcc/arm-none-eabi/8.2.1/thumb/v6-m/nofp/libgcc.a(gesf2.o)
                0x0000000008000634                __gtsf2
                0x0000000008000634                __gesf2
 .text          0x00000000080006d0       0x9c /usr/lib/gcc/arm-none-eabi/8.2018.q4/bin/../lib/gcc/arm-none-eabi/8.2.1/thumb/v6-m/nofp/libgcc.a(lesf2.o)
                0x00000000080006d0                __lesf2
                0x00000000080006d0                __ltsf2
 .text          0x000000000800076c      0x6ec /usr/lib/gcc/arm-none-eabi/8.2018.q4/bin/../lib/gcc/arm-none-eabi/8.2.1/thumb/v6-m/nofp/libgcc.a(adddf3.o)
                0x000000000800076c                __aeabi_dadd
 .text          0x0000000008000e58      0x5ec /usr/lib/gcc/arm-none-eabi/8.2018.q4/bin/../lib/gcc/arm-none-eabi/8.2.1/thumb/v6-m/nofp/libgcc.a(divdf3.o)
                0x0000000008000e58                __aeabi_ddiv
 .text          0x0000000008001444       0x80 /usr/lib/gcc/arm-none-eabi/8.2018.q4/bin/../lib/gcc/arm-none-eabi/8.2.1/thumb/v6-m/nofp/libgcc.a(eqdf2.o)
                0x0000000008001444                __eqdf2
                0x0000000008001444                __nedf2
 .text          0x00000000080014c4       0xc8 /usr/lib/gcc/arm-none-eabi/8.2018.q4/bin/../lib/gcc/arm-none-eabi/8.2.1/thumb/v6-m/nofp/libgcc.a(gedf2.o)
                0x00000000080014c4                __gtdf2
                0x00000000080014c4                __gedf2
 .text          0x000000000800158c       0xc8 /usr/lib/gcc/arm-none-eabi/8.2018.q4/bin/../lib/gcc/arm-none-eabi/8.2.1/thumb/v6-m/nofp/libgcc.a(ledf2.o)
                0x000000000800158c                __ltdf2
                0x000000000800158c                __ledf2
 .text          0x0000000008001654      0x510 /usr/lib/gcc/arm-none-eabi/8.2018.q4/bin/../lib/gcc/arm-none-eabi/8.2.1/thumb/v6-m/nofp/libgcc.a(muldf3.o)
                0x0000000008001654                __aeabi_dmul
 .text          0x0000000008001b64      0x730 /usr/lib/gcc/arm-none-eabi/8.2018.q4/bin/../lib/gcc/arm-none-eabi/8.2.1/thumb/v6-m/nofp/libgcc.a(subdf3.o)
                0x0000000008001b64                __aeabi_dsub
 .text          0x0000000008002294       0x6c /usr/lib/gcc/arm-none-eabi/8.2018.q4/bin/../lib/gcc/arm-none-eabi/8.2.1/thumb/v6-m/nofp/libgcc.a(fixdfsi.o)
                0x0000000008002294                __aeabi_d2iz
 .text          0x0000000008002300       0x78 /usr/lib/gcc/arm-none-eabi/8.2018.q4/bin/../lib/gcc/arm-none-eabi/8.2.1/thumb/v6-m/nofp/libgcc.a(floatsidf.o)
                0x0000000008002300                __aeabi_i2d
 .text          0x0000000008002378       0x64 /usr/lib/gcc/arm-none-eabi/8.2018.q4/bin/../lib/gcc/arm-none-eabi/8.2.1/thumb/v6-m/nofp/libgcc.a(floatunsidf.o)
                0x0000000008002378                __aeabi_ui2d
 .text          0x00000000080023dc       0xa4 /usr/lib/gcc/arm-none-eabi/8.2018.q4/bin/../lib/gcc/arm-none-eabi/8.2.1/thumb/v6-m/nofp/libgcc.a(extendsfdf2.o)
                0x00000000080023dc                __aeabi_f2d
 .text          0x0000000008002480      0x110 /usr/lib/gcc/arm-none-eabi/8.2018.q4/bin/../lib/gcc/arm-none-eabi/8.2.1/thumb/v6-m/nofp/libgcc.a(truncdfsf2.o)
                0x0000000008002480                __aeabi_d2f
 .text          0x0000000008002590       0x3c /usr/lib/gcc/arm-none-eabi/8.2018.q4/bin/../lib/gcc/arm-none-eabi/8.2.1/thumb/v6-m/nofp/libgcc.a(_clzsi2.o)
                0x0000000008002590                __clzsi2
 *(.text*)
 .text.YellowLedTaskFun
                0x00000000080025cc        0xc build/main.o
                0x00000000080025cc                YellowLedTaskFun
 .text.TargetLedTaskFun
                0x00000000080025d8       0x18 build/main.o
                0x00000000080025d8                TargetLedTaskFun
 .text.BlueLedTaskFun
                0x00000000080025f0       0x18 build/main.o
                0x00000000080025f0                BlueLedTaskFun
 .text.RedLedTaskFun
                0x0000000008002608       0x18 build/main.o
                0x0000000008002608                RedLedTaskFun
 .text.GreenLedTaskFun
                0x0000000008002620       0x18 build/main.o
                0x0000000008002620                GreenLedTaskFun
 .text.GPSTaskFun
                0x0000000008002638       0xa0 build/main.o
                0x0000000008002638                GPSTaskFun
 .text.CliTaskFun
                0x00000000080026d8        0xc build/main.o
                0x00000000080026d8                CliTaskFun
 .text.SystemClock_Config
                0x00000000080026e4       0x6c build/main.o
                0x00000000080026e4                SystemClock_Config
 .text.startup.main
                0x0000000008002750      0x288 build/main.o
                0x0000000008002750                main
 .text.HAL_TIM_PeriodElapsedCallback
                0x00000000080029d8       0x18 build/main.o
                0x00000000080029d8                HAL_TIM_PeriodElapsedCallback
 .text.Error_Handler
                0x00000000080029f0        0x4 build/main.o
                0x00000000080029f0                Error_Handler
 .text.HAL_UART_RxCpltCallback
                0x00000000080029f4      0x1d0 build/interfaces.o
                0x00000000080029f4                HAL_UART_RxCpltCallback
 .text.Interfaces_SelectUartUARTGPSData
                0x0000000008002bc4       0x3c build/interfaces.o
                0x0000000008002bc4                Interfaces_SelectUartUARTGPSData
 .text.InterfacesSendDataGPS
                0x0000000008002c00       0x20 build/interfaces.o
                0x0000000008002c00                InterfacesSendDataGPS
 .text.uartGPS_init
                0x0000000008002c20       0x20 build/uartGPS.o
                0x0000000008002c20                uartGPS_init
 .text.uartGPS_ResetUARTGPSData
                0x0000000008002c40       0x80 build/uartGPS.o
                0x0000000008002c40                uartGPS_ResetUARTGPSData
 .text.uartGPS_SelectUartUARTGPSData
                0x0000000008002cc0       0x20 build/uartGPS.o
                0x0000000008002cc0                uartGPS_SelectUartUARTGPSData
 .text.uartGPS_SendDataGPS
                0x0000000008002ce0        0x8 build/uartGPS.o
                0x0000000008002ce0                uartGPS_SendDataGPS
 .text.GPS_Init
                0x0000000008002ce8       0xd0 build/GPS.o
                0x0000000008002ce8                GPS_Init
 .text.GPS_ValidationNMEAData
                0x0000000008002db8      0x158 build/GPS.o
                0x0000000008002db8                GPS_ValidationNMEAData
 .text.GPS_StoreNMEADate
                0x0000000008002f10      0x120 build/GPS.o
                0x0000000008002f10                GPS_StoreNMEADate
 .text.GPS_StoreNMEATime
                0x0000000008003030      0x1f0 build/GPS.o
                0x0000000008003030                GPS_StoreNMEATime
 .text.GPS_StoreNMEALatitude
                0x0000000008003220       0xa8 build/GPS.o
                0x0000000008003220                GPS_StoreNMEALatitude
 .text.GPS_StoreNMEALongitude
                0x00000000080032c8       0xa8 build/GPS.o
                0x00000000080032c8                GPS_StoreNMEALongitude
 .text.GPS_StoreNMEAData
                0x0000000008003370      0x380 build/GPS.o
                0x0000000008003370                GPS_StoreNMEAData
 .text.GPS_GetDesiredFields
                0x00000000080036f0      0x330 build/GPS.o
                0x00000000080036f0                GPS_GetDesiredFields
 .text.GPS_ProcessNMEA
                0x0000000008003a20       0x50 build/GPS.o
                0x0000000008003a20                GPS_ProcessNMEA
 .text.GPS_PrintGpsData
                0x0000000008003a70      0x128 build/GPS.o
                0x0000000008003a70                GPS_PrintGpsData
 .text.MiscFunctions_DecodASCIIDecimalToHexa
                0x0000000008003b98       0x10 build/MiscFunctions.o
                0x0000000008003b98                MiscFunctions_DecodASCIIDecimalToHexa
 .text.NMI_Handler
                0x0000000008003ba8        0x4 build/stm32f0xx_it.o
                0x0000000008003ba8                NMI_Handler
 .text.HardFault_Handler
                0x0000000008003bac        0x4 build/stm32f0xx_it.o
                0x0000000008003bac                HardFault_Handler
 .text.EXTI4_15_IRQHandler
                0x0000000008003bb0       0x1c build/stm32f0xx_it.o
                0x0000000008003bb0                EXTI4_15_IRQHandler
 .text.DMA1_Ch2_3_DMA2_Ch1_2_IRQHandler
                0x0000000008003bcc       0x10 build/stm32f0xx_it.o
                0x0000000008003bcc                DMA1_Ch2_3_DMA2_Ch1_2_IRQHandler
 .text.TIM1_BRK_UP_TRG_COM_IRQHandler
                0x0000000008003bdc       0x10 build/stm32f0xx_it.o
                0x0000000008003bdc                TIM1_BRK_UP_TRG_COM_IRQHandler
 .text.USART2_IRQHandler
                0x0000000008003bec       0x10 build/stm32f0xx_it.o
                0x0000000008003bec                USART2_IRQHandler
 .text.USART3_8_IRQHandler
                0x0000000008003bfc       0x18 build/stm32f0xx_it.o
                0x0000000008003bfc                USART3_8_IRQHandler
 .text.HAL_MspInit
                0x0000000008003c14       0x3c build/stm32f0xx_hal_msp.o
                0x0000000008003c14                HAL_MspInit
 .text.HAL_UART_MspInit
                0x0000000008003c50      0x174 build/stm32f0xx_hal_msp.o
                0x0000000008003c50                HAL_UART_MspInit
 .text.HAL_InitTick
                0x0000000008003dc4       0x7c build/stm32f0xx_hal_timebase_tim.o
                0x0000000008003dc4                HAL_InitTick
 .text.HAL_TIM_Base_MspInit
                0x0000000008003e40        0x4 build/stm32f0xx_hal_tim.o
                0x0000000008003e40                HAL_TIM_Base_MspInit
 .text.HAL_TIM_Base_Init
                0x0000000008003e44       0xc4 build/stm32f0xx_hal_tim.o
                0x0000000008003e44                HAL_TIM_Base_Init
 .text.HAL_TIM_Base_Start_IT
                0x0000000008003f08       0x14 build/stm32f0xx_hal_tim.o
                0x0000000008003f08                HAL_TIM_Base_Start_IT
 .text.HAL_TIM_OC_DelayElapsedCallback
                0x0000000008003f1c        0x4 build/stm32f0xx_hal_tim.o
                0x0000000008003f1c                HAL_TIM_OC_DelayElapsedCallback
 .text.HAL_TIM_IC_CaptureCallback
                0x0000000008003f20        0x4 build/stm32f0xx_hal_tim.o
                0x0000000008003f20                HAL_TIM_IC_CaptureCallback
 .text.HAL_TIM_PWM_PulseFinishedCallback
                0x0000000008003f24        0x4 build/stm32f0xx_hal_tim.o
                0x0000000008003f24                HAL_TIM_PWM_PulseFinishedCallback
 .text.HAL_TIM_TriggerCallback
                0x0000000008003f28        0x4 build/stm32f0xx_hal_tim.o
                0x0000000008003f28                HAL_TIM_TriggerCallback
 .text.HAL_TIM_IRQHandler
                0x0000000008003f2c      0x158 build/stm32f0xx_hal_tim.o
                0x0000000008003f2c                HAL_TIM_IRQHandler
 .text.HAL_TIMEx_CommutationCallback
                0x0000000008004084        0x4 build/stm32f0xx_hal_tim_ex.o
                0x0000000008004084                HAL_TIMEx_CommutationCallback
 .text.HAL_TIMEx_BreakCallback
                0x0000000008004088        0x4 build/stm32f0xx_hal_tim_ex.o
                0x0000000008004088                HAL_TIMEx_BreakCallback
 .text.HAL_UART_Transmit_IT
                0x000000000800408c       0x5c build/stm32f0xx_hal_uart.o
                0x000000000800408c                HAL_UART_Transmit_IT
 .text.HAL_UART_Receive_IT
                0x00000000080040e8       0xd0 build/stm32f0xx_hal_uart.o
                0x00000000080040e8                HAL_UART_Receive_IT
 .text.HAL_UART_TxCpltCallback
                0x00000000080041b8        0x4 build/stm32f0xx_hal_uart.o
                0x00000000080041b8                HAL_UART_TxCpltCallback
 .text.HAL_UART_ErrorCallback
                0x00000000080041bc        0x4 build/stm32f0xx_hal_uart.o
                0x00000000080041bc                HAL_UART_ErrorCallback
 .text.UART_DMAAbortOnError
                0x00000000080041c0       0x14 build/stm32f0xx_hal_uart.o
 .text.UART_SetConfig
                0x00000000080041d4      0x1e8 build/stm32f0xx_hal_uart.o
                0x00000000080041d4                UART_SetConfig
 .text.UART_AdvFeatureConfig
                0x00000000080043bc       0xd0 build/stm32f0xx_hal_uart.o
                0x00000000080043bc                UART_AdvFeatureConfig
 .text.UART_CheckIdleState
                0x000000000800448c       0xc4 build/stm32f0xx_hal_uart.o
                0x000000000800448c                UART_CheckIdleState
 .text.HAL_UART_Init
                0x0000000008004550       0x6c build/stm32f0xx_hal_uart.o
                0x0000000008004550                HAL_UART_Init
 .text.UART_Receive_IT
                0x00000000080045bc       0x7c build/stm32f0xx_hal_uart.o
                0x00000000080045bc                UART_Receive_IT
 .text.HAL_UART_IRQHandler
                0x0000000008004638      0x1b0 build/stm32f0xx_hal_uart.o
                0x0000000008004638                HAL_UART_IRQHandler
 .text.HAL_UARTEx_WakeupCallback
                0x00000000080047e8        0x4 build/stm32f0xx_hal_uart_ex.o
                0x00000000080047e8                HAL_UARTEx_WakeupCallback
 .text.HAL_RCC_OscConfig
                0x00000000080047ec      0x51c build/stm32f0xx_hal_rcc.o
                0x00000000080047ec                HAL_RCC_OscConfig
 .text.HAL_RCC_GetSysClockFreq
                0x0000000008004d08       0x8c build/stm32f0xx_hal_rcc.o
                0x0000000008004d08                HAL_RCC_GetSysClockFreq
 .text.HAL_RCC_ClockConfig
                0x0000000008004d94      0x18c build/stm32f0xx_hal_rcc.o
                0x0000000008004d94                HAL_RCC_ClockConfig
 .text.HAL_RCC_GetPCLK1Freq
                0x0000000008004f20       0x20 build/stm32f0xx_hal_rcc.o
                0x0000000008004f20                HAL_RCC_GetPCLK1Freq
 .text.HAL_RCC_GetClockConfig
                0x0000000008004f40       0x38 build/stm32f0xx_hal_rcc.o
                0x0000000008004f40                HAL_RCC_GetClockConfig
 .text.HAL_RCCEx_PeriphCLKConfig
                0x0000000008004f78      0x168 build/stm32f0xx_hal_rcc_ex.o
                0x0000000008004f78                HAL_RCCEx_PeriphCLKConfig
 .text.HAL_Init
                0x00000000080050e0       0x20 build/stm32f0xx_hal.o
                0x00000000080050e0                HAL_Init
 .text.HAL_IncTick
                0x0000000008005100       0x10 build/stm32f0xx_hal.o
                0x0000000008005100                HAL_IncTick
 .text.HAL_GetTick
                0x0000000008005110        0xc build/stm32f0xx_hal.o
                0x0000000008005110                HAL_GetTick
 .text.HAL_GPIO_Init
                0x000000000800511c      0x1f8 build/stm32f0xx_hal_gpio.o
                0x000000000800511c                HAL_GPIO_Init
 .text.HAL_GPIO_WritePin
                0x0000000008005314        0xc build/stm32f0xx_hal_gpio.o
                0x0000000008005314                HAL_GPIO_WritePin
 .text.HAL_GPIO_TogglePin
                0x0000000008005320        0x8 build/stm32f0xx_hal_gpio.o
                0x0000000008005320                HAL_GPIO_TogglePin
 .text.HAL_GPIO_EXTI_Callback
                0x0000000008005328        0x4 build/stm32f0xx_hal_gpio.o
                0x0000000008005328                HAL_GPIO_EXTI_Callback
 .text.HAL_GPIO_EXTI_IRQHandler
                0x000000000800532c       0x18 build/stm32f0xx_hal_gpio.o
                0x000000000800532c                HAL_GPIO_EXTI_IRQHandler
 .text.HAL_DMA_Init
                0x0000000008005344       0x94 build/stm32f0xx_hal_dma.o
                0x0000000008005344                HAL_DMA_Init
 .text.HAL_DMA_Abort_IT
                0x00000000080053d8       0x48 build/stm32f0xx_hal_dma.o
                0x00000000080053d8                HAL_DMA_Abort_IT
 .text.HAL_DMA_IRQHandler
                0x0000000008005420       0x9c build/stm32f0xx_hal_dma.o
                0x0000000008005420                HAL_DMA_IRQHandler
 .text.HAL_NVIC_SetPriority
                0x00000000080054bc       0x58 build/stm32f0xx_hal_cortex.o
                0x00000000080054bc                HAL_NVIC_SetPriority
 .text.HAL_NVIC_EnableIRQ
                0x0000000008005514       0x14 build/stm32f0xx_hal_cortex.o
                0x0000000008005514                HAL_NVIC_EnableIRQ
 .text.SystemInit
                0x0000000008005528       0x60 build/system_stm32f0xx.o
                0x0000000008005528                SystemInit
 .text.vListInitialise
                0x0000000008005588       0x18 build/list.o
                0x0000000008005588                vListInitialise
 .text.vListInitialiseItem
                0x00000000080055a0        0x8 build/list.o
                0x00000000080055a0                vListInitialiseItem
 .text.vListInsertEnd
                0x00000000080055a8       0x18 build/list.o
                0x00000000080055a8                vListInsertEnd
 .text.vListInsert
                0x00000000080055c0       0x30 build/list.o
                0x00000000080055c0                vListInsert
 .text.uxListRemove
                0x00000000080055f0       0x20 build/list.o
                0x00000000080055f0                uxListRemove
 .text.xTaskCreate
                0x0000000008005610      0x260 build/tasks.o
                0x0000000008005610                xTaskCreate
 .text.vTaskResume
                0x0000000008005870       0x78 build/tasks.o
                0x0000000008005870                vTaskResume
 .text.vTaskStartScheduler
                0x00000000080058e8      0x1c8 build/tasks.o
                0x00000000080058e8                vTaskStartScheduler
 .text.vTaskSuspendAll
                0x0000000008005ab0       0x10 build/tasks.o
                0x0000000008005ab0                vTaskSuspendAll
 .text.xTaskIncrementTick
                0x0000000008005ac0      0x15c build/tasks.o
                0x0000000008005ac0                xTaskIncrementTick
 .text.xTaskResumeAll.part.4
                0x0000000008005c1c      0x124 build/tasks.o
 .text.xTaskResumeAll
                0x0000000008005d40       0x18 build/tasks.o
                0x0000000008005d40                xTaskResumeAll
 .text.vTaskDelay
                0x0000000008005d58       0x84 build/tasks.o
                0x0000000008005d58                vTaskDelay
 .text.prvIdleTask
                0x0000000008005ddc       0x88 build/tasks.o
 .text.vTaskSwitchContext
                0x0000000008005e64       0xe8 build/tasks.o
                0x0000000008005e64                vTaskSwitchContext
 .text.osKernelStart
                0x0000000008005f4c        0xc build/cmsis_os.o
                0x0000000008005f4c                osKernelStart
 .text.osThreadCreate
                0x0000000008005f58       0x44 build/cmsis_os.o
                0x0000000008005f58                osThreadCreate
 .text.osDelay  0x0000000008005f9c       0x10 build/cmsis_os.o
                0x0000000008005f9c                osDelay
 .text.pvPortMalloc
                0x0000000008005fac      0x160 build/heap_4.o
                0x0000000008005fac                pvPortMalloc
 .text.vPortFree
                0x000000000800610c       0x8c build/heap_4.o
                0x000000000800610c                vPortFree
 .text.prvTaskExitError
                0x0000000008006198       0x14 build/port.o
 *fill*         0x00000000080061ac        0x4 
 .text.vPortStartFirstTask
                0x00000000080061b0       0x34 build/port.o
 .text.pxPortInitialiseStack
                0x00000000080061e4       0x20 build/port.o
                0x00000000080061e4                pxPortInitialiseStack
 .text.SVC_Handler
                0x0000000008006204        0x4 build/port.o
                0x0000000008006204                SVC_Handler
 .text.vPortYield
                0x0000000008006208       0x18 build/port.o
                0x0000000008006208                vPortYield
 .text.vPortEnterCritical
                0x0000000008006220       0x18 build/port.o
                0x0000000008006220                vPortEnterCritical
 .text.vPortExitCritical
                0x0000000008006238       0x1c build/port.o
                0x0000000008006238                vPortExitCritical
 .text.ulSetInterruptMaskFromISR
                0x0000000008006254        0xc build/port.o
                0x0000000008006254                ulSetInterruptMaskFromISR
 .text.vClearInterruptMaskFromISR
                0x0000000008006260        0x8 build/port.o
                0x0000000008006260                vClearInterruptMaskFromISR
 *fill*         0x0000000008006268        0x8 
 .text.PendSV_Handler
                0x0000000008006270       0x44 build/port.o
                0x0000000008006270                PendSV_Handler
 .text.SysTick_Handler
                0x00000000080062b4       0x24 build/port.o
                0x00000000080062b4                SysTick_Handler
 .text.vPortSetupTimerInterrupt
                0x00000000080062d8       0x28 build/port.o
                0x00000000080062d8                vPortSetupTimerInterrupt
 .text.xPortStartScheduler
                0x0000000008006300       0x34 build/port.o
                0x0000000008006300                xPortStartScheduler
 .text.Reset_Handler
                0x0000000008006334       0x50 build/startup_stm32f091xc.o
                0x0000000008006334                Reset_Handler
 .text.Default_Handler
                0x0000000008006384        0x2 build/startup_stm32f091xc.o
                0x0000000008006384                TIM1_CC_IRQHandler
                0x0000000008006384                TSC_IRQHandler
                0x0000000008006384                ADC1_COMP_IRQHandler
                0x0000000008006384                I2C1_IRQHandler
                0x0000000008006384                RCC_CRS_IRQHandler
                0x0000000008006384                SPI1_IRQHandler
                0x0000000008006384                TIM6_DAC_IRQHandler
                0x0000000008006384                DMA1_Ch1_IRQHandler
                0x0000000008006384                EXTI2_3_IRQHandler
                0x0000000008006384                I2C2_IRQHandler
                0x0000000008006384                TIM17_IRQHandler
                0x0000000008006384                CEC_CAN_IRQHandler
                0x0000000008006384                RTC_IRQHandler
                0x0000000008006384                PVD_VDDIO2_IRQHandler
                0x0000000008006384                TIM16_IRQHandler
                0x0000000008006384                TIM3_IRQHandler
                0x0000000008006384                Default_Handler
                0x0000000008006384                TIM14_IRQHandler
                0x0000000008006384                TIM7_IRQHandler
                0x0000000008006384                TIM15_IRQHandler
                0x0000000008006384                EXTI0_1_IRQHandler
                0x0000000008006384                SPI2_IRQHandler
                0x0000000008006384                DMA1_Ch4_7_DMA2_Ch3_5_IRQHandler
                0x0000000008006384                WWDG_IRQHandler
                0x0000000008006384                TIM2_IRQHandler
                0x0000000008006384                FLASH_IRQHandler
                0x0000000008006384                USART1_IRQHandler
 .text.atof     0x0000000008006386        0xa /usr/lib/gcc/arm-none-eabi/8.2018.q4/bin/../lib/gcc/arm-none-eabi/8.2.1/../../../../arm-none-eabi/lib/thumb/v6-m/nofp/libc_nano.a(lib_a-atof.o)
                0x0000000008006386                atof
 .text.atoi     0x0000000008006390        0xc /usr/lib/gcc/arm-none-eabi/8.2018.q4/bin/../lib/gcc/arm-none-eabi/8.2.1/../../../../arm-none-eabi/lib/thumb/v6-m/nofp/libc_nano.a(lib_a-atoi.o)
                0x0000000008006390                atoi
 .text.atol     0x000000000800639c        0xc /usr/lib/gcc/arm-none-eabi/8.2018.q4/bin/../lib/gcc/arm-none-eabi/8.2.1/../../../../arm-none-eabi/lib/thumb/v6-m/nofp/libc_nano.a(lib_a-atol.o)
                0x000000000800639c                atol
 .text.__libc_init_array
                0x00000000080063a8       0x48 /usr/lib/gcc/arm-none-eabi/8.2018.q4/bin/../lib/gcc/arm-none-eabi/8.2.1/../../../../arm-none-eabi/lib/thumb/v6-m/nofp/libc_nano.a(lib_a-init.o)
                0x00000000080063a8                __libc_init_array
 .text.memcpy   0x00000000080063f0       0x12 /usr/lib/gcc/arm-none-eabi/8.2018.q4/bin/../lib/gcc/arm-none-eabi/8.2.1/../../../../arm-none-eabi/lib/thumb/v6-m/nofp/libc_nano.a(lib_a-memcpy-stub.o)
                0x00000000080063f0                memcpy
 .text.memset   0x0000000008006402       0x10 /usr/lib/gcc/arm-none-eabi/8.2018.q4/bin/../lib/gcc/arm-none-eabi/8.2.1/../../../../arm-none-eabi/lib/thumb/v6-m/nofp/libc_nano.a(lib_a-memset.o)
                0x0000000008006402                memset
 *fill*         0x0000000008006412        0x2 
 .text.sprintf  0x0000000008006414       0x40 /usr/lib/gcc/arm-none-eabi/8.2018.q4/bin/../lib/gcc/arm-none-eabi/8.2.1/../../../../arm-none-eabi/lib/thumb/v6-m/nofp/libc_nano.a(lib_a-sprintf.o)
                0x0000000008006414                sprintf
                0x0000000008006414                siprintf
 .text.strstr   0x0000000008006454       0x2c /usr/lib/gcc/arm-none-eabi/8.2018.q4/bin/../lib/gcc/arm-none-eabi/8.2.1/../../../../arm-none-eabi/lib/thumb/v6-m/nofp/libc_nano.a(lib_a-strstr.o)
                0x0000000008006454                strstr
 .text.sulp     0x0000000008006480       0x30 /usr/lib/gcc/arm-none-eabi/8.2018.q4/bin/../lib/gcc/arm-none-eabi/8.2.1/../../../../arm-none-eabi/lib/thumb/v6-m/nofp/libc_nano.a(lib_a-strtod.o)
 .text._strtod_l
                0x00000000080064b0      0xc3c /usr/lib/gcc/arm-none-eabi/8.2018.q4/bin/../lib/gcc/arm-none-eabi/8.2.1/../../../../arm-none-eabi/lib/thumb/v6-m/nofp/libc_nano.a(lib_a-strtod.o)
                0x00000000080064b0                _strtod_l
 .text.strtod   0x00000000080070ec       0x1c /usr/lib/gcc/arm-none-eabi/8.2018.q4/bin/../lib/gcc/arm-none-eabi/8.2.1/../../../../arm-none-eabi/lib/thumb/v6-m/nofp/libc_nano.a(lib_a-strtod.o)
                0x00000000080070ec                strtod
 .text._strtol_l.isra.0
                0x0000000008007108       0xfc /usr/lib/gcc/arm-none-eabi/8.2018.q4/bin/../lib/gcc/arm-none-eabi/8.2.1/../../../../arm-none-eabi/lib/thumb/v6-m/nofp/libc_nano.a(lib_a-strtol.o)
 .text.strtol   0x0000000008007204       0x18 /usr/lib/gcc/arm-none-eabi/8.2018.q4/bin/../lib/gcc/arm-none-eabi/8.2.1/../../../../arm-none-eabi/lib/thumb/v6-m/nofp/libc_nano.a(lib_a-strtol.o)
                0x0000000008007204                strtol
 .text.rshift   0x000000000800721c       0x68 /usr/lib/gcc/arm-none-eabi/8.2018.q4/bin/../lib/gcc/arm-none-eabi/8.2.1/../../../../arm-none-eabi/lib/thumb/v6-m/nofp/libc_nano.a(lib_a-gdtoa-gethex.o)
 .text.__hexdig_fun
                0x0000000008007284       0x2a /usr/lib/gcc/arm-none-eabi/8.2018.q4/bin/../lib/gcc/arm-none-eabi/8.2.1/../../../../arm-none-eabi/lib/thumb/v6-m/nofp/libc_nano.a(lib_a-gdtoa-gethex.o)
                0x0000000008007284                __hexdig_fun
 *fill*         0x00000000080072ae        0x2 
 .text.__gethex
                0x00000000080072b0      0x450 /usr/lib/gcc/arm-none-eabi/8.2018.q4/bin/../lib/gcc/arm-none-eabi/8.2.1/../../../../arm-none-eabi/lib/thumb/v6-m/nofp/libc_nano.a(lib_a-gdtoa-gethex.o)
                0x00000000080072b0                __gethex
 .text.L_shift  0x0000000008007700       0x24 /usr/lib/gcc/arm-none-eabi/8.2018.q4/bin/../lib/gcc/arm-none-eabi/8.2.1/../../../../arm-none-eabi/lib/thumb/v6-m/nofp/libc_nano.a(lib_a-gdtoa-hexnan.o)
 .text.__match  0x0000000008007724       0x28 /usr/lib/gcc/arm-none-eabi/8.2018.q4/bin/../lib/gcc/arm-none-eabi/8.2.1/../../../../arm-none-eabi/lib/thumb/v6-m/nofp/libc_nano.a(lib_a-gdtoa-hexnan.o)
                0x0000000008007724                __match
 .text.__hexnan
                0x000000000800774c      0x132 /usr/lib/gcc/arm-none-eabi/8.2018.q4/bin/../lib/gcc/arm-none-eabi/8.2.1/../../../../arm-none-eabi/lib/thumb/v6-m/nofp/libc_nano.a(lib_a-gdtoa-hexnan.o)
                0x000000000800774c                __hexnan
 .text.__ascii_mbtowc
                0x000000000800787e       0x24 /usr/lib/gcc/arm-none-eabi/8.2018.q4/bin/../lib/gcc/arm-none-eabi/8.2.1/../../../../arm-none-eabi/lib/thumb/v6-m/nofp/libc_nano.a(lib_a-mbtowc_r.o)
                0x000000000800787e                __ascii_mbtowc
 .text._Balloc  0x00000000080078a2       0x70 /usr/lib/gcc/arm-none-eabi/8.2018.q4/bin/../lib/gcc/arm-none-eabi/8.2.1/../../../../arm-none-eabi/lib/thumb/v6-m/nofp/libc_nano.a(lib_a-mprec.o)
                0x00000000080078a2                _Balloc
 .text._Bfree   0x0000000008007912       0x32 /usr/lib/gcc/arm-none-eabi/8.2018.q4/bin/../lib/gcc/arm-none-eabi/8.2.1/../../../../arm-none-eabi/lib/thumb/v6-m/nofp/libc_nano.a(lib_a-mprec.o)
                0x0000000008007912                _Bfree
 .text.__multadd
                0x0000000008007944       0x7c /usr/lib/gcc/arm-none-eabi/8.2018.q4/bin/../lib/gcc/arm-none-eabi/8.2.1/../../../../arm-none-eabi/lib/thumb/v6-m/nofp/libc_nano.a(lib_a-mprec.o)
                0x0000000008007944                __multadd
 .text.__s2b    0x00000000080079c0       0x7e /usr/lib/gcc/arm-none-eabi/8.2018.q4/bin/../lib/gcc/arm-none-eabi/8.2.1/../../../../arm-none-eabi/lib/thumb/v6-m/nofp/libc_nano.a(lib_a-mprec.o)
                0x00000000080079c0                __s2b
 .text.__hi0bits
                0x0000000008007a3e       0x34 /usr/lib/gcc/arm-none-eabi/8.2018.q4/bin/../lib/gcc/arm-none-eabi/8.2.1/../../../../arm-none-eabi/lib/thumb/v6-m/nofp/libc_nano.a(lib_a-mprec.o)
                0x0000000008007a3e                __hi0bits
 .text.__lo0bits
                0x0000000008007a72       0x5c /usr/lib/gcc/arm-none-eabi/8.2018.q4/bin/../lib/gcc/arm-none-eabi/8.2.1/../../../../arm-none-eabi/lib/thumb/v6-m/nofp/libc_nano.a(lib_a-mprec.o)
                0x0000000008007a72                __lo0bits
 .text.__i2b    0x0000000008007ace       0x12 /usr/lib/gcc/arm-none-eabi/8.2018.q4/bin/../lib/gcc/arm-none-eabi/8.2.1/../../../../arm-none-eabi/lib/thumb/v6-m/nofp/libc_nano.a(lib_a-mprec.o)
                0x0000000008007ace                __i2b
 .text.__multiply
                0x0000000008007ae0      0x132 /usr/lib/gcc/arm-none-eabi/8.2018.q4/bin/../lib/gcc/arm-none-eabi/8.2.1/../../../../arm-none-eabi/lib/thumb/v6-m/nofp/libc_nano.a(lib_a-mprec.o)
                0x0000000008007ae0                __multiply
 *fill*         0x0000000008007c12        0x2 
 .text.__pow5mult
                0x0000000008007c14       0xa4 /usr/lib/gcc/arm-none-eabi/8.2018.q4/bin/../lib/gcc/arm-none-eabi/8.2.1/../../../../arm-none-eabi/lib/thumb/v6-m/nofp/libc_nano.a(lib_a-mprec.o)
                0x0000000008007c14                __pow5mult
 .text.__lshift
                0x0000000008007cb8       0xa6 /usr/lib/gcc/arm-none-eabi/8.2018.q4/bin/../lib/gcc/arm-none-eabi/8.2.1/../../../../arm-none-eabi/lib/thumb/v6-m/nofp/libc_nano.a(lib_a-mprec.o)
                0x0000000008007cb8                __lshift
 .text.__mcmp   0x0000000008007d5e       0x34 /usr/lib/gcc/arm-none-eabi/8.2018.q4/bin/../lib/gcc/arm-none-eabi/8.2.1/../../../../arm-none-eabi/lib/thumb/v6-m/nofp/libc_nano.a(lib_a-mprec.o)
                0x0000000008007d5e                __mcmp
 .text.__mdiff  0x0000000008007d92       0xba /usr/lib/gcc/arm-none-eabi/8.2018.q4/bin/../lib/gcc/arm-none-eabi/8.2.1/../../../../arm-none-eabi/lib/thumb/v6-m/nofp/libc_nano.a(lib_a-mprec.o)
                0x0000000008007d92                __mdiff
 .text.__ulp    0x0000000008007e4c       0x48 /usr/lib/gcc/arm-none-eabi/8.2018.q4/bin/../lib/gcc/arm-none-eabi/8.2.1/../../../../arm-none-eabi/lib/thumb/v6-m/nofp/libc_nano.a(lib_a-mprec.o)
                0x0000000008007e4c                __ulp
 .text.__b2d    0x0000000008007e94       0x98 /usr/lib/gcc/arm-none-eabi/8.2018.q4/bin/../lib/gcc/arm-none-eabi/8.2.1/../../../../arm-none-eabi/lib/thumb/v6-m/nofp/libc_nano.a(lib_a-mprec.o)
                0x0000000008007e94                __b2d
 .text.__d2b    0x0000000008007f2c       0xac /usr/lib/gcc/arm-none-eabi/8.2018.q4/bin/../lib/gcc/arm-none-eabi/8.2.1/../../../../arm-none-eabi/lib/thumb/v6-m/nofp/libc_nano.a(lib_a-mprec.o)
                0x0000000008007f2c                __d2b
 .text.__ratio  0x0000000008007fd8       0x4e /usr/lib/gcc/arm-none-eabi/8.2018.q4/bin/../lib/gcc/arm-none-eabi/8.2.1/../../../../arm-none-eabi/lib/thumb/v6-m/nofp/libc_nano.a(lib_a-mprec.o)
                0x0000000008007fd8                __ratio
 .text.__copybits
                0x0000000008008026       0x2c /usr/lib/gcc/arm-none-eabi/8.2018.q4/bin/../lib/gcc/arm-none-eabi/8.2.1/../../../../arm-none-eabi/lib/thumb/v6-m/nofp/libc_nano.a(lib_a-mprec.o)
                0x0000000008008026                __copybits
 .text.__any_on
                0x0000000008008052       0x44 /usr/lib/gcc/arm-none-eabi/8.2018.q4/bin/../lib/gcc/arm-none-eabi/8.2.1/../../../../arm-none-eabi/lib/thumb/v6-m/nofp/libc_nano.a(lib_a-mprec.o)
                0x0000000008008052                __any_on
 .text._calloc_r
                0x0000000008008096       0x1c /usr/lib/gcc/arm-none-eabi/8.2018.q4/bin/../lib/gcc/arm-none-eabi/8.2.1/../../../../arm-none-eabi/lib/thumb/v6-m/nofp/libc_nano.a(lib_a-nano-callocr.o)
                0x0000000008008096                _calloc_r
 *fill*         0x00000000080080b2        0x2 
 .text._malloc_r
                0x00000000080080b4       0xbc /usr/lib/gcc/arm-none-eabi/8.2018.q4/bin/../lib/gcc/arm-none-eabi/8.2.1/../../../../arm-none-eabi/lib/thumb/v6-m/nofp/libc_nano.a(lib_a-nano-mallocr.o)
                0x00000000080080b4                _malloc_r
 .text.__ssputs_r
                0x0000000008008170       0xc4 /usr/lib/gcc/arm-none-eabi/8.2018.q4/bin/../lib/gcc/arm-none-eabi/8.2.1/../../../../arm-none-eabi/lib/thumb/v6-m/nofp/libc_nano.a(lib_a-nano-svfprintf.o)
                0x0000000008008170                __ssputs_r
 .text._svfprintf_r
                0x0000000008008234      0x1fc /usr/lib/gcc/arm-none-eabi/8.2018.q4/bin/../lib/gcc/arm-none-eabi/8.2.1/../../../../arm-none-eabi/lib/thumb/v6-m/nofp/libc_nano.a(lib_a-nano-svfprintf.o)
                0x0000000008008234                _svfprintf_r
                0x0000000008008234                _svfiprintf_r
 .text._printf_common
                0x0000000008008430       0xda /usr/lib/gcc/arm-none-eabi/8.2018.q4/bin/../lib/gcc/arm-none-eabi/8.2.1/../../../../arm-none-eabi/lib/thumb/v6-m/nofp/libc_nano.a(lib_a-nano-vfprintf_i.o)
                0x0000000008008430                _printf_common
 *fill*         0x000000000800850a        0x2 
 .text._printf_i
                0x000000000800850c      0x214 /usr/lib/gcc/arm-none-eabi/8.2018.q4/bin/../lib/gcc/arm-none-eabi/8.2.1/../../../../arm-none-eabi/lib/thumb/v6-m/nofp/libc_nano.a(lib_a-nano-vfprintf_i.o)
                0x000000000800850c                _printf_i
 .text.nan      0x0000000008008720        0xc /usr/lib/gcc/arm-none-eabi/8.2018.q4/bin/../lib/gcc/arm-none-eabi/8.2.1/../../../../arm-none-eabi/lib/thumb/v6-m/nofp/libc_nano.a(lib_a-s_nan.o)
                0x0000000008008720                nan
 .text._sbrk_r  0x000000000800872c       0x24 /usr/lib/gcc/arm-none-eabi/8.2018.q4/bin/../lib/gcc/arm-none-eabi/8.2.1/../../../../arm-none-eabi/lib/thumb/v6-m/nofp/libc_nano.a(lib_a-sbrkr.o)
                0x000000000800872c                _sbrk_r
 .text.strncmp  0x0000000008008750       0x22 /usr/lib/gcc/arm-none-eabi/8.2018.q4/bin/../lib/gcc/arm-none-eabi/8.2.1/../../../../arm-none-eabi/lib/thumb/v6-m/nofp/libc_nano.a(lib_a-strncmp.o)
                0x0000000008008750                strncmp
 .text.__ascii_wctomb
                0x0000000008008772       0x18 /usr/lib/gcc/arm-none-eabi/8.2018.q4/bin/../lib/gcc/arm-none-eabi/8.2.1/../../../../arm-none-eabi/lib/thumb/v6-m/nofp/libc_nano.a(lib_a-wctomb_r.o)
                0x0000000008008772                __ascii_wctomb
 *fill*         0x000000000800878a        0x2 
 .text.malloc   0x000000000800878c       0x14 /usr/lib/gcc/arm-none-eabi/8.2018.q4/bin/../lib/gcc/arm-none-eabi/8.2.1/../../../../arm-none-eabi/lib/thumb/v6-m/nofp/libc_nano.a(lib_a-malloc.o)
                0x000000000800878c                malloc
 .text.memchr   0x00000000080087a0       0x16 /usr/lib/gcc/arm-none-eabi/8.2018.q4/bin/../lib/gcc/arm-none-eabi/8.2.1/../../../../arm-none-eabi/lib/thumb/v6-m/nofp/libc_nano.a(lib_a-memchr-stub.o)
                0x00000000080087a0                memchr
 .text.memmove  0x00000000080087b6       0x26 /usr/lib/gcc/arm-none-eabi/8.2018.q4/bin/../lib/gcc/arm-none-eabi/8.2.1/../../../../arm-none-eabi/lib/thumb/v6-m/nofp/libc_nano.a(lib_a-memmove.o)
                0x00000000080087b6                memmove
 .text.__malloc_lock
                0x00000000080087dc       0x10 /usr/lib/gcc/arm-none-eabi/8.2018.q4/bin/../lib/gcc/arm-none-eabi/8.2.1/../../../../arm-none-eabi/lib/thumb/v6-m/nofp/libc_nano.a(lib_a-mlock.o)
                0x00000000080087dc                __malloc_lock
 .text.__malloc_unlock
                0x00000000080087ec       0x10 /usr/lib/gcc/arm-none-eabi/8.2018.q4/bin/../lib/gcc/arm-none-eabi/8.2.1/../../../../arm-none-eabi/lib/thumb/v6-m/nofp/libc_nano.a(lib_a-mlock.o)
                0x00000000080087ec                __malloc_unlock
 .text._free_r  0x00000000080087fc       0x94 /usr/lib/gcc/arm-none-eabi/8.2018.q4/bin/../lib/gcc/arm-none-eabi/8.2.1/../../../../arm-none-eabi/lib/thumb/v6-m/nofp/libc_nano.a(lib_a-nano-freer.o)
                0x00000000080087fc                _free_r
 .text._realloc_r
                0x0000000008008890       0x4c /usr/lib/gcc/arm-none-eabi/8.2018.q4/bin/../lib/gcc/arm-none-eabi/8.2.1/../../../../arm-none-eabi/lib/thumb/v6-m/nofp/libc_nano.a(lib_a-nano-reallocr.o)
                0x0000000008008890                _realloc_r
 .text.__retarget_lock_acquire_recursive
                0x00000000080088dc        0x2 /usr/lib/gcc/arm-none-eabi/8.2018.q4/bin/../lib/gcc/arm-none-eabi/8.2.1/../../../../arm-none-eabi/lib/thumb/v6-m/nofp/libc_nano.a(lib_a-lock.o)
                0x00000000080088dc                __retarget_lock_acquire_recursive
 .text.__retarget_lock_release_recursive
                0x00000000080088de        0x2 /usr/lib/gcc/arm-none-eabi/8.2018.q4/bin/../lib/gcc/arm-none-eabi/8.2.1/../../../../arm-none-eabi/lib/thumb/v6-m/nofp/libc_nano.a(lib_a-lock.o)
                0x00000000080088de                __retarget_lock_release_recursive
 .text._malloc_usable_size_r
                0x00000000080088e0       0x10 /usr/lib/gcc/arm-none-eabi/8.2018.q4/bin/../lib/gcc/arm-none-eabi/8.2.1/../../../../arm-none-eabi/lib/thumb/v6-m/nofp/libc_nano.a(lib_a-nano-msizer.o)
                0x00000000080088e0                _malloc_usable_size_r
 .text._sbrk    0x00000000080088f0       0x1c /usr/lib/gcc/arm-none-eabi/8.2018.q4/bin/../lib/gcc/arm-none-eabi/8.2.1/../../../../arm-none-eabi/lib/thumb/v6-m/nofp/libnosys.a(sbrk.o)
                0x00000000080088f0                _sbrk
 *(.glue_7)
 .glue_7        0x000000000800890c        0x0 linker stubs
 *(.glue_7t)
 .glue_7t       0x000000000800890c        0x0 linker stubs
 *(.eh_frame)
 .eh_frame      0x000000000800890c        0x0 /usr/lib/gcc/arm-none-eabi/8.2018.q4/bin/../lib/gcc/arm-none-eabi/8.2.1/thumb/v6-m/nofp/crtbegin.o
 *(.init)
 .init          0x000000000800890c        0x4 /usr/lib/gcc/arm-none-eabi/8.2018.q4/bin/../lib/gcc/arm-none-eabi/8.2.1/thumb/v6-m/nofp/crti.o
                0x000000000800890c                _init
 .init          0x0000000008008910        0x8 /usr/lib/gcc/arm-none-eabi/8.2018.q4/bin/../lib/gcc/arm-none-eabi/8.2.1/thumb/v6-m/nofp/crtn.o
 *(.fini)
 .fini          0x0000000008008918        0x4 /usr/lib/gcc/arm-none-eabi/8.2018.q4/bin/../lib/gcc/arm-none-eabi/8.2.1/thumb/v6-m/nofp/crti.o
                0x0000000008008918                _fini
 .fini          0x000000000800891c        0x8 /usr/lib/gcc/arm-none-eabi/8.2018.q4/bin/../lib/gcc/arm-none-eabi/8.2.1/thumb/v6-m/nofp/crtn.o
                0x0000000008008924                . = ALIGN (0x4)
                0x0000000008008924                _etext = .

.vfp11_veneer   0x0000000008008924        0x0
 .vfp11_veneer  0x0000000008008924        0x0 linker stubs

.v4_bx          0x0000000008008924        0x0
 .v4_bx         0x0000000008008924        0x0 linker stubs

.iplt           0x0000000008008924        0x0
 .iplt          0x0000000008008924        0x0 /usr/lib/gcc/arm-none-eabi/8.2018.q4/bin/../lib/gcc/arm-none-eabi/8.2.1/thumb/v6-m/nofp/crtbegin.o

.rodata         0x0000000008008928      0x730
                0x0000000008008928                . = ALIGN (0x4)
 *(.rodata)
 .rodata        0x0000000008008928       0x8c build/main.o
 .rodata        0x00000000080089b4       0x20 build/stm32f0xx_hal_rcc.o
 .rodata        0x00000000080089d4       0x40 /usr/lib/gcc/arm-none-eabi/8.2018.q4/bin/../lib/gcc/arm-none-eabi/8.2.1/thumb/v6-m/nofp/libgcc.a(divdf3.o)
 .rodata        0x0000000008008a14       0x40 /usr/lib/gcc/arm-none-eabi/8.2018.q4/bin/../lib/gcc/arm-none-eabi/8.2.1/thumb/v6-m/nofp/libgcc.a(muldf3.o)
 *(.rodata*)
 .rodata.GPSTaskFun.str1.4
                0x0000000008008a54       0x4f build/main.o
 *fill*         0x0000000008008aa3        0x1 
 .rodata.str1.4
                0x0000000008008aa4       0x56 build/main.o
 *fill*         0x0000000008008afa        0x2 
 .rodata.GPS_ValidationNMEAData
                0x0000000008008afc       0x28 build/GPS.o
 .rodata.GPS_StoreNMEAData
                0x0000000008008b24      0x120 build/GPS.o
 .rodata.GPS_GetDesiredFields.str1.4
                0x0000000008008c44       0x13 build/GPS.o
 *fill*         0x0000000008008c57        0x1 
 .rodata.GPS_PrintGpsData.str1.4
                0x0000000008008c58      0x138 build/GPS.o
 .rodata.CSWTCH.8
                0x0000000008008d90        0x4 build/stm32f0xx_hal_uart.o
 .rodata.AHBPrescTable
                0x0000000008008d94       0x10 build/system_stm32f0xx.o
                0x0000000008008d94                AHBPrescTable
 .rodata.APBPrescTable
                0x0000000008008da4        0x8 build/system_stm32f0xx.o
                0x0000000008008da4                APBPrescTable
 .rodata._strtod_l.str1.1
                0x0000000008008dac        0xc /usr/lib/gcc/arm-none-eabi/8.2018.q4/bin/../lib/gcc/arm-none-eabi/8.2.1/../../../../arm-none-eabi/lib/thumb/v6-m/nofp/libc_nano.a(lib_a-strtod.o)
                                          0xd (size before relaxing)
 .rodata.fpi.6223
                0x0000000008008db8       0x14 /usr/lib/gcc/arm-none-eabi/8.2018.q4/bin/../lib/gcc/arm-none-eabi/8.2.1/../../../../arm-none-eabi/lib/thumb/v6-m/nofp/libc_nano.a(lib_a-strtod.o)
 .rodata.fpinan.6259
                0x0000000008008dcc       0x14 /usr/lib/gcc/arm-none-eabi/8.2018.q4/bin/../lib/gcc/arm-none-eabi/8.2.1/../../../../arm-none-eabi/lib/thumb/v6-m/nofp/libc_nano.a(lib_a-strtod.o)
 .rodata.tinytens
                0x0000000008008de0       0x28 /usr/lib/gcc/arm-none-eabi/8.2018.q4/bin/../lib/gcc/arm-none-eabi/8.2.1/../../../../arm-none-eabi/lib/thumb/v6-m/nofp/libc_nano.a(lib_a-strtod.o)
 .rodata._ctype_
                0x0000000008008e08      0x101 /usr/lib/gcc/arm-none-eabi/8.2018.q4/bin/../lib/gcc/arm-none-eabi/8.2.1/../../../../arm-none-eabi/lib/thumb/v6-m/nofp/libc_nano.a(lib_a-ctype_.o)
                0x0000000008008e08                _ctype_
 *fill*         0x0000000008008f09        0x3 
 .rodata._C_numeric_locale
                0x0000000008008f0c        0xc /usr/lib/gcc/arm-none-eabi/8.2018.q4/bin/../lib/gcc/arm-none-eabi/8.2.1/../../../../arm-none-eabi/lib/thumb/v6-m/nofp/libc_nano.a(lib_a-lnumeric.o)
                0x0000000008008f0c                _C_numeric_locale
 .rodata.str1.1
                0x0000000008008f18        0x2 /usr/lib/gcc/arm-none-eabi/8.2018.q4/bin/../lib/gcc/arm-none-eabi/8.2.1/../../../../arm-none-eabi/lib/thumb/v6-m/nofp/libc_nano.a(lib_a-lnumeric.o)
                                          0x3 (size before relaxing)
 .rodata._setlocale_r.str1.1
                0x0000000008008f1a        0x8 /usr/lib/gcc/arm-none-eabi/8.2018.q4/bin/../lib/gcc/arm-none-eabi/8.2.1/../../../../arm-none-eabi/lib/thumb/v6-m/nofp/libc_nano.a(lib_a-locale.o)
                                          0x9 (size before relaxing)
 .rodata.str1.1
                0x0000000008008f22        0x2 /usr/lib/gcc/arm-none-eabi/8.2018.q4/bin/../lib/gcc/arm-none-eabi/8.2.1/../../../../arm-none-eabi/lib/thumb/v6-m/nofp/libc_nano.a(lib_a-locale.o)
 *fill*         0x0000000008008f22        0x6 
 .rodata.__mprec_bigtens
                0x0000000008008f28       0x28 /usr/lib/gcc/arm-none-eabi/8.2018.q4/bin/../lib/gcc/arm-none-eabi/8.2.1/../../../../arm-none-eabi/lib/thumb/v6-m/nofp/libc_nano.a(lib_a-mprec.o)
                0x0000000008008f28                __mprec_bigtens
 .rodata.__mprec_tens
                0x0000000008008f50       0xc8 /usr/lib/gcc/arm-none-eabi/8.2018.q4/bin/../lib/gcc/arm-none-eabi/8.2.1/../../../../arm-none-eabi/lib/thumb/v6-m/nofp/libc_nano.a(lib_a-mprec.o)
                0x0000000008008f50                __mprec_tens
 .rodata.p05.6147
                0x0000000008009018        0xc /usr/lib/gcc/arm-none-eabi/8.2018.q4/bin/../lib/gcc/arm-none-eabi/8.2.1/../../../../arm-none-eabi/lib/thumb/v6-m/nofp/libc_nano.a(lib_a-mprec.o)
 .rodata._svfprintf_r.str1.1
                0x0000000008009024       0x11 /usr/lib/gcc/arm-none-eabi/8.2018.q4/bin/../lib/gcc/arm-none-eabi/8.2.1/../../../../arm-none-eabi/lib/thumb/v6-m/nofp/libc_nano.a(lib_a-nano-svfprintf.o)
 .rodata._printf_i.str1.1
                0x0000000008009035       0x22 /usr/lib/gcc/arm-none-eabi/8.2018.q4/bin/../lib/gcc/arm-none-eabi/8.2.1/../../../../arm-none-eabi/lib/thumb/v6-m/nofp/libc_nano.a(lib_a-nano-vfprintf_i.o)
                0x0000000008009058                . = ALIGN (0x4)
 *fill*         0x0000000008009057        0x1 

.rel.dyn        0x0000000008009058        0x0
 .rel.iplt      0x0000000008009058        0x0 /usr/lib/gcc/arm-none-eabi/8.2018.q4/bin/../lib/gcc/arm-none-eabi/8.2.1/thumb/v6-m/nofp/crtbegin.o

.ARM.extab
 *(.ARM.extab* .gnu.linkonce.armextab.*)

.ARM            0x0000000008009058        0x0
                0x0000000008009058                __exidx_start = .
 *(.ARM.exidx*)
                0x0000000008009058                __exidx_end = .

.preinit_array  0x0000000008009058        0x0
                0x0000000008009058                PROVIDE (__preinit_array_start = .)
 *(.preinit_array*)
                0x0000000008009058                PROVIDE (__preinit_array_end = .)

.init_array     0x0000000008009058        0x4
                0x0000000008009058                PROVIDE (__init_array_start = .)
 *(SORT_BY_NAME(.init_array.*))
 *(.init_array*)
 .init_array    0x0000000008009058        0x4 /usr/lib/gcc/arm-none-eabi/8.2018.q4/bin/../lib/gcc/arm-none-eabi/8.2.1/thumb/v6-m/nofp/crtbegin.o
                0x000000000800905c                PROVIDE (__init_array_end = .)

.fini_array     0x000000000800905c        0x4
                [!provide]                        PROVIDE (__fini_array_start = .)
 *(SORT_BY_NAME(.fini_array.*))
 *(.fini_array*)
 .fini_array    0x000000000800905c        0x4 /usr/lib/gcc/arm-none-eabi/8.2018.q4/bin/../lib/gcc/arm-none-eabi/8.2.1/thumb/v6-m/nofp/crtbegin.o
                [!provide]                        PROVIDE (__fini_array_end = .)
                0x0000000008009060                _sidata = LOADADDR (.data)

.data           0x0000000020000000      0x224 load address 0x0000000008009060
                0x0000000020000000                . = ALIGN (0x4)
                0x0000000020000000                _sdata = .
 *(.data)
 *(.data*)
 .data.cComandToGPS.6753
                0x0000000020000000       0x1e build/GPS.o
 *fill*         0x000000002000001e        0x2 
 .data.sConfigNMEA
                0x0000000020000020       0x24 build/GPS.o
                0x0000000020000020                sConfigNMEA
 .data.ui32MaskValidation
                0x0000000020000044        0x4 build/GPS.o
                0x0000000020000044                ui32MaskValidation
 .data.SystemCoreClock
                0x0000000020000048        0x4 build/system_stm32f0xx.o
                0x0000000020000048                SystemCoreClock
 .data.uxCriticalNesting
                0x000000002000004c        0x4 build/port.o
 .data._impure_ptr
                0x0000000020000050        0x4 /usr/lib/gcc/arm-none-eabi/8.2018.q4/bin/../lib/gcc/arm-none-eabi/8.2.1/../../../../arm-none-eabi/lib/thumb/v6-m/nofp/libc_nano.a(lib_a-impure.o)
                0x0000000020000050                _impure_ptr
 .data.impure_data
                0x0000000020000054       0x60 /usr/lib/gcc/arm-none-eabi/8.2018.q4/bin/../lib/gcc/arm-none-eabi/8.2.1/../../../../arm-none-eabi/lib/thumb/v6-m/nofp/libc_nano.a(lib_a-impure.o)
 .data.numempty
                0x00000000200000b4        0x2 /usr/lib/gcc/arm-none-eabi/8.2018.q4/bin/../lib/gcc/arm-none-eabi/8.2.1/../../../../arm-none-eabi/lib/thumb/v6-m/nofp/libc_nano.a(lib_a-lnumeric.o)
 *fill*         0x00000000200000b6        0x2 
 .data.__global_locale
                0x00000000200000b8      0x16c /usr/lib/gcc/arm-none-eabi/8.2018.q4/bin/../lib/gcc/arm-none-eabi/8.2.1/../../../../arm-none-eabi/lib/thumb/v6-m/nofp/libc_nano.a(lib_a-locale.o)
                0x00000000200000b8                __global_locale
                0x0000000020000224                . = ALIGN (0x4)
                0x0000000020000224                _edata = .

.igot.plt       0x0000000020000224        0x0 load address 0x0000000008009284
 .igot.plt      0x0000000020000224        0x0 /usr/lib/gcc/arm-none-eabi/8.2018.q4/bin/../lib/gcc/arm-none-eabi/8.2.1/thumb/v6-m/nofp/crtbegin.o
                0x0000000020000224                . = ALIGN (0x4)

.bss            0x0000000020000224     0x23e4 load address 0x0000000008009284
                0x0000000020000224                _sbss = .
                0x0000000020000224                __bss_start__ = _sbss
 *(.bss)
 .bss           0x0000000020000224       0x1c /usr/lib/gcc/arm-none-eabi/8.2018.q4/bin/../lib/gcc/arm-none-eabi/8.2.1/thumb/v6-m/nofp/crtbegin.o
 *(.bss*)
 .bss.pxCurrentTCB
                0x0000000020000240        0x4 build/tasks.o
                0x0000000020000240                pxCurrentTCB
 .bss.pxDelayedTaskList
                0x0000000020000244        0x4 build/tasks.o
 .bss.pxOverflowDelayedTaskList
                0x0000000020000248        0x4 build/tasks.o
 .bss.pxReadyTasksLists
                0x000000002000024c       0x8c build/tasks.o
 .bss.uxCurrentNumberOfTasks
                0x00000000200002d8        0x4 build/tasks.o
 .bss.uxDeletedTasksWaitingCleanUp
                0x00000000200002dc        0x4 build/tasks.o
 .bss.uxPendedTicks
                0x00000000200002e0        0x4 build/tasks.o
 .bss.uxSchedulerSuspended
                0x00000000200002e4        0x4 build/tasks.o
 .bss.uxTaskNumber
                0x00000000200002e8        0x4 build/tasks.o
 .bss.uxTopReadyPriority
                0x00000000200002ec        0x4 build/tasks.o
 .bss.xDelayedTaskList1
                0x00000000200002f0       0x14 build/tasks.o
 .bss.xDelayedTaskList2
                0x0000000020000304       0x14 build/tasks.o
 .bss.xIdleTaskHandle
                0x0000000020000318        0x4 build/tasks.o
 .bss.xNextTaskUnblockTime
                0x000000002000031c        0x4 build/tasks.o
 .bss.xNumOfOverflows
                0x0000000020000320        0x4 build/tasks.o
 .bss.xPendingReadyList
                0x0000000020000324       0x14 build/tasks.o
 .bss.xSchedulerRunning
                0x0000000020000338        0x4 build/tasks.o
 .bss.xSuspendedTaskList
                0x000000002000033c       0x14 build/tasks.o
 .bss.xTasksWaitingTermination
                0x0000000020000350       0x14 build/tasks.o
 .bss.xTickCount
                0x0000000020000364        0x4 build/tasks.o
 .bss.xYieldPending
                0x0000000020000368        0x4 build/tasks.o
 .bss.pxEnd     0x000000002000036c        0x4 build/heap_4.o
 .bss.ucHeap    0x0000000020000370     0x1ae0 build/heap_4.o
 .bss.xBlockAllocatedBit
                0x0000000020001e50        0x4 build/heap_4.o
 .bss.xFreeBytesRemaining
                0x0000000020001e54        0x4 build/heap_4.o
 .bss.xMinimumEverFreeBytesRemaining
                0x0000000020001e58        0x4 build/heap_4.o
 .bss.xStart    0x0000000020001e5c        0x8 build/heap_4.o
 .bss.__malloc_free_list
                0x0000000020001e64        0x4 /usr/lib/gcc/arm-none-eabi/8.2018.q4/bin/../lib/gcc/arm-none-eabi/8.2.1/../../../../arm-none-eabi/lib/thumb/v6-m/nofp/libc_nano.a(lib_a-nano-mallocr.o)
                0x0000000020001e64                __malloc_free_list
 .bss.__malloc_sbrk_start
                0x0000000020001e68        0x4 /usr/lib/gcc/arm-none-eabi/8.2018.q4/bin/../lib/gcc/arm-none-eabi/8.2.1/../../../../arm-none-eabi/lib/thumb/v6-m/nofp/libc_nano.a(lib_a-nano-mallocr.o)
                0x0000000020001e68                __malloc_sbrk_start
 .bss.heap_end.4194
                0x0000000020001e6c        0x4 /usr/lib/gcc/arm-none-eabi/8.2018.q4/bin/../lib/gcc/arm-none-eabi/8.2.1/../../../../arm-none-eabi/lib/thumb/v6-m/nofp/libnosys.a(sbrk.o)
 *(COMMON)
 COMMON         0x0000000020001e70      0x281 build/main.o
                0x0000000020001e70                Rx_data_gps1
                0x0000000020001e74                hdma_usart4_tx
                0x0000000020001eb8                CliTaskHandle
                0x0000000020001ebc                Rx_indx_CLI
                0x0000000020001ebd                Rx_data_CLI
                0x0000000020001ebe                Rx_indx_gps1
                0x0000000020001ec0                GreenLedTaskHandle
                0x0000000020001ec4                TargetLedTaskHandle
                0x0000000020001ec8                Rx_Buffer_gps1
                0x0000000020001f2c                huart6
                0x0000000020001f9c                YellowLedTaskHandle
                0x0000000020001fa0                huart4
                0x0000000020002010                Rx_Buffer_CLI
                0x0000000020002074                huart2
                0x00000000200020e4                GPSTaskHandle
                0x00000000200020e8                RedLedTaskHandle
                0x00000000200020ec                BlueLedTaskHandle
                0x00000000200020f0                tempData
 *fill*         0x00000000200020f1        0x3 
 COMMON         0x00000000200020f4      0x3c5 build/uartGPS.o
                0x00000000200020f4                UARTGPSPacketFlags
                0x00000000200020f8                UARTGPSData
                0x00000000200024b8                RxUARTGPSStates
 *fill*         0x00000000200024b9        0x3 
 COMMON         0x00000000200024bc       0xf8 build/GPS.o
                0x00000000200024bc                GPSDataProcess
                0x00000000200024c8                GPSTempData
                0x0000000020002508                GPSData
                0x0000000020002548                GPSValidationParameters
 COMMON         0x00000000200025b4       0x40 build/stm32f0xx_hal_timebase_tim.o
                0x00000000200025b4                htim1
 COMMON         0x00000000200025f4        0x4 build/stm32f0xx_hal.o
                0x00000000200025f4                uwTick
 COMMON         0x00000000200025f8        0x4 /usr/lib/gcc/arm-none-eabi/8.2018.q4/bin/../lib/gcc/arm-none-eabi/8.2.1/../../../../arm-none-eabi/lib/thumb/v6-m/nofp/libc_nano.a(lib_a-reent.o)
                0x00000000200025f8                errno
 COMMON         0x00000000200025fc        0x9 /usr/lib/gcc/arm-none-eabi/8.2018.q4/bin/../lib/gcc/arm-none-eabi/8.2.1/../../../../arm-none-eabi/lib/thumb/v6-m/nofp/libc_nano.a(lib_a-lock.o)
                0x00000000200025fc                __lock___atexit_recursive_mutex
                0x00000000200025fd                __lock___arc4random_mutex
                0x00000000200025fe                __lock___env_recursive_mutex
                0x00000000200025ff                __lock___sinit_recursive_mutex
                0x0000000020002600                __lock___malloc_recursive_mutex
                0x0000000020002601                __lock___at_quick_exit_mutex
                0x0000000020002602                __lock___dd_hash_mutex
                0x0000000020002603                __lock___tz_mutex
                0x0000000020002604                __lock___sfp_recursive_mutex
                0x0000000020002608                . = ALIGN (0x4)
 *fill*         0x0000000020002605        0x3 
                0x0000000020002608                _ebss = .
                0x0000000020002608                __bss_end__ = _ebss

._user_heap_stack
                0x0000000020002608      0x600 load address 0x0000000008009284
                0x0000000020002608                . = ALIGN (0x8)
                0x0000000020002608                PROVIDE (end = .)
                [!provide]                        PROVIDE (_end = .)
                0x0000000020002808                . = (. + _Min_Heap_Size)
 *fill*         0x0000000020002608      0x200 
                0x0000000020002c08                . = (. + _Min_Stack_Size)
 *fill*         0x0000000020002808      0x400 
                0x0000000020002c08                . = ALIGN (0x8)

/DISCARD/
 libc.a(*)
 libm.a(*)
 libgcc.a(*)

.ARM.attributes
                0x0000000000000000       0x28
 *(.ARM.attributes)
 .ARM.attributes
                0x0000000000000000       0x1e /usr/lib/gcc/arm-none-eabi/8.2018.q4/bin/../lib/gcc/arm-none-eabi/8.2.1/thumb/v6-m/nofp/crti.o
 .ARM.attributes
                0x000000000000001e       0x2c /usr/lib/gcc/arm-none-eabi/8.2018.q4/bin/../lib/gcc/arm-none-eabi/8.2.1/thumb/v6-m/nofp/crtbegin.o
 .ARM.attributes
                0x000000000000004a       0x2c build/main.o
 .ARM.attributes
                0x0000000000000076       0x2c build/interfaces.o
 .ARM.attributes
                0x00000000000000a2       0x2c build/uartGPS.o
 .ARM.attributes
                0x00000000000000ce       0x2c build/GPS.o
 .ARM.attributes
                0x00000000000000fa       0x2c build/MiscFunctions.o
 .ARM.attributes
                0x0000000000000126       0x2c build/stm32f0xx_it.o
 .ARM.attributes
                0x0000000000000152       0x2c build/stm32f0xx_hal_msp.o
 .ARM.attributes
                0x000000000000017e       0x2c build/stm32f0xx_hal_timebase_tim.o
 .ARM.attributes
                0x00000000000001aa       0x2c build/stm32f0xx_hal_tim.o
 .ARM.attributes
                0x00000000000001d6       0x2c build/stm32f0xx_hal_tim_ex.o
 .ARM.attributes
                0x0000000000000202       0x2c build/stm32f0xx_hal_uart.o
 .ARM.attributes
                0x000000000000022e       0x2c build/stm32f0xx_hal_uart_ex.o
 .ARM.attributes
                0x000000000000025a       0x2c build/stm32f0xx_hal_rcc.o
 .ARM.attributes
                0x0000000000000286       0x2c build/stm32f0xx_hal_rcc_ex.o
 .ARM.attributes
                0x00000000000002b2       0x2c build/stm32f0xx_hal.o
 .ARM.attributes
                0x00000000000002de       0x2c build/stm32f0xx_hal_gpio.o
 .ARM.attributes
                0x000000000000030a       0x2c build/stm32f0xx_hal_dma.o
 .ARM.attributes
                0x0000000000000336       0x2c build/stm32f0xx_hal_cortex.o
 .ARM.attributes
                0x0000000000000362       0x2c build/system_stm32f0xx.o
 .ARM.attributes
                0x000000000000038e       0x2c build/list.o
 .ARM.attributes
                0x00000000000003ba       0x2c build/tasks.o
 .ARM.attributes
                0x00000000000003e6       0x2c build/cmsis_os.o
 .ARM.attributes
                0x0000000000000412       0x2c build/heap_4.o
 .ARM.attributes
                0x000000000000043e       0x2c build/port.o
 .ARM.attributes
                0x000000000000046a       0x21 build/startup_stm32f091xc.o
 .ARM.attributes
                0x000000000000048b       0x2c /usr/lib/gcc/arm-none-eabi/8.2018.q4/bin/../lib/gcc/arm-none-eabi/8.2.1/../../../../arm-none-eabi/lib/thumb/v6-m/nofp/libc_nano.a(lib_a-atof.o)
 .ARM.attributes
                0x00000000000004b7       0x2c /usr/lib/gcc/arm-none-eabi/8.2018.q4/bin/../lib/gcc/arm-none-eabi/8.2.1/../../../../arm-none-eabi/lib/thumb/v6-m/nofp/libc_nano.a(lib_a-atoi.o)
 .ARM.attributes
                0x00000000000004e3       0x2c /usr/lib/gcc/arm-none-eabi/8.2018.q4/bin/../lib/gcc/arm-none-eabi/8.2.1/../../../../arm-none-eabi/lib/thumb/v6-m/nofp/libc_nano.a(lib_a-atol.o)
 .ARM.attributes
                0x000000000000050f       0x2c /usr/lib/gcc/arm-none-eabi/8.2018.q4/bin/../lib/gcc/arm-none-eabi/8.2.1/../../../../arm-none-eabi/lib/thumb/v6-m/nofp/libc_nano.a(lib_a-impure.o)
 .ARM.attributes
                0x000000000000053b       0x2c /usr/lib/gcc/arm-none-eabi/8.2018.q4/bin/../lib/gcc/arm-none-eabi/8.2.1/../../../../arm-none-eabi/lib/thumb/v6-m/nofp/libc_nano.a(lib_a-init.o)
 .ARM.attributes
                0x0000000000000567       0x2c /usr/lib/gcc/arm-none-eabi/8.2018.q4/bin/../lib/gcc/arm-none-eabi/8.2.1/../../../../arm-none-eabi/lib/thumb/v6-m/nofp/libc_nano.a(lib_a-memcpy-stub.o)
 .ARM.attributes
                0x0000000000000593       0x2c /usr/lib/gcc/arm-none-eabi/8.2018.q4/bin/../lib/gcc/arm-none-eabi/8.2.1/../../../../arm-none-eabi/lib/thumb/v6-m/nofp/libc_nano.a(lib_a-memset.o)
 .ARM.attributes
                0x00000000000005bf       0x2c /usr/lib/gcc/arm-none-eabi/8.2018.q4/bin/../lib/gcc/arm-none-eabi/8.2.1/../../../../arm-none-eabi/lib/thumb/v6-m/nofp/libc_nano.a(lib_a-sprintf.o)
 .ARM.attributes
                0x00000000000005eb       0x2c /usr/lib/gcc/arm-none-eabi/8.2018.q4/bin/../lib/gcc/arm-none-eabi/8.2.1/../../../../arm-none-eabi/lib/thumb/v6-m/nofp/libc_nano.a(lib_a-strstr.o)
 .ARM.attributes
                0x0000000000000617       0x2c /usr/lib/gcc/arm-none-eabi/8.2018.q4/bin/../lib/gcc/arm-none-eabi/8.2.1/../../../../arm-none-eabi/lib/thumb/v6-m/nofp/libc_nano.a(lib_a-strtod.o)
 .ARM.attributes
                0x0000000000000643       0x2c /usr/lib/gcc/arm-none-eabi/8.2018.q4/bin/../lib/gcc/arm-none-eabi/8.2.1/../../../../arm-none-eabi/lib/thumb/v6-m/nofp/libc_nano.a(lib_a-strtol.o)
 .ARM.attributes
                0x000000000000066f       0x2c /usr/lib/gcc/arm-none-eabi/8.2018.q4/bin/../lib/gcc/arm-none-eabi/8.2.1/../../../../arm-none-eabi/lib/thumb/v6-m/nofp/libc_nano.a(lib_a-ctype_.o)
 .ARM.attributes
                0x000000000000069b       0x2c /usr/lib/gcc/arm-none-eabi/8.2018.q4/bin/../lib/gcc/arm-none-eabi/8.2.1/../../../../arm-none-eabi/lib/thumb/v6-m/nofp/libc_nano.a(lib_a-gdtoa-gethex.o)
 .ARM.attributes
                0x00000000000006c7       0x2c /usr/lib/gcc/arm-none-eabi/8.2018.q4/bin/../lib/gcc/arm-none-eabi/8.2.1/../../../../arm-none-eabi/lib/thumb/v6-m/nofp/libc_nano.a(lib_a-gdtoa-hexnan.o)
 .ARM.attributes
                0x00000000000006f3       0x2c /usr/lib/gcc/arm-none-eabi/8.2018.q4/bin/../lib/gcc/arm-none-eabi/8.2.1/../../../../arm-none-eabi/lib/thumb/v6-m/nofp/libc_nano.a(lib_a-lnumeric.o)
 .ARM.attributes
                0x000000000000071f       0x2c /usr/lib/gcc/arm-none-eabi/8.2018.q4/bin/../lib/gcc/arm-none-eabi/8.2.1/../../../../arm-none-eabi/lib/thumb/v6-m/nofp/libc_nano.a(lib_a-locale.o)
 .ARM.attributes
                0x000000000000074b       0x2c /usr/lib/gcc/arm-none-eabi/8.2018.q4/bin/../lib/gcc/arm-none-eabi/8.2.1/../../../../arm-none-eabi/lib/thumb/v6-m/nofp/libc_nano.a(lib_a-mbtowc_r.o)
 .ARM.attributes
                0x0000000000000777       0x2c /usr/lib/gcc/arm-none-eabi/8.2018.q4/bin/../lib/gcc/arm-none-eabi/8.2.1/../../../../arm-none-eabi/lib/thumb/v6-m/nofp/libc_nano.a(lib_a-mprec.o)
 .ARM.attributes
                0x00000000000007a3       0x2c /usr/lib/gcc/arm-none-eabi/8.2018.q4/bin/../lib/gcc/arm-none-eabi/8.2.1/../../../../arm-none-eabi/lib/thumb/v6-m/nofp/libc_nano.a(lib_a-nano-callocr.o)
 .ARM.attributes
                0x00000000000007cf       0x2c /usr/lib/gcc/arm-none-eabi/8.2018.q4/bin/../lib/gcc/arm-none-eabi/8.2.1/../../../../arm-none-eabi/lib/thumb/v6-m/nofp/libc_nano.a(lib_a-nano-mallocr.o)
 .ARM.attributes
                0x00000000000007fb       0x2c /usr/lib/gcc/arm-none-eabi/8.2018.q4/bin/../lib/gcc/arm-none-eabi/8.2.1/../../../../arm-none-eabi/lib/thumb/v6-m/nofp/libc_nano.a(lib_a-nano-svfprintf.o)
 .ARM.attributes
                0x0000000000000827       0x2c /usr/lib/gcc/arm-none-eabi/8.2018.q4/bin/../lib/gcc/arm-none-eabi/8.2.1/../../../../arm-none-eabi/lib/thumb/v6-m/nofp/libc_nano.a(lib_a-nano-vfprintf_i.o)
 .ARM.attributes
                0x0000000000000853       0x2c /usr/lib/gcc/arm-none-eabi/8.2018.q4/bin/../lib/gcc/arm-none-eabi/8.2.1/../../../../arm-none-eabi/lib/thumb/v6-m/nofp/libc_nano.a(lib_a-s_nan.o)
 .ARM.attributes
                0x000000000000087f       0x2c /usr/lib/gcc/arm-none-eabi/8.2018.q4/bin/../lib/gcc/arm-none-eabi/8.2.1/../../../../arm-none-eabi/lib/thumb/v6-m/nofp/libc_nano.a(lib_a-sbrkr.o)
 .ARM.attributes
                0x00000000000008ab       0x1c /usr/lib/gcc/arm-none-eabi/8.2018.q4/bin/../lib/gcc/arm-none-eabi/8.2.1/../../../../arm-none-eabi/lib/thumb/v6-m/nofp/libc_nano.a(lib_a-strlen.o)
 .ARM.attributes
                0x00000000000008c7       0x2c /usr/lib/gcc/arm-none-eabi/8.2018.q4/bin/../lib/gcc/arm-none-eabi/8.2.1/../../../../arm-none-eabi/lib/thumb/v6-m/nofp/libc_nano.a(lib_a-strncmp.o)
 .ARM.attributes
                0x00000000000008f3       0x2c /usr/lib/gcc/arm-none-eabi/8.2018.q4/bin/../lib/gcc/arm-none-eabi/8.2.1/../../../../arm-none-eabi/lib/thumb/v6-m/nofp/libc_nano.a(lib_a-wctomb_r.o)
 .ARM.attributes
                0x000000000000091f       0x2c /usr/lib/gcc/arm-none-eabi/8.2018.q4/bin/../lib/gcc/arm-none-eabi/8.2.1/../../../../arm-none-eabi/lib/thumb/v6-m/nofp/libc_nano.a(lib_a-malloc.o)
 .ARM.attributes
                0x000000000000094b       0x2c /usr/lib/gcc/arm-none-eabi/8.2018.q4/bin/../lib/gcc/arm-none-eabi/8.2.1/../../../../arm-none-eabi/lib/thumb/v6-m/nofp/libc_nano.a(lib_a-memchr-stub.o)
 .ARM.attributes
                0x0000000000000977       0x2c /usr/lib/gcc/arm-none-eabi/8.2018.q4/bin/../lib/gcc/arm-none-eabi/8.2.1/../../../../arm-none-eabi/lib/thumb/v6-m/nofp/libc_nano.a(lib_a-memmove.o)
 .ARM.attributes
                0x00000000000009a3       0x2c /usr/lib/gcc/arm-none-eabi/8.2018.q4/bin/../lib/gcc/arm-none-eabi/8.2.1/../../../../arm-none-eabi/lib/thumb/v6-m/nofp/libc_nano.a(lib_a-mlock.o)
 .ARM.attributes
                0x00000000000009cf       0x2c /usr/lib/gcc/arm-none-eabi/8.2018.q4/bin/../lib/gcc/arm-none-eabi/8.2.1/../../../../arm-none-eabi/lib/thumb/v6-m/nofp/libc_nano.a(lib_a-nano-freer.o)
 .ARM.attributes
                0x00000000000009fb       0x2c /usr/lib/gcc/arm-none-eabi/8.2018.q4/bin/../lib/gcc/arm-none-eabi/8.2.1/../../../../arm-none-eabi/lib/thumb/v6-m/nofp/libc_nano.a(lib_a-nano-reallocr.o)
 .ARM.attributes
                0x0000000000000a27       0x2c /usr/lib/gcc/arm-none-eabi/8.2018.q4/bin/../lib/gcc/arm-none-eabi/8.2.1/../../../../arm-none-eabi/lib/thumb/v6-m/nofp/libc_nano.a(lib_a-reent.o)
 .ARM.attributes
                0x0000000000000a53       0x2c /usr/lib/gcc/arm-none-eabi/8.2018.q4/bin/../lib/gcc/arm-none-eabi/8.2.1/../../../../arm-none-eabi/lib/thumb/v6-m/nofp/libc_nano.a(lib_a-lock.o)
 .ARM.attributes
                0x0000000000000a7f       0x2c /usr/lib/gcc/arm-none-eabi/8.2018.q4/bin/../lib/gcc/arm-none-eabi/8.2.1/../../../../arm-none-eabi/lib/thumb/v6-m/nofp/libc_nano.a(lib_a-nano-msizer.o)
 .ARM.attributes
                0x0000000000000aab       0x2c /usr/lib/gcc/arm-none-eabi/8.2018.q4/bin/../lib/gcc/arm-none-eabi/8.2.1/../../../../arm-none-eabi/lib/thumb/v6-m/nofp/libnosys.a(sbrk.o)
 .ARM.attributes
                0x0000000000000ad7       0x1e /usr/lib/gcc/arm-none-eabi/8.2018.q4/bin/../lib/gcc/arm-none-eabi/8.2.1/thumb/v6-m/nofp/libgcc.a(_thumb1_case_uqi.o)
 .ARM.attributes
                0x0000000000000af5       0x1e /usr/lib/gcc/arm-none-eabi/8.2018.q4/bin/../lib/gcc/arm-none-eabi/8.2.1/thumb/v6-m/nofp/libgcc.a(_udivsi3.o)
 .ARM.attributes
                0x0000000000000b13       0x1e /usr/lib/gcc/arm-none-eabi/8.2018.q4/bin/../lib/gcc/arm-none-eabi/8.2.1/thumb/v6-m/nofp/libgcc.a(_divsi3.o)
 .ARM.attributes
                0x0000000000000b31       0x1e /usr/lib/gcc/arm-none-eabi/8.2018.q4/bin/../lib/gcc/arm-none-eabi/8.2.1/thumb/v6-m/nofp/libgcc.a(_dvmd_tls.o)
 .ARM.attributes
                0x0000000000000b4f       0x1e /usr/lib/gcc/arm-none-eabi/8.2018.q4/bin/../lib/gcc/arm-none-eabi/8.2.1/thumb/v6-m/nofp/libgcc.a(_arm_cmpdf2.o)
 .ARM.attributes
                0x0000000000000b6d       0x1e /usr/lib/gcc/arm-none-eabi/8.2018.q4/bin/../lib/gcc/arm-none-eabi/8.2.1/thumb/v6-m/nofp/libgcc.a(_arm_cmpsf2.o)
 .ARM.attributes
                0x0000000000000b8b       0x2c /usr/lib/gcc/arm-none-eabi/8.2018.q4/bin/../lib/gcc/arm-none-eabi/8.2.1/thumb/v6-m/nofp/libgcc.a(_fixunsdfsi.o)
 .ARM.attributes
                0x0000000000000bb7       0x2c /usr/lib/gcc/arm-none-eabi/8.2018.q4/bin/../lib/gcc/arm-none-eabi/8.2.1/thumb/v6-m/nofp/libgcc.a(_fixdfdi.o)
 .ARM.attributes
                0x0000000000000be3       0x2c /usr/lib/gcc/arm-none-eabi/8.2018.q4/bin/../lib/gcc/arm-none-eabi/8.2.1/thumb/v6-m/nofp/libgcc.a(_fixunsdfdi.o)
 .ARM.attributes
                0x0000000000000c0f       0x2c /usr/lib/gcc/arm-none-eabi/8.2018.q4/bin/../lib/gcc/arm-none-eabi/8.2.1/thumb/v6-m/nofp/libgcc.a(_floatdidf.o)
 .ARM.attributes
                0x0000000000000c3b       0x2c /usr/lib/gcc/arm-none-eabi/8.2018.q4/bin/../lib/gcc/arm-none-eabi/8.2.1/thumb/v6-m/nofp/libgcc.a(eqsf2.o)
 .ARM.attributes
                0x0000000000000c67       0x2c /usr/lib/gcc/arm-none-eabi/8.2018.q4/bin/../lib/gcc/arm-none-eabi/8.2.1/thumb/v6-m/nofp/libgcc.a(gesf2.o)
 .ARM.attributes
                0x0000000000000c93       0x2c /usr/lib/gcc/arm-none-eabi/8.2018.q4/bin/../lib/gcc/arm-none-eabi/8.2.1/thumb/v6-m/nofp/libgcc.a(lesf2.o)
 .ARM.attributes
                0x0000000000000cbf       0x2c /usr/lib/gcc/arm-none-eabi/8.2018.q4/bin/../lib/gcc/arm-none-eabi/8.2.1/thumb/v6-m/nofp/libgcc.a(adddf3.o)
 .ARM.attributes
                0x0000000000000ceb       0x2c /usr/lib/gcc/arm-none-eabi/8.2018.q4/bin/../lib/gcc/arm-none-eabi/8.2.1/thumb/v6-m/nofp/libgcc.a(divdf3.o)
 .ARM.attributes
                0x0000000000000d17       0x2c /usr/lib/gcc/arm-none-eabi/8.2018.q4/bin/../lib/gcc/arm-none-eabi/8.2.1/thumb/v6-m/nofp/libgcc.a(eqdf2.o)
 .ARM.attributes
                0x0000000000000d43       0x2c /usr/lib/gcc/arm-none-eabi/8.2018.q4/bin/../lib/gcc/arm-none-eabi/8.2.1/thumb/v6-m/nofp/libgcc.a(gedf2.o)
 .ARM.attributes
                0x0000000000000d6f       0x2c /usr/lib/gcc/arm-none-eabi/8.2018.q4/bin/../lib/gcc/arm-none-eabi/8.2.1/thumb/v6-m/nofp/libgcc.a(ledf2.o)
 .ARM.attributes
                0x0000000000000d9b       0x2c /usr/lib/gcc/arm-none-eabi/8.2018.q4/bin/../lib/gcc/arm-none-eabi/8.2.1/thumb/v6-m/nofp/libgcc.a(muldf3.o)
 .ARM.attributes
                0x0000000000000dc7       0x2c /usr/lib/gcc/arm-none-eabi/8.2018.q4/bin/../lib/gcc/arm-none-eabi/8.2.1/thumb/v6-m/nofp/libgcc.a(subdf3.o)
 .ARM.attributes
                0x0000000000000df3       0x2c /usr/lib/gcc/arm-none-eabi/8.2018.q4/bin/../lib/gcc/arm-none-eabi/8.2.1/thumb/v6-m/nofp/libgcc.a(fixdfsi.o)
 .ARM.attributes
                0x0000000000000e1f       0x2c /usr/lib/gcc/arm-none-eabi/8.2018.q4/bin/../lib/gcc/arm-none-eabi/8.2.1/thumb/v6-m/nofp/libgcc.a(floatsidf.o)
 .ARM.attributes
                0x0000000000000e4b       0x2c /usr/lib/gcc/arm-none-eabi/8.2018.q4/bin/../lib/gcc/arm-none-eabi/8.2.1/thumb/v6-m/nofp/libgcc.a(floatunsidf.o)
 .ARM.attributes
                0x0000000000000e77       0x2c /usr/lib/gcc/arm-none-eabi/8.2018.q4/bin/../lib/gcc/arm-none-eabi/8.2.1/thumb/v6-m/nofp/libgcc.a(extendsfdf2.o)
 .ARM.attributes
                0x0000000000000ea3       0x2c /usr/lib/gcc/arm-none-eabi/8.2018.q4/bin/../lib/gcc/arm-none-eabi/8.2.1/thumb/v6-m/nofp/libgcc.a(truncdfsf2.o)
 .ARM.attributes
                0x0000000000000ecf       0x1e /usr/lib/gcc/arm-none-eabi/8.2018.q4/bin/../lib/gcc/arm-none-eabi/8.2.1/thumb/v6-m/nofp/libgcc.a(_clzsi2.o)
 .ARM.attributes
                0x0000000000000eed       0x1e /usr/lib/gcc/arm-none-eabi/8.2018.q4/bin/../lib/gcc/arm-none-eabi/8.2.1/thumb/v6-m/nofp/crtn.o
OUTPUT(build/FreeRTOS.elf elf32-littlearm)

.debug_info     0x0000000000000000    0x27a75
 .debug_info    0x0000000000000000     0x2b78 build/main.o
 .debug_info    0x0000000000002b78     0x16f4 build/interfaces.o
 .debug_info    0x000000000000426c     0x110b build/uartGPS.o
 .debug_info    0x0000000000005377     0x2a0e build/GPS.o
 .debug_info    0x0000000000007d85       0xda build/MiscFunctions.o
 .debug_info    0x0000000000007e5f     0x1621 build/stm32f0xx_it.o
 .debug_info    0x0000000000009480     0x177a build/stm32f0xx_hal_msp.o
 .debug_info    0x000000000000abfa     0x1409 build/stm32f0xx_hal_timebase_tim.o
 .debug_info    0x000000000000c003     0x5238 build/stm32f0xx_hal_tim.o
 .debug_info    0x000000000001123b     0x2160 build/stm32f0xx_hal_tim_ex.o
 .debug_info    0x000000000001339b     0x2bcc build/stm32f0xx_hal_uart.o
 .debug_info    0x0000000000015f67     0x1536 build/stm32f0xx_hal_uart_ex.o
 .debug_info    0x000000000001749d     0x1462 build/stm32f0xx_hal_rcc.o
 .debug_info    0x00000000000188ff     0x1125 build/stm32f0xx_hal_rcc_ex.o
 .debug_info    0x0000000000019a24     0x10e7 build/stm32f0xx_hal.o
 .debug_info    0x000000000001ab0b     0x111d build/stm32f0xx_hal_gpio.o
 .debug_info    0x000000000001bc28     0x1385 build/stm32f0xx_hal_dma.o
 .debug_info    0x000000000001cfad     0x1306 build/stm32f0xx_hal_cortex.o
 .debug_info    0x000000000001e2b3      0xc2f build/system_stm32f0xx.o
 .debug_info    0x000000000001eee2      0xcfc build/list.o
 .debug_info    0x000000000001fbde     0x3382 build/tasks.o
 .debug_info    0x0000000000022f60     0x2fd0 build/cmsis_os.o
 .debug_info    0x0000000000025f30      0xe36 build/heap_4.o
 .debug_info    0x0000000000026d66      0xced build/port.o
 .debug_info    0x0000000000027a53       0x22 build/startup_stm32f091xc.o

.debug_abbrev   0x0000000000000000     0x5099
 .debug_abbrev  0x0000000000000000      0x44c build/main.o
 .debug_abbrev  0x000000000000044c      0x31a build/interfaces.o
 .debug_abbrev  0x0000000000000766      0x2dd build/uartGPS.o
 .debug_abbrev  0x0000000000000a43      0x4fc build/GPS.o
 .debug_abbrev  0x0000000000000f3f       0x7f build/MiscFunctions.o
 .debug_abbrev  0x0000000000000fbe      0x255 build/stm32f0xx_it.o
 .debug_abbrev  0x0000000000001213      0x285 build/stm32f0xx_hal_msp.o
 .debug_abbrev  0x0000000000001498      0x2c9 build/stm32f0xx_hal_timebase_tim.o
 .debug_abbrev  0x0000000000001761      0x47d build/stm32f0xx_hal_tim.o
 .debug_abbrev  0x0000000000001bde      0x414 build/stm32f0xx_hal_tim_ex.o
 .debug_abbrev  0x0000000000001ff2      0x488 build/stm32f0xx_hal_uart.o
 .debug_abbrev  0x000000000000247a      0x314 build/stm32f0xx_hal_uart_ex.o
 .debug_abbrev  0x000000000000278e      0x385 build/stm32f0xx_hal_rcc.o
 .debug_abbrev  0x0000000000002b13      0x335 build/stm32f0xx_hal_rcc_ex.o
 .debug_abbrev  0x0000000000002e48      0x33a build/stm32f0xx_hal.o
 .debug_abbrev  0x0000000000003182      0x32b build/stm32f0xx_hal_gpio.o
 .debug_abbrev  0x00000000000034ad      0x33e build/stm32f0xx_hal_dma.o
 .debug_abbrev  0x00000000000037eb      0x3b6 build/stm32f0xx_hal_cortex.o
 .debug_abbrev  0x0000000000003ba1      0x21a build/system_stm32f0xx.o
 .debug_abbrev  0x0000000000003dbb      0x23e build/list.o
 .debug_abbrev  0x0000000000003ff9      0x529 build/tasks.o
 .debug_abbrev  0x0000000000004522      0x522 build/cmsis_os.o
 .debug_abbrev  0x0000000000004a44      0x345 build/heap_4.o
 .debug_abbrev  0x0000000000004d89      0x2fe build/port.o
 .debug_abbrev  0x0000000000005087       0x12 build/startup_stm32f091xc.o

.debug_loc      0x0000000000000000    0x1445b
 .debug_loc     0x0000000000000000      0x2e7 build/main.o
 .debug_loc     0x00000000000002e7      0x276 build/interfaces.o
 .debug_loc     0x000000000000055d      0x136 build/uartGPS.o
 .debug_loc     0x0000000000000693     0x19b7 build/GPS.o
 .debug_loc     0x000000000000204a       0xa1 build/MiscFunctions.o
 .debug_loc     0x00000000000020eb       0xa0 build/stm32f0xx_it.o
 .debug_loc     0x000000000000218b      0x138 build/stm32f0xx_hal_msp.o
 .debug_loc     0x00000000000022c3       0xb4 build/stm32f0xx_hal_timebase_tim.o
 .debug_loc     0x0000000000002377     0x6ab3 build/stm32f0xx_hal_tim.o
 .debug_loc     0x0000000000008e2a     0x14a8 build/stm32f0xx_hal_tim_ex.o
 .debug_loc     0x000000000000a2d2     0x2438 build/stm32f0xx_hal_uart.o
 .debug_loc     0x000000000000c70a      0x59d build/stm32f0xx_hal_uart_ex.o
 .debug_loc     0x000000000000cca7      0x66e build/stm32f0xx_hal_rcc.o
 .debug_loc     0x000000000000d315      0x722 build/stm32f0xx_hal_rcc_ex.o
 .debug_loc     0x000000000000da37      0x118 build/stm32f0xx_hal.o
 .debug_loc     0x000000000000db4f      0x5d7 build/stm32f0xx_hal_gpio.o
 .debug_loc     0x000000000000e126      0xbbb build/stm32f0xx_hal_dma.o
 .debug_loc     0x000000000000ece1      0x47f build/stm32f0xx_hal_cortex.o
 .debug_loc     0x000000000000f160      0x13f build/system_stm32f0xx.o
 .debug_loc     0x000000000000f29f       0xdc build/list.o
 .debug_loc     0x000000000000f37b     0x2a77 build/tasks.o
 .debug_loc     0x0000000000011df2     0x20a0 build/cmsis_os.o
 .debug_loc     0x0000000000013e92      0x47b build/heap_4.o
 .debug_loc     0x000000000001430d      0x14e build/port.o

.debug_aranges  0x0000000000000000      0xec0
 .debug_aranges
                0x0000000000000000       0x70 build/main.o
 .debug_aranges
                0x0000000000000070       0x38 build/interfaces.o
 .debug_aranges
                0x00000000000000a8       0x30 build/uartGPS.o
 .debug_aranges
                0x00000000000000d8       0xe0 build/GPS.o
 .debug_aranges
                0x00000000000001b8       0x20 build/MiscFunctions.o
 .debug_aranges
                0x00000000000001d8       0x50 build/stm32f0xx_it.o
 .debug_aranges
                0x0000000000000228       0x30 build/stm32f0xx_hal_msp.o
 .debug_aranges
                0x0000000000000258       0x30 build/stm32f0xx_hal_timebase_tim.o
 .debug_aranges
                0x0000000000000288      0x258 build/stm32f0xx_hal_tim.o
 .debug_aranges
                0x00000000000004e0       0xf0 build/stm32f0xx_hal_tim_ex.o
 .debug_aranges
                0x00000000000005d0      0x180 build/stm32f0xx_hal_uart.o
 .debug_aranges
                0x0000000000000750       0x58 build/stm32f0xx_hal_uart_ex.o
 .debug_aranges
                0x00000000000007a8       0x80 build/stm32f0xx_hal_rcc.o
 .debug_aranges
                0x0000000000000828       0x68 build/stm32f0xx_hal_rcc_ex.o
 .debug_aranges
                0x0000000000000890       0xb0 build/stm32f0xx_hal.o
 .debug_aranges
                0x0000000000000940       0x58 build/stm32f0xx_hal_gpio.o
 .debug_aranges
                0x0000000000000998       0x78 build/stm32f0xx_hal_dma.o
 .debug_aranges
                0x0000000000000a10       0x78 build/stm32f0xx_hal_cortex.o
 .debug_aranges
                0x0000000000000a88       0x28 build/system_stm32f0xx.o
 .debug_aranges
                0x0000000000000ab0       0x40 build/list.o
 .debug_aranges
                0x0000000000000af0      0x150 build/tasks.o
 .debug_aranges
                0x0000000000000c40      0x190 build/cmsis_os.o
 .debug_aranges
                0x0000000000000dd0       0x40 build/heap_4.o
 .debug_aranges
                0x0000000000000e10       0x88 build/port.o
 .debug_aranges
                0x0000000000000e98       0x28 build/startup_stm32f091xc.o

.debug_ranges   0x0000000000000000     0x2530
 .debug_ranges  0x0000000000000000      0x148 build/main.o
 .debug_ranges  0x0000000000000148       0x28 build/interfaces.o
 .debug_ranges  0x0000000000000170       0x38 build/uartGPS.o
 .debug_ranges  0x00000000000001a8      0x400 build/GPS.o
 .debug_ranges  0x00000000000005a8       0x10 build/MiscFunctions.o
 .debug_ranges  0x00000000000005b8       0x40 build/stm32f0xx_it.o
 .debug_ranges  0x00000000000005f8      0x140 build/stm32f0xx_hal_msp.o
 .debug_ranges  0x0000000000000738       0x40 build/stm32f0xx_hal_timebase_tim.o
 .debug_ranges  0x0000000000000778      0x7b8 build/stm32f0xx_hal_tim.o
 .debug_ranges  0x0000000000000f30      0x198 build/stm32f0xx_hal_tim_ex.o
 .debug_ranges  0x00000000000010c8      0x338 build/stm32f0xx_hal_uart.o
 .debug_ranges  0x0000000000001400       0x48 build/stm32f0xx_hal_uart_ex.o
 .debug_ranges  0x0000000000001448       0xc8 build/stm32f0xx_hal_rcc.o
 .debug_ranges  0x0000000000001510       0xa0 build/stm32f0xx_hal_rcc_ex.o
 .debug_ranges  0x00000000000015b0       0xa0 build/stm32f0xx_hal.o
 .debug_ranges  0x0000000000001650       0x88 build/stm32f0xx_hal_gpio.o
 .debug_ranges  0x00000000000016d8       0xf8 build/stm32f0xx_hal_dma.o
 .debug_ranges  0x00000000000017d0      0x150 build/stm32f0xx_hal_cortex.o
 .debug_ranges  0x0000000000001920       0x18 build/system_stm32f0xx.o
 .debug_ranges  0x0000000000001938       0x30 build/list.o
 .debug_ranges  0x0000000000001968      0x518 build/tasks.o
 .debug_ranges  0x0000000000001e80      0x5a0 build/cmsis_os.o
 .debug_ranges  0x0000000000002420       0x78 build/heap_4.o
 .debug_ranges  0x0000000000002498       0x78 build/port.o
 .debug_ranges  0x0000000000002510       0x20 build/startup_stm32f091xc.o

.debug_line     0x0000000000000000    0x13766
 .debug_line    0x0000000000000000      0x8c8 build/main.o
 .debug_line    0x00000000000008c8      0x572 build/interfaces.o
 .debug_line    0x0000000000000e3a      0x326 build/uartGPS.o
 .debug_line    0x0000000000001160     0x1e6b build/GPS.o
 .debug_line    0x0000000000002fcb       0x7e build/MiscFunctions.o
 .debug_line    0x0000000000003049      0x308 build/stm32f0xx_it.o
 .debug_line    0x0000000000003351      0x49f build/stm32f0xx_hal_msp.o
 .debug_line    0x00000000000037f0      0x316 build/stm32f0xx_hal_timebase_tim.o
 .debug_line    0x0000000000003b06     0x3fc7 build/stm32f0xx_hal_tim.o
 .debug_line    0x0000000000007acd      0xfef build/stm32f0xx_hal_tim_ex.o
 .debug_line    0x0000000000008abc     0x2272 build/stm32f0xx_hal_uart.o
 .debug_line    0x000000000000ad2e      0x638 build/stm32f0xx_hal_uart_ex.o
 .debug_line    0x000000000000b366      0xd6c build/stm32f0xx_hal_rcc.o
 .debug_line    0x000000000000c0d2      0xa4b build/stm32f0xx_hal_rcc_ex.o
 .debug_line    0x000000000000cb1d      0x4ef build/stm32f0xx_hal.o
 .debug_line    0x000000000000d00c      0x676 build/stm32f0xx_hal_gpio.o
 .debug_line    0x000000000000d682      0xb79 build/stm32f0xx_hal_dma.o
 .debug_line    0x000000000000e1fb      0x566 build/stm32f0xx_hal_cortex.o
 .debug_line    0x000000000000e761      0x2cc build/system_stm32f0xx.o
 .debug_line    0x000000000000ea2d      0x440 build/list.o
 .debug_line    0x000000000000ee6d     0x2755 build/tasks.o
 .debug_line    0x00000000000115c2     0x15c2 build/cmsis_os.o
 .debug_line    0x0000000000012b84      0x6b5 build/heap_4.o
 .debug_line    0x0000000000013239      0x4b5 build/port.o
 .debug_line    0x00000000000136ee       0x78 build/startup_stm32f091xc.o

.debug_str      0x0000000000000000     0x5d3a
 .debug_str     0x0000000000000000     0x1887 build/main.o
                                       0x198c (size before relaxing)
 .debug_str     0x0000000000001887       0xcc build/interfaces.o
                                        0xd57 (size before relaxing)
 .debug_str     0x0000000000001953       0x3a build/uartGPS.o
                                        0x9a5 (size before relaxing)
 .debug_str     0x000000000000198d      0x6a3 build/GPS.o
                                       0x1053 (size before relaxing)
 .debug_str     0x0000000000002030       0x4c build/MiscFunctions.o
                                        0x1c3 (size before relaxing)
 .debug_str     0x000000000000207c      0x104 build/stm32f0xx_it.o
                                        0xd53 (size before relaxing)
 .debug_str     0x0000000000002180       0x88 build/stm32f0xx_hal_msp.o
                                        0xdc9 (size before relaxing)
 .debug_str     0x0000000000002208       0xf0 build/stm32f0xx_hal_timebase_tim.o
                                        0xd13 (size before relaxing)
 .debug_str     0x00000000000022f8      0xd4b build/stm32f0xx_hal_tim.o
                                       0x179e (size before relaxing)
 .debug_str     0x0000000000003043      0x50a build/stm32f0xx_hal_tim_ex.o
                                       0x10ca (size before relaxing)
 .debug_str     0x000000000000354d      0x5c2 build/stm32f0xx_hal_uart.o
                                       0x118b (size before relaxing)
 .debug_str     0x0000000000003b0f      0x174 build/stm32f0xx_hal_uart_ex.o
                                        0xc76 (size before relaxing)
 .debug_str     0x0000000000003c83      0x17c build/stm32f0xx_hal_rcc.o
                                        0x9f7 (size before relaxing)
 .debug_str     0x0000000000003dff      0x26f build/stm32f0xx_hal_rcc_ex.o
                                        0x9fe (size before relaxing)
 .debug_str     0x000000000000406e      0x183 build/stm32f0xx_hal.o
                                        0xa42 (size before relaxing)
 .debug_str     0x00000000000041f1       0xed build/stm32f0xx_hal_gpio.o
                                        0x828 (size before relaxing)
 .debug_str     0x00000000000042de      0x1db build/stm32f0xx_hal_dma.o
                                        0xa32 (size before relaxing)
 .debug_str     0x00000000000044b9      0x1a7 build/stm32f0xx_hal_cortex.o
                                        0xa4a (size before relaxing)
 .debug_str     0x0000000000004660       0x57 build/system_stm32f0xx.o
                                        0x639 (size before relaxing)
 .debug_str     0x00000000000046b7      0x163 build/list.o
                                        0x707 (size before relaxing)
 .debug_str     0x000000000000481a      0xa8d build/tasks.o
                                       0x1184 (size before relaxing)
 .debug_str     0x00000000000052a7      0x7c4 build/cmsis_os.o
                                       0x11ab (size before relaxing)
 .debug_str     0x0000000000005a6b      0x1de build/heap_4.o
                                        0x7bf (size before relaxing)
 .debug_str     0x0000000000005c49       0xcc build/port.o
                                        0x776 (size before relaxing)
 .debug_str     0x0000000000005d15       0x25 build/startup_stm32f091xc.o
                                         0x43 (size before relaxing)

.comment        0x0000000000000000       0x75
 .comment       0x0000000000000000       0x75 build/main.o